Archive member included to satisfy reference by file (symbol)

c:/st/stm32cubeide_1.0.1/stm32cubeide/plugins/com.st.stm32cube.ide.mcu.externaltools.gnu-tools-for-stm32.10.3-2021.10.win32_1.0.0.202111181127/tools/bin/../lib/gcc/arm-none-eabi/10.3.1/../../../../arm-none-eabi/lib/thumb/v7e-m+fp/hard\libc_nano.a(lib_a-errno.o)
                              ./Core/Src/syscalls.o (__errno)
c:/st/stm32cubeide_1.0.1/stm32cubeide/plugins/com.st.stm32cube.ide.mcu.externaltools.gnu-tools-for-stm32.10.3-2021.10.win32_1.0.0.202111181127/tools/bin/../lib/gcc/arm-none-eabi/10.3.1/../../../../arm-none-eabi/lib/thumb/v7e-m+fp/hard\libc_nano.a(lib_a-exit.o)
                              c:/st/stm32cubeide_1.0.1/stm32cubeide/plugins/com.st.stm32cube.ide.mcu.externaltools.gnu-tools-for-stm32.10.3-2021.10.win32_1.0.0.202111181127/tools/bin/../lib/gcc/arm-none-eabi/10.3.1/../../../../arm-none-eabi/lib/thumb/v7e-m+fp/hard/crt0.o (exit)
c:/st/stm32cubeide_1.0.1/stm32cubeide/plugins/com.st.stm32cube.ide.mcu.externaltools.gnu-tools-for-stm32.10.3-2021.10.win32_1.0.0.202111181127/tools/bin/../lib/gcc/arm-none-eabi/10.3.1/../../../../arm-none-eabi/lib/thumb/v7e-m+fp/hard\libc_nano.a(lib_a-impure.o)
                              c:/st/stm32cubeide_1.0.1/stm32cubeide/plugins/com.st.stm32cube.ide.mcu.externaltools.gnu-tools-for-stm32.10.3-2021.10.win32_1.0.0.202111181127/tools/bin/../lib/gcc/arm-none-eabi/10.3.1/../../../../arm-none-eabi/lib/thumb/v7e-m+fp/hard\libc_nano.a(lib_a-exit.o) (_global_impure_ptr)
c:/st/stm32cubeide_1.0.1/stm32cubeide/plugins/com.st.stm32cube.ide.mcu.externaltools.gnu-tools-for-stm32.10.3-2021.10.win32_1.0.0.202111181127/tools/bin/../lib/gcc/arm-none-eabi/10.3.1/../../../../arm-none-eabi/lib/thumb/v7e-m+fp/hard\libc_nano.a(lib_a-init.o)
                              c:/st/stm32cubeide_1.0.1/stm32cubeide/plugins/com.st.stm32cube.ide.mcu.externaltools.gnu-tools-for-stm32.10.3-2021.10.win32_1.0.0.202111181127/tools/bin/../lib/gcc/arm-none-eabi/10.3.1/../../../../arm-none-eabi/lib/thumb/v7e-m+fp/hard/crt0.o (__libc_init_array)
c:/st/stm32cubeide_1.0.1/stm32cubeide/plugins/com.st.stm32cube.ide.mcu.externaltools.gnu-tools-for-stm32.10.3-2021.10.win32_1.0.0.202111181127/tools/bin/../lib/gcc/arm-none-eabi/10.3.1/../../../../arm-none-eabi/lib/thumb/v7e-m+fp/hard\libc_nano.a(lib_a-memset.o)
                              c:/st/stm32cubeide_1.0.1/stm32cubeide/plugins/com.st.stm32cube.ide.mcu.externaltools.gnu-tools-for-stm32.10.3-2021.10.win32_1.0.0.202111181127/tools/bin/../lib/gcc/arm-none-eabi/10.3.1/../../../../arm-none-eabi/lib/thumb/v7e-m+fp/hard/crt0.o (memset)
c:/st/stm32cubeide_1.0.1/stm32cubeide/plugins/com.st.stm32cube.ide.mcu.externaltools.gnu-tools-for-stm32.10.3-2021.10.win32_1.0.0.202111181127/tools/bin/../lib/gcc/arm-none-eabi/10.3.1/../../../../arm-none-eabi/lib/thumb/v7e-m+fp/hard\libc_nano.a(lib_a-strncpy.o)
                              ./Core/Src/ESP01.o (strncpy)

Discarded input sections

 .text          0x0000000000000000        0x0 c:/st/stm32cubeide_1.0.1/stm32cubeide/plugins/com.st.stm32cube.ide.mcu.externaltools.gnu-tools-for-stm32.10.3-2021.10.win32_1.0.0.202111181127/tools/bin/../lib/gcc/arm-none-eabi/10.3.1/thumb/v7e-m+fp/hard/crti.o
 .data          0x0000000000000000        0x0 c:/st/stm32cubeide_1.0.1/stm32cubeide/plugins/com.st.stm32cube.ide.mcu.externaltools.gnu-tools-for-stm32.10.3-2021.10.win32_1.0.0.202111181127/tools/bin/../lib/gcc/arm-none-eabi/10.3.1/thumb/v7e-m+fp/hard/crti.o
 .bss           0x0000000000000000        0x0 c:/st/stm32cubeide_1.0.1/stm32cubeide/plugins/com.st.stm32cube.ide.mcu.externaltools.gnu-tools-for-stm32.10.3-2021.10.win32_1.0.0.202111181127/tools/bin/../lib/gcc/arm-none-eabi/10.3.1/thumb/v7e-m+fp/hard/crti.o
 .data          0x0000000000000000        0x4 c:/st/stm32cubeide_1.0.1/stm32cubeide/plugins/com.st.stm32cube.ide.mcu.externaltools.gnu-tools-for-stm32.10.3-2021.10.win32_1.0.0.202111181127/tools/bin/../lib/gcc/arm-none-eabi/10.3.1/thumb/v7e-m+fp/hard/crtbegin.o
 .rodata        0x0000000000000000       0x24 c:/st/stm32cubeide_1.0.1/stm32cubeide/plugins/com.st.stm32cube.ide.mcu.externaltools.gnu-tools-for-stm32.10.3-2021.10.win32_1.0.0.202111181127/tools/bin/../lib/gcc/arm-none-eabi/10.3.1/thumb/v7e-m+fp/hard/crtbegin.o
 .text          0x0000000000000000       0x7c c:/st/stm32cubeide_1.0.1/stm32cubeide/plugins/com.st.stm32cube.ide.mcu.externaltools.gnu-tools-for-stm32.10.3-2021.10.win32_1.0.0.202111181127/tools/bin/../lib/gcc/arm-none-eabi/10.3.1/../../../../arm-none-eabi/lib/thumb/v7e-m+fp/hard/crt0.o
 .data          0x0000000000000000        0x0 c:/st/stm32cubeide_1.0.1/stm32cubeide/plugins/com.st.stm32cube.ide.mcu.externaltools.gnu-tools-for-stm32.10.3-2021.10.win32_1.0.0.202111181127/tools/bin/../lib/gcc/arm-none-eabi/10.3.1/../../../../arm-none-eabi/lib/thumb/v7e-m+fp/hard/crt0.o
[...]
Memory Configuration

Name             Origin             Length             Attributes
CCMRAM           0x0000000010000000 0x0000000000004000 xrw
RAM              0x0000000020000000 0x0000000000010000 xrw
FLASH            0x0000000008000000 0x0000000000080000 xr
*default*        0x0000000000000000 0xffffffffffffffff

Linker script and memory map

LOAD c:/st/stm32cubeide_1.0.1/stm32cubeide/plugins/com.st.stm32cube.ide.mcu.externaltools.gnu-tools-for-stm32.10.3-2021.10.win32_1.0.0.202111181127/tools/bin/../lib/gcc/arm-none-eabi/10.3.1/thumb/v7e-m+fp/hard/crti.o
LOAD c:/st/stm32cubeide_1.0.1/stm32cubeide/plugins/com.st.stm32cube.ide.mcu.externaltools.gnu-tools-for-stm32.10.3-2021.10.win32_1.0.0.202111181127/tools/bin/../lib/gcc/arm-none-eabi/10.3.1/thumb/v7e-m+fp/hard/crtbegin.o
LOAD c:/st/stm32cubeide_1.0.1/stm32cubeide/plugins/com.st.stm32cube.ide.mcu.externaltools.gnu-tools-for-stm32.10.3-2021.10.win32_1.0.0.202111181127/tools/bin/../lib/gcc/arm-none-eabi/10.3.1/../../../../arm-none-eabi/lib/thumb/v7e-m+fp/hard/crt0.o
LOAD ./Core/Src/ESP01.o
LOAD ./Core/Src/main.o
LOAD ./Core/Src/stm32f3xx_hal_msp.o
LOAD ./Core/Src/stm32f3xx_it.o
LOAD ./Core/Src/syscalls.o
LOAD ./Core/Src/sysmem.o
LOAD ./Core/Src/system_stm32f3xx.o
LOAD ./Core/Startup/startup_stm32f303retx.o
LOAD ./Drivers/STM32F3xx_HAL_Driver/Src/stm32f3xx_hal.o
LOAD ./Drivers/STM32F3xx_HAL_Driver/Src/stm32f3xx_hal_adc.o
LOAD ./Drivers/STM32F3xx_HAL_Driver/Src/stm32f3xx_hal_adc_ex.o
LOAD ./Drivers/STM32F3xx_HAL_Driver/Src/stm32f3xx_hal_cortex.o
LOAD ./Drivers/STM32F3xx_HAL_Driver/Src/stm32f3xx_hal_dma.o
LOAD ./Drivers/STM32F3xx_HAL_Driver/Src/stm32f3xx_hal_exti.o
LOAD ./Drivers/STM32F3xx_HAL_Driver/Src/stm32f3xx_hal_flash.o
LOAD ./Drivers/STM32F3xx_HAL_Driver/Src/stm32f3xx_hal_flash_ex.o
LOAD ./Drivers/STM32F3xx_HAL_Driver/Src/stm32f3xx_hal_gpio.o
LOAD ./Drivers/STM32F3xx_HAL_Driver/Src/stm32f3xx_hal_i2c.o
LOAD ./Drivers/STM32F3xx_HAL_Driver/Src/stm32f3xx_hal_i2c_ex.o
LOAD ./Drivers/STM32F3xx_HAL_Driver/Src/stm32f3xx_hal_pwr.o
LOAD ./Drivers/STM32F3xx_HAL_Driver/Src/stm32f3xx_hal_pwr_ex.o
LOAD ./Drivers/STM32F3xx_HAL_Driver/Src/stm32f3xx_hal_rcc.o
LOAD ./Drivers/STM32F3xx_HAL_Driver/Src/stm32f3xx_hal_rcc_ex.o
LOAD ./Drivers/STM32F3xx_HAL_Driver/Src/stm32f3xx_hal_tim.o
LOAD ./Drivers/STM32F3xx_HAL_Driver/Src/stm32f3xx_hal_tim_ex.o
LOAD ./Drivers/STM32F3xx_HAL_Driver/Src/stm32f3xx_hal_uart.o
LOAD ./Drivers/STM32F3xx_HAL_Driver/Src/stm32f3xx_hal_uart_ex.o
START GROUP
LOAD c:/st/stm32cubeide_1.0.1/stm32cubeide/plugins/com.st.stm32cube.ide.mcu.externaltools.gnu-tools-for-stm32.10.3-2021.10.win32_1.0.0.202111181127/tools/bin/../lib/gcc/arm-none-eabi/10.3.1/../../../../arm-none-eabi/lib/thumb/v7e-m+fp/hard\libc_nano.a
LOAD c:/st/stm32cubeide_1.0.1/stm32cubeide/plugins/com.st.stm32cube.ide.mcu.externaltools.gnu-tools-for-stm32.10.3-2021.10.win32_1.0.0.202111181127/tools/bin/../lib/gcc/arm-none-eabi/10.3.1/../../../../arm-none-eabi/lib/thumb/v7e-m+fp/hard\libm.a
END GROUP
START GROUP
LOAD c:/st/stm32cubeide_1.0.1/stm32cubeide/plugins/com.st.stm32cube.ide.mcu.externaltools.gnu-tools-for-stm32.10.3-2021.10.win32_1.0.0.202111181127/tools/bin/../lib/gcc/arm-none-eabi/10.3.1/thumb/v7e-m+fp/hard\libgcc.a
LOAD c:/st/stm32cubeide_1.0.1/stm32cubeide/plugins/com.st.stm32cube.ide.mcu.externaltools.gnu-tools-for-stm32.10.3-2021.10.win32_1.0.0.202111181127/tools/bin/../lib/gcc/arm-none-eabi/10.3.1/../../../../arm-none-eabi/lib/thumb/v7e-m+fp/hard\libc_nano.a
END GROUP
START GROUP
LOAD c:/st/stm32cubeide_1.0.1/stm32cubeide/plugins/com.st.stm32cube.ide.mcu.externaltools.gnu-tools-for-stm32.10.3-2021.10.win32_1.0.0.202111181127/tools/bin/../lib/gcc/arm-none-eabi/10.3.1/thumb/v7e-m+fp/hard\libgcc.a
LOAD c:/st/stm32cubeide_1.0.1/stm32cubeide/plugins/com.st.stm32cube.ide.mcu.externaltools.gnu-tools-for-stm32.10.3-2021.10.win32_1.0.0.202111181127/tools/bin/../lib/gcc/arm-none-eabi/10.3.1/../../../../arm-none-eabi/lib/thumb/v7e-m+fp/hard\libc_nano.a
LOAD c:/st/stm32cubeide_1.0.1/stm32cubeide/plugins/com.st.stm32cube.ide.mcu.externaltools.gnu-tools-for-stm32.10.3-2021.10.win32_1.0.0.202111181127/tools/bin/../lib/gcc/arm-none-eabi/10.3.1/../../../../arm-none-eabi/lib/thumb/v7e-m+fp/hard\libnosys.a
END GROUP
START GROUP
LOAD c:/st/stm32cubeide_1.0.1/stm32cubeide/plugins/com.st.stm32cube.ide.mcu.externaltools.gnu-tools-for-stm32.10.3-2021.10.win32_1.0.0.202111181127/tools/bin/../lib/gcc/arm-none-eabi/10.3.1/thumb/v7e-m+fp/hard\libgcc.a
LOAD c:/st/stm32cubeide_1.0.1/stm32cubeide/plugins/com.st.stm32cube.ide.mcu.externaltools.gnu-tools-for-stm32.10.3-2021.10.win32_1.0.0.202111181127/tools/bin/../lib/gcc/arm-none-eabi/10.3.1/../../../../arm-none-eabi/lib/thumb/v7e-m+fp/hard\libc_nano.a
LOAD c:/st/stm32cubeide_1.0.1/stm32cubeide/plugins/com.st.stm32cube.ide.mcu.externaltools.gnu-tools-for-stm32.10.3-2021.10.win32_1.0.0.202111181127/tools/bin/../lib/gcc/arm-none-eabi/10.3.1/../../../../arm-none-eabi/lib/thumb/v7e-m+fp/hard\libnosys.a
END GROUP
LOAD c:/st/stm32cubeide_1.0.1/stm32cubeide/plugins/com.st.stm32cube.ide.mcu.externaltools.gnu-tools-for-stm32.10.3-2021.10.win32_1.0.0.202111181127/tools/bin/../lib/gcc/arm-none-eabi/10.3.1/thumb/v7e-m+fp/hard/crtend.o
LOAD c:/st/stm32cubeide_1.0.1/stm32cubeide/plugins/com.st.stm32cube.ide.mcu.externaltools.gnu-tools-for-stm32.10.3-2021.10.win32_1.0.0.202111181127/tools/bin/../lib/gcc/arm-none-eabi/10.3.1/thumb/v7e-m+fp/hard/crtn.o
                0x0000000020010000                _estack = (ORIGIN (RAM) + LENGTH (RAM))
                0x0000000000000200                _Min_Heap_Size = 0x200
                0x0000000000000400                _Min_Stack_Size = 0x400

.isr_vector     0x0000000008000000      0x194
                0x0000000008000000                . = ALIGN (0x4)
 *(.isr_vector)
 .isr_vector    0x0000000008000000      0x194 ./Core/Startup/startup_stm32f303retx.o
                0x0000000008000000                g_pfnVectors
                0x0000000008000194                . = ALIGN (0x4)

.text           0x0000000008000194     0xa110
                0x0000000008000194                . = ALIGN (0x4)
 *(.text)
 .text          0x0000000008000194       0x40 c:/st/stm32cubeide_1.0.1/stm32cubeide/plugins/com.st.stm32cube.ide.mcu.externaltools.gnu-tools-for-stm32.10.3-2021.10.win32_1.0.0.202111181127/tools/bin/../lib/gcc/arm-none-eabi/10.3.1/thumb/v7e-m+fp/hard/crtbegin.o
 *(.text*)
 .text.ESP01Init
                0x00000000080001d4       0x2c ./Core/Src/ESP01.o
                0x00000000080001d4                ESP01Init
 .text.ESP01SetWIFI
                0x0000000008000200       0x44 ./Core/Src/ESP01.o
                0x0000000008000200                ESP01SetWIFI
 .text.ESP01ConnectUDP
                0x0000000008000244      0x23c ./Core/Src/ESP01.o
                0x0000000008000244                ESP01ConnectUDP
 .text.ESP01SetRxByte
                0x0000000008000480       0x44 ./Core/Src/ESP01.o
                0x0000000008000480                ESP01SetRxByte
 .text.ESP01HasByteToTx
                0x00000000080004c4       0x38 ./Core/Src/ESP01.o
                0x00000000080004c4                ESP01HasByteToTx
 .text.ESP01GetTxByte
                0x00000000080004fc       0x60 ./Core/Src/ESP01.o
                0x00000000080004fc                ESP01GetTxByte
 .text.ESP01SendUDPData
                0x000000000800055c      0x188 ./Core/Src/ESP01.o
                0x000000000800055c                ESP01SendUDPData
 .text.ESP01Task
                0x00000000080006e4       0x44 ./Core/Src/ESP01.o
                0x00000000080006e4                ESP01Task
 .text.ESP01AttachOnWIFIConnected
                0x0000000008000728       0x20 ./Core/Src/ESP01.o
                0x0000000008000728                ESP01AttachOnWIFIConnected
 .text.ESP01AttachOnWIFIDisconnected
                0x0000000008000748       0x20 ./Core/Src/ESP01.o
                0x0000000008000748                ESP01AttachOnWIFIDisconnected
 .text.ESP01AttachOnUDPReady
                0x0000000008000768       0x20 ./Core/Src/ESP01.o
                0x0000000008000768                ESP01AttachOnUDPReady
 .text.ESP01GetLastSTATE
                0x0000000008000788       0x18 ./Core/Src/ESP01.o
                0x0000000008000788                ESP01GetLastSTATE
 .text.ESP01PutAT
                0x00000000080007a0       0x5c ./Core/Src/ESP01.o
 .text.ESP01PutByteOnTx
                0x00000000080007fc       0x44 ./Core/Src/ESP01.o
 .text.ESP01DoWifi
                0x0000000008000840      0x314 ./Core/Src/ESP01.o
 .text.CmpResponse
                0x0000000008000b54       0x5c ./Core/Src/ESP01.o
 .text.ESP01DecodeAT
                0x0000000008000bb0      0x730 ./Core/Src/ESP01.o
 .text.HAL_ADC_ConvCpltCallback
                0x00000000080012e0      0x194 ./Core/Src/main.o
                0x00000000080012e0                HAL_ADC_ConvCpltCallback
 .text.HAL_TIM_PeriodElapsedCallback
                0x0000000008001474      0x120 ./Core/Src/main.o
                0x0000000008001474                HAL_TIM_PeriodElapsedCallback
 .text.HAL_UART_RxCpltCallback
                0x0000000008001594      0x128 ./Core/Src/main.o
                0x0000000008001594                HAL_UART_RxCpltCallback
 .text.DecodeHeader
                0x00000000080016bc      0x1f8 ./Core/Src/main.o
                0x00000000080016bc                DecodeHeader
 .text.PutBufOnTx
                0x00000000080018b4       0x70 ./Core/Src/main.o
                0x00000000080018b4                PutBufOnTx
 .text.PutByteOnTx
                0x0000000008001924       0x50 ./Core/Src/main.o
                0x0000000008001924                PutByteOnTx
 .text.PutHeaderOnTx
                0x0000000008001974      0x15a ./Core/Src/main.o
                0x0000000008001974                PutHeaderOnTx
 .text.PutStrOntx
                0x0000000008001ace       0x70 ./Core/Src/main.o
                0x0000000008001ace                PutStrOntx
 .text.GetByteFromRx
                0x0000000008001b3e       0x70 ./Core/Src/main.o
                0x0000000008001b3e                GetByteFromRx
 *fill*         0x0000000008001bae        0x2 
 .text.DecodeCmd
                0x0000000008001bb0      0x7fc ./Core/Src/main.o
                0x0000000008001bb0                DecodeCmd
 .text.Do100ms  0x00000000080023ac      0x118 ./Core/Src/main.o
                0x00000000080023ac                Do100ms
 .text.ESP01ChEN
                0x00000000080024c4       0x24 ./Core/Src/main.o
                0x00000000080024c4                ESP01ChEN
 .text.ESP01DatagramReady
                0x00000000080024e8       0x4c ./Core/Src/main.o
                0x00000000080024e8                ESP01DatagramReady
 .text.ESP01WIFIConnected
                0x0000000008002534       0x18 ./Core/Src/main.o
                0x0000000008002534                ESP01WIFIConnected
 .text.ESP01WIFIDisconnected
                0x000000000800254c       0x18 ./Core/Src/main.o
                0x000000000800254c                ESP01WIFIDisconnected
 .text.ESP01UDPReady
                0x0000000008002564       0x18 ./Core/Src/main.o
                0x0000000008002564                ESP01UDPReady
 .text.main     0x000000000800257c      0x5c0 ./Core/Src/main.o
                0x000000000800257c                main
 .text.SystemClock_Config
                0x0000000008002b3c       0xd8 ./Core/Src/main.o
                0x0000000008002b3c                SystemClock_Config
 .text.MX_ADC1_Init
                0x0000000008002c14      0x13c ./Core/Src/main.o
 .text.MX_ADC2_Init
                0x0000000008002d50      0x104 ./Core/Src/main.o
 .text.MX_ADC3_Init
                0x0000000008002e54       0xe0 ./Core/Src/main.o
 .text.MX_TIM1_Init
                0x0000000008002f34       0xa8 ./Core/Src/main.o
 .text.MX_TIM3_Init
                0x0000000008002fdc       0xf8 ./Core/Src/main.o
 .text.MX_USART2_UART_Init
                0x00000000080030d4       0x60 ./Core/Src/main.o
 .text.MX_USART3_UART_Init
                0x0000000008003134       0x60 ./Core/Src/main.o
 .text.MX_DMA_Init
                0x0000000008003194       0x3c ./Core/Src/main.o
 .text.MX_GPIO_Init
                0x00000000080031d0      0x11c ./Core/Src/main.o
 .text.Error_Handler
                0x00000000080032ec        0xa ./Core/Src/main.o
                0x00000000080032ec                Error_Handler
 *fill*         0x00000000080032f6        0x2 
 .text.HAL_MspInit
                0x00000000080032f8       0x48 ./Core/Src/stm32f3xx_hal_msp.o
                0x00000000080032f8                HAL_MspInit
 .text.HAL_ADC_MspInit
                0x0000000008003340      0x224 ./Core/Src/stm32f3xx_hal_msp.o
                0x0000000008003340                HAL_ADC_MspInit
 .text.HAL_TIM_Base_MspInit
                0x0000000008003564       0x4c ./Core/Src/stm32f3xx_hal_msp.o
                0x0000000008003564                HAL_TIM_Base_MspInit
 .text.HAL_TIM_PWM_MspInit
                0x00000000080035b0       0x40 ./Core/Src/stm32f3xx_hal_msp.o
                0x00000000080035b0                HAL_TIM_PWM_MspInit
 .text.HAL_TIM_MspPostInit
                0x00000000080035f0       0x70 ./Core/Src/stm32f3xx_hal_msp.o
                0x00000000080035f0                HAL_TIM_MspPostInit
 .text.HAL_UART_MspInit
                0x0000000008003660      0x10c ./Core/Src/stm32f3xx_hal_msp.o
                0x0000000008003660                HAL_UART_MspInit
 .text.NMI_Handler
                0x000000000800376c        0x6 ./Core/Src/stm32f3xx_it.o
                0x000000000800376c                NMI_Handler
 .text.HardFault_Handler
                0x0000000008003772        0x6 ./Core/Src/stm32f3xx_it.o
                0x0000000008003772                HardFault_Handler
 .text.MemManage_Handler
                0x0000000008003778        0x6 ./Core/Src/stm32f3xx_it.o
                0x0000000008003778                MemManage_Handler
 .text.BusFault_Handler
                0x000000000800377e        0x6 ./Core/Src/stm32f3xx_it.o
                0x000000000800377e                BusFault_Handler
 .text.UsageFault_Handler
                0x0000000008003784        0x6 ./Core/Src/stm32f3xx_it.o
                0x0000000008003784                UsageFault_Handler
 .text.SVC_Handler
                0x000000000800378a        0xe ./Core/Src/stm32f3xx_it.o
                0x000000000800378a                SVC_Handler
 .text.DebugMon_Handler
                0x0000000008003798        0xe ./Core/Src/stm32f3xx_it.o
                0x0000000008003798                DebugMon_Handler
 .text.PendSV_Handler
                0x00000000080037a6        0xe ./Core/Src/stm32f3xx_it.o
                0x00000000080037a6                PendSV_Handler
 .text.SysTick_Handler
                0x00000000080037b4        0xc ./Core/Src/stm32f3xx_it.o
                0x00000000080037b4                SysTick_Handler
 .text.DMA1_Channel1_IRQHandler
                0x00000000080037c0       0x14 ./Core/Src/stm32f3xx_it.o
                0x00000000080037c0                DMA1_Channel1_IRQHandler
 .text.TIM1_UP_TIM16_IRQHandler
                0x00000000080037d4       0x14 ./Core/Src/stm32f3xx_it.o
                0x00000000080037d4                TIM1_UP_TIM16_IRQHandler
 .text.USART2_IRQHandler
                0x00000000080037e8       0x14 ./Core/Src/stm32f3xx_it.o
                0x00000000080037e8                USART2_IRQHandler
 .text.USART3_IRQHandler
                0x00000000080037fc       0x14 ./Core/Src/stm32f3xx_it.o
                0x00000000080037fc                USART3_IRQHandler
 .text.ADC3_IRQHandler
                0x0000000008003810       0x14 ./Core/Src/stm32f3xx_it.o
                0x0000000008003810                ADC3_IRQHandler
 .text.SystemInit
                0x0000000008003824       0x24 ./Core/Src/system_stm32f3xx.o
                0x0000000008003824                SystemInit
 .text.Reset_Handler
                0x0000000008003848       0x50 ./Core/Startup/startup_stm32f303retx.o
                0x0000000008003848                Reset_Handler
 .text.Default_Handler
                0x0000000008003898        0x2 ./Core/Startup/startup_stm32f303retx.o
                0x0000000008003898                RTC_Alarm_IRQHandler
                0x0000000008003898                TIM8_TRG_COM_IRQHandler
                0x0000000008003898                TIM8_CC_IRQHandler
                0x0000000008003898                SPI4_IRQHandler
                0x0000000008003898                TIM1_CC_IRQHandler
                0x0000000008003898                USB_HP_IRQHandler
                0x0000000008003898                PVD_IRQHandler
                0x0000000008003898                TAMP_STAMP_IRQHandler
                0x0000000008003898                EXTI3_IRQHandler
                0x0000000008003898                I2C3_ER_IRQHandler
                0x0000000008003898                USB_HP_CAN_TX_IRQHandler
                0x0000000008003898                EXTI0_IRQHandler
                0x0000000008003898                I2C2_EV_IRQHandler
                0x0000000008003898                FPU_IRQHandler
                0x0000000008003898                ADC1_2_IRQHandler
                0x0000000008003898                SPI1_IRQHandler
                0x0000000008003898                CAN_SCE_IRQHandler
                0x0000000008003898                TIM6_DAC_IRQHandler
                0x0000000008003898                TIM8_UP_IRQHandler
                0x0000000008003898                DMA2_Channel2_IRQHandler
                0x0000000008003898                DMA1_Channel4_IRQHandler
                0x0000000008003898                TIM20_TRG_COM_IRQHandler
                0x0000000008003898                DMA1_Channel7_IRQHandler
                0x0000000008003898                UART5_IRQHandler
                0x0000000008003898                TIM4_IRQHandler
                0x0000000008003898                CAN_RX1_IRQHandler
                0x0000000008003898                DMA2_Channel1_IRQHandler
                0x0000000008003898                I2C1_EV_IRQHandler
                0x0000000008003898                DMA1_Channel6_IRQHandler
                0x0000000008003898                UART4_IRQHandler
                0x0000000008003898                DMA2_Channel4_IRQHandler
                0x0000000008003898                TIM3_IRQHandler
                0x0000000008003898                RCC_IRQHandler
                0x0000000008003898                TIM20_UP_IRQHandler
                0x0000000008003898                Default_Handler
                0x0000000008003898                USBWakeUp_RMP_IRQHandler
                0x0000000008003898                EXTI15_10_IRQHandler
                0x0000000008003898                TIM7_IRQHandler
                0x0000000008003898                I2C3_EV_IRQHandler
                0x0000000008003898                EXTI9_5_IRQHandler
                0x0000000008003898                RTC_WKUP_IRQHandler
                0x0000000008003898                SPI2_IRQHandler
                0x0000000008003898                USB_LP_CAN_RX0_IRQHandler
                0x0000000008003898                DMA2_Channel5_IRQHandler
                0x0000000008003898                DMA1_Channel5_IRQHandler
                0x0000000008003898                USB_LP_IRQHandler
                0x0000000008003898                EXTI4_IRQHandler
                0x0000000008003898                TIM1_TRG_COM_TIM17_IRQHandler
                0x0000000008003898                DMA1_Channel3_IRQHandler
                0x0000000008003898                ADC4_IRQHandler
                0x0000000008003898                WWDG_IRQHandler
                0x0000000008003898                TIM2_IRQHandler
                0x0000000008003898                COMP7_IRQHandler
                0x0000000008003898                COMP1_2_3_IRQHandler
                0x0000000008003898                EXTI1_IRQHandler
                0x0000000008003898                COMP4_5_6_IRQHandler
                0x0000000008003898                TIM20_BRK_IRQHandler
                0x0000000008003898                I2C2_ER_IRQHandler
                0x0000000008003898                DMA1_Channel2_IRQHandler
                0x0000000008003898                TIM8_BRK_IRQHandler
                0x0000000008003898                FLASH_IRQHandler
                0x0000000008003898                TIM20_CC_IRQHandler
                0x0000000008003898                USART1_IRQHandler
                0x0000000008003898                SPI3_IRQHandler
                0x0000000008003898                I2C1_ER_IRQHandler
                0x0000000008003898                FMC_IRQHandler
                0x0000000008003898                USBWakeUp_IRQHandler
                0x0000000008003898                DMA2_Channel3_IRQHandler
                0x0000000008003898                EXTI2_TSC_IRQHandler
                0x0000000008003898                TIM1_BRK_TIM15_IRQHandler
 *fill*         0x000000000800389a        0x2 
 .text.HAL_Init
                0x000000000800389c       0x2c ./Drivers/STM32F3xx_HAL_Driver/Src/stm32f3xx_hal.o
                0x000000000800389c                HAL_Init
 .text.HAL_InitTick
                0x00000000080038c8       0x60 ./Drivers/STM32F3xx_HAL_Driver/Src/stm32f3xx_hal.o
                0x00000000080038c8                HAL_InitTick
 .text.HAL_IncTick
                0x0000000008003928       0x28 ./Drivers/STM32F3xx_HAL_Driver/Src/stm32f3xx_hal.o
                0x0000000008003928                HAL_IncTick
 .text.HAL_GetTick
                0x0000000008003950       0x18 ./Drivers/STM32F3xx_HAL_Driver/Src/stm32f3xx_hal.o
                0x0000000008003950                HAL_GetTick
 .text.HAL_ADC_ConvHalfCpltCallback
                0x0000000008003968       0x14 ./Drivers/STM32F3xx_HAL_Driver/Src/stm32f3xx_hal_adc.o
                0x0000000008003968                HAL_ADC_ConvHalfCpltCallback
 .text.HAL_ADC_LevelOutOfWindowCallback
                0x000000000800397c       0x14 ./Drivers/STM32F3xx_HAL_Driver/Src/stm32f3xx_hal_adc.o
                0x000000000800397c                HAL_ADC_LevelOutOfWindowCallback
 .text.HAL_ADC_ErrorCallback
                0x0000000008003990       0x14 ./Drivers/STM32F3xx_HAL_Driver/Src/stm32f3xx_hal_adc.o
                0x0000000008003990                HAL_ADC_ErrorCallback
 .text.HAL_ADC_Init
                0x00000000080039a4      0x3f4 ./Drivers/STM32F3xx_HAL_Driver/Src/stm32f3xx_hal_adc_ex.o
                0x00000000080039a4                HAL_ADC_Init
 .text.HAL_ADC_Start
                0x0000000008003d98      0x22c ./Drivers/STM32F3xx_HAL_Driver/Src/stm32f3xx_hal_adc_ex.o
                0x0000000008003d98                HAL_ADC_Start
 .text.HAL_ADC_Start_IT
                0x0000000008003fc4      0x280 ./Drivers/STM32F3xx_HAL_Driver/Src/stm32f3xx_hal_adc_ex.o
                0x0000000008003fc4                HAL_ADC_Start_IT
 .text.HAL_ADC_GetValue
                0x0000000008004244       0x1a ./Drivers/STM32F3xx_HAL_Driver/Src/stm32f3xx_hal_adc_ex.o
                0x0000000008004244                HAL_ADC_GetValue
 *fill*         0x000000000800425e        0x2 
 .text.HAL_ADC_IRQHandler
                0x0000000008004260      0x620 ./Drivers/STM32F3xx_HAL_Driver/Src/stm32f3xx_hal_adc_ex.o
                0x0000000008004260                HAL_ADC_IRQHandler
 .text.HAL_ADCEx_MultiModeStart_DMA
                0x0000000008004880      0x1a0 ./Drivers/STM32F3xx_HAL_Driver/Src/stm32f3xx_hal_adc_ex.o
                0x0000000008004880                HAL_ADCEx_MultiModeStart_DMA
 .text.HAL_ADCEx_InjectedConvCpltCallback
                0x0000000008004a20       0x14 ./Drivers/STM32F3xx_HAL_Driver/Src/stm32f3xx_hal_adc_ex.o
                0x0000000008004a20                HAL_ADCEx_InjectedConvCpltCallback
 .text.HAL_ADCEx_InjectedQueueOverflowCallback
                0x0000000008004a34       0x14 ./Drivers/STM32F3xx_HAL_Driver/Src/stm32f3xx_hal_adc_ex.o
                0x0000000008004a34                HAL_ADCEx_InjectedQueueOverflowCallback
 .text.HAL_ADCEx_LevelOutOfWindow2Callback
                0x0000000008004a48       0x14 ./Drivers/STM32F3xx_HAL_Driver/Src/stm32f3xx_hal_adc_ex.o
                0x0000000008004a48                HAL_ADCEx_LevelOutOfWindow2Callback
 .text.HAL_ADCEx_LevelOutOfWindow3Callback
                0x0000000008004a5c       0x14 ./Drivers/STM32F3xx_HAL_Driver/Src/stm32f3xx_hal_adc_ex.o
                0x0000000008004a5c                HAL_ADCEx_LevelOutOfWindow3Callback
 .text.HAL_ADC_ConfigChannel
                0x0000000008004a70      0x5d8 ./Drivers/STM32F3xx_HAL_Driver/Src/stm32f3xx_hal_adc_ex.o
                0x0000000008004a70                HAL_ADC_ConfigChannel
 .text.HAL_ADCEx_MultiModeConfigChannel
                0x0000000008005048      0x1e4 ./Drivers/STM32F3xx_HAL_Driver/Src/stm32f3xx_hal_adc_ex.o
                0x0000000008005048                HAL_ADCEx_MultiModeConfigChannel
 .text.ADC_DMAConvCplt
                0x000000000800522c       0x7a ./Drivers/STM32F3xx_HAL_Driver/Src/stm32f3xx_hal_adc_ex.o
 .text.ADC_DMAHalfConvCplt
                0x00000000080052a6       0x1c ./Drivers/STM32F3xx_HAL_Driver/Src/stm32f3xx_hal_adc_ex.o
 .text.ADC_DMAError
                0x00000000080052c2       0x34 ./Drivers/STM32F3xx_HAL_Driver/Src/stm32f3xx_hal_adc_ex.o
 *fill*         0x00000000080052f6        0x2 
 .text.ADC_Enable
                0x00000000080052f8       0xc8 ./Drivers/STM32F3xx_HAL_Driver/Src/stm32f3xx_hal_adc_ex.o
 .text.ADC_Disable
                0x00000000080053c0       0xcc ./Drivers/STM32F3xx_HAL_Driver/Src/stm32f3xx_hal_adc_ex.o
 .text.__NVIC_SetPriorityGrouping
                0x000000000800548c       0x48 ./Drivers/STM32F3xx_HAL_Driver/Src/stm32f3xx_hal_cortex.o
 .text.__NVIC_GetPriorityGrouping
                0x00000000080054d4       0x1c ./Drivers/STM32F3xx_HAL_Driver/Src/stm32f3xx_hal_cortex.o
 .text.__NVIC_EnableIRQ
                0x00000000080054f0       0x3c ./Drivers/STM32F3xx_HAL_Driver/Src/stm32f3xx_hal_cortex.o
 .text.__NVIC_SetPriority
                0x000000000800552c       0x54 ./Drivers/STM32F3xx_HAL_Driver/Src/stm32f3xx_hal_cortex.o
 .text.NVIC_EncodePriority
                0x0000000008005580       0x66 ./Drivers/STM32F3xx_HAL_Driver/Src/stm32f3xx_hal_cortex.o
 *fill*         0x00000000080055e6        0x2 
 .text.SysTick_Config
                0x00000000080055e8       0x44 ./Drivers/STM32F3xx_HAL_Driver/Src/stm32f3xx_hal_cortex.o
 .text.HAL_NVIC_SetPriorityGrouping
                0x000000000800562c       0x16 ./Drivers/STM32F3xx_HAL_Driver/Src/stm32f3xx_hal_cortex.o
                0x000000000800562c                HAL_NVIC_SetPriorityGrouping
 .text.HAL_NVIC_SetPriority
                0x0000000008005642       0x38 ./Drivers/STM32F3xx_HAL_Driver/Src/stm32f3xx_hal_cortex.o
                0x0000000008005642                HAL_NVIC_SetPriority
 .text.HAL_NVIC_EnableIRQ
                0x000000000800567a       0x1c ./Drivers/STM32F3xx_HAL_Driver/Src/stm32f3xx_hal_cortex.o
                0x000000000800567a                HAL_NVIC_EnableIRQ
 .text.HAL_SYSTICK_Config
                0x0000000008005696       0x18 ./Drivers/STM32F3xx_HAL_Driver/Src/stm32f3xx_hal_cortex.o
                0x0000000008005696                HAL_SYSTICK_Config
 .text.HAL_DMA_Init
                0x00000000080056ae       0x8e ./Drivers/STM32F3xx_HAL_Driver/Src/stm32f3xx_hal_dma.o
                0x00000000080056ae                HAL_DMA_Init
 .text.HAL_DMA_Start_IT
                0x000000000800573c       0xbe ./Drivers/STM32F3xx_HAL_Driver/Src/stm32f3xx_hal_dma.o
                0x000000000800573c                HAL_DMA_Start_IT
 .text.HAL_DMA_Abort
                0x00000000080057fa       0x72 ./Drivers/STM32F3xx_HAL_Driver/Src/stm32f3xx_hal_dma.o
                0x00000000080057fa                HAL_DMA_Abort
 .text.HAL_DMA_Abort_IT
                0x000000000800586c       0x7c ./Drivers/STM32F3xx_HAL_Driver/Src/stm32f3xx_hal_dma.o
                0x000000000800586c                HAL_DMA_Abort_IT
 .text.HAL_DMA_IRQHandler
                0x00000000080058e8      0x146 ./Drivers/STM32F3xx_HAL_Driver/Src/stm32f3xx_hal_dma.o
                0x00000000080058e8                HAL_DMA_IRQHandler
 .text.DMA_SetConfig
                0x0000000008005a2e       0x5c ./Drivers/STM32F3xx_HAL_Driver/Src/stm32f3xx_hal_dma.o
 *fill*         0x0000000008005a8a        0x2 
 .text.DMA_CalcBaseAndBitshift
                0x0000000008005a8c       0x78 ./Drivers/STM32F3xx_HAL_Driver/Src/stm32f3xx_hal_dma.o
 .text.HAL_GPIO_Init
                0x0000000008005b04      0x314 ./Drivers/STM32F3xx_HAL_Driver/Src/stm32f3xx_hal_gpio.o
                0x0000000008005b04                HAL_GPIO_Init
 .text.HAL_GPIO_WritePin
                0x0000000008005e18       0x30 ./Drivers/STM32F3xx_HAL_Driver/Src/stm32f3xx_hal_gpio.o
                0x0000000008005e18                HAL_GPIO_WritePin
 .text.HAL_RCC_OscConfig
                0x0000000008005e48     0x10a8 ./Drivers/STM32F3xx_HAL_Driver/Src/stm32f3xx_hal_rcc.o
                0x0000000008005e48                HAL_RCC_OscConfig
 .text.HAL_RCC_ClockConfig
                0x0000000008006ef0      0x2f8 ./Drivers/STM32F3xx_HAL_Driver/Src/stm32f3xx_hal_rcc.o
                0x0000000008006ef0                HAL_RCC_ClockConfig
 .text.HAL_RCC_GetSysClockFreq
                0x00000000080071e8       0xd4 ./Drivers/STM32F3xx_HAL_Driver/Src/stm32f3xx_hal_rcc.o
                0x00000000080071e8                HAL_RCC_GetSysClockFreq
 .text.HAL_RCC_GetHCLKFreq
                0x00000000080072bc       0x18 ./Drivers/STM32F3xx_HAL_Driver/Src/stm32f3xx_hal_rcc.o
                0x00000000080072bc                HAL_RCC_GetHCLKFreq
 .text.HAL_RCC_GetPCLK1Freq
                0x00000000080072d4       0x44 ./Drivers/STM32F3xx_HAL_Driver/Src/stm32f3xx_hal_rcc.o
                0x00000000080072d4                HAL_RCC_GetPCLK1Freq
 .text.HAL_RCC_GetPCLK2Freq
                0x0000000008007318       0x44 ./Drivers/STM32F3xx_HAL_Driver/Src/stm32f3xx_hal_rcc.o
                0x0000000008007318                HAL_RCC_GetPCLK2Freq
 .text.HAL_RCCEx_PeriphCLKConfig
                0x000000000800735c      0x43c ./Drivers/STM32F3xx_HAL_Driver/Src/stm32f3xx_hal_rcc_ex.o
                0x000000000800735c                HAL_RCCEx_PeriphCLKConfig
 .text.HAL_TIM_Base_Init
                0x0000000008007798       0xae ./Drivers/STM32F3xx_HAL_Driver/Src/stm32f3xx_hal_tim.o
                0x0000000008007798                HAL_TIM_Base_Init
 *fill*         0x0000000008007846        0x2 
 .text.HAL_TIM_Base_Start
                0x0000000008007848       0xd0 ./Drivers/STM32F3xx_HAL_Driver/Src/stm32f3xx_hal_tim.o
                0x0000000008007848                HAL_TIM_Base_Start
 .text.HAL_TIM_Base_Start_IT
                0x0000000008007918       0xe0 ./Drivers/STM32F3xx_HAL_Driver/Src/stm32f3xx_hal_tim.o
                0x0000000008007918                HAL_TIM_Base_Start_IT
 .text.HAL_TIM_PWM_Init
                0x00000000080079f8       0xae ./Drivers/STM32F3xx_HAL_Driver/Src/stm32f3xx_hal_tim.o
                0x00000000080079f8                HAL_TIM_PWM_Init
 *fill*         0x0000000008007aa6        0x2 
 .text.HAL_TIM_PWM_Start
                0x0000000008007aa8      0x218 ./Drivers/STM32F3xx_HAL_Driver/Src/stm32f3xx_hal_tim.o
                0x0000000008007aa8                HAL_TIM_PWM_Start
 .text.HAL_TIM_PWM_Stop
                0x0000000008007cc0      0x138 ./Drivers/STM32F3xx_HAL_Driver/Src/stm32f3xx_hal_tim.o
                0x0000000008007cc0                HAL_TIM_PWM_Stop
 .text.HAL_TIM_IRQHandler
                0x0000000008007df8      0x23e ./Drivers/STM32F3xx_HAL_Driver/Src/stm32f3xx_hal_tim.o
                0x0000000008007df8                HAL_TIM_IRQHandler
 *fill*         0x0000000008008036        0x2 
 .text.HAL_TIM_PWM_ConfigChannel
                0x0000000008008038      0x228 ./Drivers/STM32F3xx_HAL_Driver/Src/stm32f3xx_hal_tim.o
                0x0000000008008038                HAL_TIM_PWM_ConfigChannel
 .text.HAL_TIM_ConfigClockSource
                0x0000000008008260      0x192 ./Drivers/STM32F3xx_HAL_Driver/Src/stm32f3xx_hal_tim.o
                0x0000000008008260                HAL_TIM_ConfigClockSource
 .text.HAL_TIM_OC_DelayElapsedCallback
                0x00000000080083f2       0x14 ./Drivers/STM32F3xx_HAL_Driver/Src/stm32f3xx_hal_tim.o
                0x00000000080083f2                HAL_TIM_OC_DelayElapsedCallback
 .text.HAL_TIM_IC_CaptureCallback
                0x0000000008008406       0x14 ./Drivers/STM32F3xx_HAL_Driver/Src/stm32f3xx_hal_tim.o
                0x0000000008008406                HAL_TIM_IC_CaptureCallback
 .text.HAL_TIM_PWM_PulseFinishedCallback
                0x000000000800841a       0x14 ./Drivers/STM32F3xx_HAL_Driver/Src/stm32f3xx_hal_tim.o
                0x000000000800841a                HAL_TIM_PWM_PulseFinishedCallback
 .text.HAL_TIM_TriggerCallback
                0x000000000800842e       0x14 ./Drivers/STM32F3xx_HAL_Driver/Src/stm32f3xx_hal_tim.o
                0x000000000800842e                HAL_TIM_TriggerCallback
 *fill*         0x0000000008008442        0x2 
 .text.TIM_Base_SetConfig
                0x0000000008008444      0x13c ./Drivers/STM32F3xx_HAL_Driver/Src/stm32f3xx_hal_tim.o
                0x0000000008008444                TIM_Base_SetConfig
 .text.TIM_OC1_SetConfig
                0x0000000008008580      0x134 ./Drivers/STM32F3xx_HAL_Driver/Src/stm32f3xx_hal_tim.o
 .text.TIM_OC2_SetConfig
                0x00000000080086b4      0x128 ./Drivers/STM32F3xx_HAL_Driver/Src/stm32f3xx_hal_tim.o
                0x00000000080086b4                TIM_OC2_SetConfig
 .text.TIM_OC3_SetConfig
                0x00000000080087dc      0x124 ./Drivers/STM32F3xx_HAL_Driver/Src/stm32f3xx_hal_tim.o
 .text.TIM_OC4_SetConfig
                0x0000000008008900       0xe0 ./Drivers/STM32F3xx_HAL_Driver/Src/stm32f3xx_hal_tim.o
 .text.TIM_OC5_SetConfig
                0x00000000080089e0       0xd4 ./Drivers/STM32F3xx_HAL_Driver/Src/stm32f3xx_hal_tim.o
 .text.TIM_OC6_SetConfig
                0x0000000008008ab4       0xd8 ./Drivers/STM32F3xx_HAL_Driver/Src/stm32f3xx_hal_tim.o
 .text.TIM_TI1_ConfigInputStage
                0x0000000008008b8c       0x5e ./Drivers/STM32F3xx_HAL_Driver/Src/stm32f3xx_hal_tim.o
 .text.TIM_TI2_ConfigInputStage
                0x0000000008008bea       0x60 ./Drivers/STM32F3xx_HAL_Driver/Src/stm32f3xx_hal_tim.o
 .text.TIM_ITRx_SetConfig
                0x0000000008008c4a       0x36 ./Drivers/STM32F3xx_HAL_Driver/Src/stm32f3xx_hal_tim.o
 .text.TIM_ETR_SetConfig
                0x0000000008008c80       0x40 ./Drivers/STM32F3xx_HAL_Driver/Src/stm32f3xx_hal_tim.o
                0x0000000008008c80                TIM_ETR_SetConfig
 .text.TIM_CCxChannelCmd
                0x0000000008008cc0       0x4a ./Drivers/STM32F3xx_HAL_Driver/Src/stm32f3xx_hal_tim.o
                0x0000000008008cc0                TIM_CCxChannelCmd
 *fill*         0x0000000008008d0a        0x2 
 .text.HAL_TIMEx_MasterConfigSynchronization
                0x0000000008008d0c      0x118 ./Drivers/STM32F3xx_HAL_Driver/Src/stm32f3xx_hal_tim_ex.o
                0x0000000008008d0c                HAL_TIMEx_MasterConfigSynchronization
 .text.HAL_TIMEx_CommutCallback
                0x0000000008008e24       0x14 ./Drivers/STM32F3xx_HAL_Driver/Src/stm32f3xx_hal_tim_ex.o
                0x0000000008008e24                HAL_TIMEx_CommutCallback
 .text.HAL_TIMEx_BreakCallback
                0x0000000008008e38       0x14 ./Drivers/STM32F3xx_HAL_Driver/Src/stm32f3xx_hal_tim_ex.o
                0x0000000008008e38                HAL_TIMEx_BreakCallback
 .text.HAL_TIMEx_Break2Callback
                0x0000000008008e4c       0x14 ./Drivers/STM32F3xx_HAL_Driver/Src/stm32f3xx_hal_tim_ex.o
                0x0000000008008e4c                HAL_TIMEx_Break2Callback
 .text.HAL_UART_Init
                0x0000000008008e60       0x9c ./Drivers/STM32F3xx_HAL_Driver/Src/stm32f3xx_hal_uart.o
                0x0000000008008e60                HAL_UART_Init
 .text.HAL_UART_Receive_IT
                0x0000000008008efc       0x9c ./Drivers/STM32F3xx_HAL_Driver/Src/stm32f3xx_hal_uart.o
                0x0000000008008efc                HAL_UART_Receive_IT
 .text.HAL_UART_IRQHandler
                0x0000000008008f98      0x5bc ./Drivers/STM32F3xx_HAL_Driver/Src/stm32f3xx_hal_uart.o
                0x0000000008008f98                HAL_UART_IRQHandler
 .text.HAL_UART_TxCpltCallback
                0x0000000008009554       0x14 ./Drivers/STM32F3xx_HAL_Driver/Src/stm32f3xx_hal_uart.o
                0x0000000008009554                HAL_UART_TxCpltCallback
 .text.HAL_UART_ErrorCallback
                0x0000000008009568       0x14 ./Drivers/STM32F3xx_HAL_Driver/Src/stm32f3xx_hal_uart.o
                0x0000000008009568                HAL_UART_ErrorCallback
 .text.HAL_UARTEx_RxEventCallback
                0x000000000800957c       0x18 ./Drivers/STM32F3xx_HAL_Driver/Src/stm32f3xx_hal_uart.o
                0x000000000800957c                HAL_UARTEx_RxEventCallback
 .text.UART_SetConfig
                0x0000000008009594      0x3ac ./Drivers/STM32F3xx_HAL_Driver/Src/stm32f3xx_hal_uart.o
                0x0000000008009594                UART_SetConfig
 .text.UART_AdvFeatureConfig
                0x0000000008009940      0x144 ./Drivers/STM32F3xx_HAL_Driver/Src/stm32f3xx_hal_uart.o
                0x0000000008009940                UART_AdvFeatureConfig
 .text.UART_CheckIdleState
                0x0000000008009a84       0x92 ./Drivers/STM32F3xx_HAL_Driver/Src/stm32f3xx_hal_uart.o
                0x0000000008009a84                UART_CheckIdleState
 .text.UART_WaitOnFlagUntilTimeout
                0x0000000008009b16      0x188 ./Drivers/STM32F3xx_HAL_Driver/Src/stm32f3xx_hal_uart.o
                0x0000000008009b16                UART_WaitOnFlagUntilTimeout
 *fill*         0x0000000008009c9e        0x2 
 .text.UART_Start_Receive_IT
                0x0000000008009ca0      0x158 ./Drivers/STM32F3xx_HAL_Driver/Src/stm32f3xx_hal_uart.o
                0x0000000008009ca0                UART_Start_Receive_IT
 .text.UART_EndRxTransfer
                0x0000000008009df8       0xc6 ./Drivers/STM32F3xx_HAL_Driver/Src/stm32f3xx_hal_uart.o
 .text.UART_DMAAbortOnError
                0x0000000008009ebe       0x2c ./Drivers/STM32F3xx_HAL_Driver/Src/stm32f3xx_hal_uart.o
 .text.UART_EndTransmit_IT
                0x0000000008009eea       0x54 ./Drivers/STM32F3xx_HAL_Driver/Src/stm32f3xx_hal_uart.o
 .text.UART_RxISR_8BIT
                0x0000000008009f3e      0x15c ./Drivers/STM32F3xx_HAL_Driver/Src/stm32f3xx_hal_uart.o
 .text.UART_RxISR_16BIT
                0x000000000800a09a      0x15c ./Drivers/STM32F3xx_HAL_Driver/Src/stm32f3xx_hal_uart.o
 .text.HAL_UARTEx_WakeupCallback
                0x000000000800a1f6       0x14 ./Drivers/STM32F3xx_HAL_Driver/Src/stm32f3xx_hal_uart_ex.o
                0x000000000800a1f6                HAL_UARTEx_WakeupCallback
 *fill*         0x000000000800a20a        0x2 
 .text.__libc_init_array
                0x000000000800a20c       0x48 c:/st/stm32cubeide_1.0.1/stm32cubeide/plugins/com.st.stm32cube.ide.mcu.externaltools.gnu-tools-for-stm32.10.3-2021.10.win32_1.0.0.202111181127/tools/bin/../lib/gcc/arm-none-eabi/10.3.1/../../../../arm-none-eabi/lib/thumb/v7e-m+fp/hard\libc_nano.a(lib_a-init.o)
                0x000000000800a20c                __libc_init_array
 .text.memset   0x000000000800a254       0x10 c:/st/stm32cubeide_1.0.1/stm32cubeide/plugins/com.st.stm32cube.ide.mcu.externaltools.gnu-tools-for-stm32.10.3-2021.10.win32_1.0.0.202111181127/tools/bin/../lib/gcc/arm-none-eabi/10.3.1/../../../../arm-none-eabi/lib/thumb/v7e-m+fp/hard\libc_nano.a(lib_a-memset.o)
                0x000000000800a254                memset
 .text.strncpy  0x000000000800a264       0x26 c:/st/stm32cubeide_1.0.1/stm32cubeide/plugins/com.st.stm32cube.ide.mcu.externaltools.gnu-tools-for-stm32.10.3-2021.10.win32_1.0.0.202111181127/tools/bin/../lib/gcc/arm-none-eabi/10.3.1/../../../../arm-none-eabi/lib/thumb/v7e-m+fp/hard\libc_nano.a(lib_a-strncpy.o)
                0x000000000800a264                strncpy
 *(.glue_7)
 .glue_7        0x000000000800a28a        0x0 linker stubs
 *(.glue_7t)
 .glue_7t       0x000000000800a28a        0x0 linker stubs
 *(.eh_frame)
 *fill*         0x000000000800a28a        0x2 
 .eh_frame      0x000000000800a28c        0x0 c:/st/stm32cubeide_1.0.1/stm32cubeide/plugins/com.st.stm32cube.ide.mcu.externaltools.gnu-tools-for-stm32.10.3-2021.10.win32_1.0.0.202111181127/tools/bin/../lib/gcc/arm-none-eabi/10.3.1/thumb/v7e-m+fp/hard/crtbegin.o
 *(.init)
 .init          0x000000000800a28c        0x4 c:/st/stm32cubeide_1.0.1/stm32cubeide/plugins/com.st.stm32cube.ide.mcu.externaltools.gnu-tools-for-stm32.10.3-2021.10.win32_1.0.0.202111181127/tools/bin/../lib/gcc/arm-none-eabi/10.3.1/thumb/v7e-m+fp/hard/crti.o
                0x000000000800a28c                _init
 .init          0x000000000800a290        0x8 c:/st/stm32cubeide_1.0.1/stm32cubeide/plugins/com.st.stm32cube.ide.mcu.externaltools.gnu-tools-for-stm32.10.3-2021.10.win32_1.0.0.202111181127/tools/bin/../lib/gcc/arm-none-eabi/10.3.1/thumb/v7e-m+fp/hard/crtn.o
 *(.fini)
 .fini          0x000000000800a298        0x4 c:/st/stm32cubeide_1.0.1/stm32cubeide/plugins/com.st.stm32cube.ide.mcu.externaltools.gnu-tools-for-stm32.10.3-2021.10.win32_1.0.0.202111181127/tools/bin/../lib/gcc/arm-none-eabi/10.3.1/thumb/v7e-m+fp/hard/crti.o
                0x000000000800a298                _fini
 .fini          0x000000000800a29c        0x8 c:/st/stm32cubeide_1.0.1/stm32cubeide/plugins/com.st.stm32cube.ide.mcu.externaltools.gnu-tools-for-stm32.10.3-2021.10.win32_1.0.0.202111181127/tools/bin/../lib/gcc/arm-none-eabi/10.3.1/thumb/v7e-m+fp/hard/crtn.o
                0x000000000800a2a4                . = ALIGN (0x4)
                0x000000000800a2a4                _etext = .

.vfp11_veneer   0x000000000800a2a4        0x0
 .vfp11_veneer  0x000000000800a2a4        0x0 linker stubs

.v4_bx          0x000000000800a2a4        0x0
 .v4_bx         0x000000000800a2a4        0x0 linker stubs

.iplt           0x000000000800a2a4        0x0
 .iplt          0x000000000800a2a4        0x0 c:/st/stm32cubeide_1.0.1/stm32cubeide/plugins/com.st.stm32cube.ide.mcu.externaltools.gnu-tools-for-stm32.10.3-2021.10.win32_1.0.0.202111181127/tools/bin/../lib/gcc/arm-none-eabi/10.3.1/thumb/v7e-m+fp/hard/crtbegin.o

.rodata         0x000000000800a2a4      0x1a0
                0x000000000800a2a4                . = ALIGN (0x4)
 *(.rodata)
 .rodata        0x000000000800a2a4       0x4c ./Core/Src/main.o
 *(.rodata*)
 .rodata._UDP   0x000000000800a2f0        0x4 ./Core/Src/ESP01.o
                0x000000000800a2f0                _UDP
 .rodata._WIFIGotIP
                0x000000000800a2f4        0xd ./Core/Src/ESP01.o
                0x000000000800a2f4                _WIFIGotIP
 *fill*         0x000000000800a301        0x3 
 .rodata._WIFIDisconnected
                0x000000000800a304       0x13 ./Core/Src/ESP01.o
                0x000000000800a304                _WIFIDisconnected
 *fill*         0x000000000800a317        0x1 
 .rodata._WIFIDisconnect
                0x000000000800a318       0x11 ./Core/Src/ESP01.o
                0x000000000800a318                _WIFIDisconnect
 *fill*         0x000000000800a329        0x3 
 .rodata._OK    0x000000000800a32c        0x4 ./Core/Src/ESP01.o
                0x000000000800a32c                _OK
 .rodata._CONNECT
                0x000000000800a330        0x9 ./Core/Src/ESP01.o
                0x000000000800a330                _CONNECT
 *fill*         0x000000000800a339        0x3 
 .rodata._CLOSED
                0x000000000800a33c        0x8 ./Core/Src/ESP01.o
                0x000000000800a33c                _CLOSED
 .rodata._DISCONNECTED
                0x000000000800a344        0xe ./Core/Src/ESP01.o
                0x000000000800a344                _DISCONNECTED
 *fill*         0x000000000800a352        0x2 
 .rodata._SENDOK
                0x000000000800a354        0x9 ./Core/Src/ESP01.o
                0x000000000800a354                _SENDOK
 *fill*         0x000000000800a35d        0x3 
 .rodata._BUSY  0x000000000800a360        0xb ./Core/Src/ESP01.o
                0x000000000800a360                _BUSY
 *fill*         0x000000000800a36b        0x1 
 .rodata._AT    0x000000000800a36c        0x5 ./Core/Src/ESP01.o
                0x000000000800a36c                _AT
 *fill*         0x000000000800a371        0x3 
 .rodata._ATCIPMUX
                0x000000000800a374        0xe ./Core/Src/ESP01.o
                0x000000000800a374                _ATCIPMUX
 *fill*         0x000000000800a382        0x2 
 .rodata._ATCIPSEND
                0x000000000800a384        0xc ./Core/Src/ESP01.o
                0x000000000800a384                _ATCIPSEND
 .rodata._ATCIPCLOSE
                0x000000000800a390        0xe ./Core/Src/ESP01.o
                0x000000000800a390                _ATCIPCLOSE
 *fill*         0x000000000800a39e        0x2 
 .rodata._ATCWMODE
                0x000000000800a3a0       0x12 ./Core/Src/ESP01.o
                0x000000000800a3a0                _ATCWMODE
 *fill*         0x000000000800a3b2        0x2 
 .rodata._ATCIPSTART
                0x000000000800a3b4        0xd ./Core/Src/ESP01.o
                0x000000000800a3b4                _ATCIPSTART
 *fill*         0x000000000800a3c1        0x3 
 .rodata._ATCWJAP
                0x000000000800a3c4        0xa ./Core/Src/ESP01.o
                0x000000000800a3c4                _ATCWJAP
 *fill*         0x000000000800a3ce        0x2 
 .rodata._ATCIFSR
                0x000000000800a3d0        0xb ./Core/Src/ESP01.o
                0x000000000800a3d0                _ATCIFSR
 *fill*         0x000000000800a3db        0x1 
 .rodata._CIFSRSTAIP
                0x000000000800a3dc        0xe ./Core/Src/ESP01.o
                0x000000000800a3dc                _CIFSRSTAIP
 *fill*         0x000000000800a3ea        0x2 
 .rodata._CIFSRSTAMAC
                0x000000000800a3ec        0xf ./Core/Src/ESP01.o
                0x000000000800a3ec                _CIFSRSTAMAC
 *fill*         0x000000000800a3fb        0x1 
 .rodata.FIRMWARE
                0x000000000800a3fc       0x10 ./Core/Src/main.o
                0x000000000800a3fc                FIRMWARE
 .rodata.AHBPrescTable
                0x000000000800a40c       0x10 ./Core/Src/system_stm32f3xx.o
                0x000000000800a40c                AHBPrescTable
 .rodata.APBPrescTable
                0x000000000800a41c        0x8 ./Core/Src/system_stm32f3xx.o
                0x000000000800a41c                APBPrescTable
 .rodata.aPLLMULFactorTable
                0x000000000800a424       0x10 ./Drivers/STM32F3xx_HAL_Driver/Src/stm32f3xx_hal_rcc.o
                0x000000000800a424                aPLLMULFactorTable
 .rodata.aPredivFactorTable
                0x000000000800a434       0x10 ./Drivers/STM32F3xx_HAL_Driver/Src/stm32f3xx_hal_rcc.o
                0x000000000800a434                aPredivFactorTable
                0x000000000800a444                . = ALIGN (0x4)

.rel.dyn        0x000000000800a444        0x0
 .rel.iplt      0x000000000800a444        0x0 c:/st/stm32cubeide_1.0.1/stm32cubeide/plugins/com.st.stm32cube.ide.mcu.externaltools.gnu-tools-for-stm32.10.3-2021.10.win32_1.0.0.202111181127/tools/bin/../lib/gcc/arm-none-eabi/10.3.1/thumb/v7e-m+fp/hard/crtbegin.o

.ARM.extab      0x000000000800a444        0x0
                0x000000000800a444                . = ALIGN (0x4)
 *(.ARM.extab* .gnu.linkonce.armextab.*)
                0x000000000800a444                . = ALIGN (0x4)

.ARM            0x000000000800a444        0x0
                0x000000000800a444                . = ALIGN (0x4)
                0x000000000800a444                __exidx_start = .
 *(.ARM.exidx*)
                0x000000000800a444                __exidx_end = .
                0x000000000800a444                . = ALIGN (0x4)

.preinit_array  0x000000000800a444        0x0
                0x000000000800a444                . = ALIGN (0x4)
                0x000000000800a444                PROVIDE (__preinit_array_start = .)
 *(.preinit_array*)
                0x000000000800a444                PROVIDE (__preinit_array_end = .)
                0x000000000800a444                . = ALIGN (0x4)

.init_array     0x000000000800a444        0x4
                0x000000000800a444                . = ALIGN (0x4)
                0x000000000800a444                PROVIDE (__init_array_start = .)
 *(SORT_BY_NAME(.init_array.*))
 *(.init_array*)
 .init_array    0x000000000800a444        0x4 c:/st/stm32cubeide_1.0.1/stm32cubeide/plugins/com.st.stm32cube.ide.mcu.externaltools.gnu-tools-for-stm32.10.3-2021.10.win32_1.0.0.202111181127/tools/bin/../lib/gcc/arm-none-eabi/10.3.1/thumb/v7e-m+fp/hard/crtbegin.o
                0x000000000800a448                PROVIDE (__init_array_end = .)
                0x000000000800a448                . = ALIGN (0x4)

.fini_array     0x000000000800a448        0x4
                0x000000000800a448                . = ALIGN (0x4)
                [!provide]                        PROVIDE (__fini_array_start = .)
 *(SORT_BY_NAME(.fini_array.*))
 *(.fini_array*)
 .fini_array    0x000000000800a448        0x4 c:/st/stm32cubeide_1.0.1/stm32cubeide/plugins/com.st.stm32cube.ide.mcu.externaltools.gnu-tools-for-stm32.10.3-2021.10.win32_1.0.0.202111181127/tools/bin/../lib/gcc/arm-none-eabi/10.3.1/thumb/v7e-m+fp/hard/crtbegin.o
                [!provide]                        PROVIDE (__fini_array_end = .)
                0x000000000800a44c                . = ALIGN (0x4)
                0x000000000800a44c                _sidata = LOADADDR (.data)

.data           0x0000000020000000        0xc load address 0x000000000800a44c
                0x0000000020000000                . = ALIGN (0x4)
                0x0000000020000000                _sdata = .
 *(.data)
 *(.data*)
 .data.SystemCoreClock
                0x0000000020000000        0x4 ./Core/Src/system_stm32f3xx.o
                0x0000000020000000                SystemCoreClock
 .data.uwTickPrio
                0x0000000020000004        0x4 ./Drivers/STM32F3xx_HAL_Driver/Src/stm32f3xx_hal.o
                0x0000000020000004                uwTickPrio
 .data.uwTickFreq
                0x0000000020000008        0x1 ./Drivers/STM32F3xx_HAL_Driver/Src/stm32f3xx_hal.o
                0x0000000020000008                uwTickFreq
 *(.RamFunc)
 *(.RamFunc*)
                0x000000002000000c                . = ALIGN (0x4)
 *fill*         0x0000000020000009        0x3 
                0x000000002000000c                _edata = .
                0x000000000800a458                _siccmram = LOADADDR (.ccmram)

.igot.plt       0x000000002000000c        0x0 load address 0x000000000800a458
 .igot.plt      0x000000002000000c        0x0 c:/st/stm32cubeide_1.0.1/stm32cubeide/plugins/com.st.stm32cube.ide.mcu.externaltools.gnu-tools-for-stm32.10.3-2021.10.win32_1.0.0.202111181127/tools/bin/../lib/gcc/arm-none-eabi/10.3.1/thumb/v7e-m+fp/hard/crtbegin.o

.ccmram         0x0000000010000000        0x0 load address 0x000000000800a458
                0x0000000010000000                . = ALIGN (0x4)
                0x0000000010000000                _sccmram = .
 *(.ccmram)
 *(.ccmram*)
                0x0000000010000000                . = ALIGN (0x4)
                0x0000000010000000                _eccmram = .
                0x0000000010000000                . = ALIGN (0x4)

.bss            0x000000002000000c     0x1c40
                0x000000002000000c                _sbss = .
                0x000000002000000c                __bss_start__ = _sbss
 *(.bss)
 .bss           0x000000002000000c       0x1c c:/st/stm32cubeide_1.0.1/stm32cubeide/plugins/com.st.stm32cube.ide.mcu.externaltools.gnu-tools-for-stm32.10.3-2021.10.win32_1.0.0.202111181127/tools/bin/../lib/gcc/arm-none-eabi/10.3.1/thumb/v7e-m+fp/hard/crtbegin.o
 *(.bss*)
 .bss.bufRX     0x0000000020000028      0x200 ./Core/Src/ESP01.o
 .bss.header    0x0000000020000228        0x1 ./Core/Src/ESP01.o
 .bss.timeOut   0x0000000020000229        0x1 ./Core/Src/ESP01.o
 .bss.iRXw      0x000000002000022a        0x2 ./Core/Src/ESP01.o
 .bss.iRXr      0x000000002000022c        0x2 ./Core/Src/ESP01.o
 .bss.iResponse
                0x000000002000022e        0x2 ./Core/Src/ESP01.o
 .bss.ipdBytes  0x0000000020000230        0x2 ./Core/Src/ESP01.o
 .bss.nBytesDatagram
                0x0000000020000232        0x2 ./Core/Src/ESP01.o
 .bss.iBufDatagram
                0x0000000020000234        0x2 ./Core/Src/ESP01.o
 *fill*         0x0000000020000236        0x2 
 .bss.bufTX     0x0000000020000238      0x200 ./Core/Src/ESP01.o
 .bss.iTXw      0x0000000020000438        0x2 ./Core/Src/ESP01.o
 .bss.iTXr      0x000000002000043a        0x2 ./Core/Src/ESP01.o
 .bss.bufDatagram
                0x000000002000043c       0x80 ./Core/Src/ESP01.o
 .bss.timeOutResponse
                0x00000000200004bc        0x4 ./Core/Src/ESP01.o
 .bss.triesAT   0x00000000200004c0        0x1 ./Core/Src/ESP01.o
 .bss.NEEDWAITSYMBOL
                0x00000000200004c1        0x1 ./Core/Src/ESP01.o
 .bss.WAITINGSYMBOL
                0x00000000200004c2        0x1 ./Core/Src/ESP01.o
 .bss.timeOutSymbol
                0x00000000200004c3        0x1 ./Core/Src/ESP01.o
 .bss.doESP01GpioWriteCH_EN
                0x00000000200004c4        0x4 ./Core/Src/ESP01.o
 .bss.doESP01OnUDPData
                0x00000000200004c8        0x4 ./Core/Src/ESP01.o
 .bss.doESP01WIFIConnected
                0x00000000200004cc        0x4 ./Core/Src/ESP01.o
 .bss.doESP01WIFIDisconnected
                0x00000000200004d0        0x4 ./Core/Src/ESP01.o
 .bss.doESP01UDPReady
                0x00000000200004d4        0x4 ./Core/Src/ESP01.o
 .bss.SSID      0x00000000200004d8       0x30 ./Core/Src/ESP01.o
 .bss.PASSWORD  0x0000000020000508       0x20 ./Core/Src/ESP01.o
 .bss.RemoteIP  0x0000000020000528       0x10 ./Core/Src/ESP01.o
 .bss.RemotePort
                0x0000000020000538        0x6 ./Core/Src/ESP01.o
 *fill*         0x000000002000053e        0x2 
 .bss.LocalPort
                0x0000000020000540        0x6 ./Core/Src/ESP01.o
 .bss.ESP01TASKSTATE
                0x0000000020000546        0x1 ./Core/Src/ESP01.o
                0x0000000020000546                ESP01TASKSTATE
 .bss.lastESP01STATE
                0x0000000020000547        0x1 ./Core/Src/ESP01.o
 .bss.aux       0x0000000020000548        0x4 ./Core/Src/ESP01.o
 .bss.hadc1     0x000000002000054c       0x50 ./Core/Src/main.o
                0x000000002000054c                hadc1
 .bss.hadc2     0x000000002000059c       0x50 ./Core/Src/main.o
                0x000000002000059c                hadc2
 .bss.hadc3     0x00000000200005ec       0x50 ./Core/Src/main.o
                0x00000000200005ec                hadc3
 .bss.hdma_adc1
                0x000000002000063c       0x44 ./Core/Src/main.o
                0x000000002000063c                hdma_adc1
 .bss.htim1     0x0000000020000680       0x4c ./Core/Src/main.o
                0x0000000020000680                htim1
 .bss.htim3     0x00000000200006cc       0x4c ./Core/Src/main.o
                0x00000000200006cc                htim3
 .bss.huart2    0x0000000020000718       0x84 ./Core/Src/main.o
                0x0000000020000718                huart2
 .bss.huart3    0x000000002000079c       0x84 ./Core/Src/main.o
                0x000000002000079c                huart3
 .bss.flag1     0x0000000020000820        0x1 ./Core/Src/main.o
                0x0000000020000820                flag1
 *fill*         0x0000000020000821        0x3 
 .bss.w         0x0000000020000824        0x4 ./Core/Src/main.o
                0x0000000020000824                w
 .bss.w1        0x0000000020000828        0x4 ./Core/Src/main.o
                0x0000000020000828                w1
 .bss.RX        0x000000002000082c       0x14 ./Core/Src/main.o
                0x000000002000082c                RX
 .bss.RXESP01   0x0000000020000840       0x14 ./Core/Src/main.o
                0x0000000020000840                RXESP01
 .bss.TX        0x0000000020000854       0x10 ./Core/Src/main.o
                0x0000000020000854                TX
 .bss.TXESP01   0x0000000020000864       0x10 ./Core/Src/main.o
                0x0000000020000864                TXESP01
 .bss.ssid      0x0000000020000874       0x30 ./Core/Src/main.o
                0x0000000020000874                ssid
 .bss.password  0x00000000200008a4       0x20 ./Core/Src/main.o
                0x00000000200008a4                password
 .bss.remoteIP  0x00000000200008c4       0x10 ./Core/Src/main.o
                0x00000000200008c4                remoteIP
 .bss.remotePort
                0x00000000200008d4        0x2 ./Core/Src/main.o
                0x00000000200008d4                remotePort
 .bss.localPort
                0x00000000200008d6        0x2 ./Core/Src/main.o
                0x00000000200008d6                localPort
 .bss.bufRX     0x00000000200008d8      0x100 ./Core/Src/main.o
                0x00000000200008d8                bufRX
 .bss.bufRXESP01
                0x00000000200009d8       0x80 ./Core/Src/main.o
                0x00000000200009d8                bufRXESP01
 .bss.auxDataRXESP01
                0x0000000020000a58        0x1 ./Core/Src/main.o
                0x0000000020000a58                auxDataRXESP01
 *fill*         0x0000000020000a59        0x3 
 .bss.bufTX     0x0000000020000a5c      0x100 ./Core/Src/main.o
                0x0000000020000a5c                bufTX
 .bss.bufTXESP01
                0x0000000020000b5c       0x80 ./Core/Src/main.o
                0x0000000020000b5c                bufTXESP01
 .bss.timeOutSendAlive
                0x0000000020000bdc        0x2 ./Core/Src/main.o
                0x0000000020000bdc                timeOutSendAlive
 *fill*         0x0000000020000bde        0x2 
 .bss.ADCData   0x0000000020000be0     0x1000 ./Core/Src/main.o
                0x0000000020000be0                ADCData
 .bss.indexADCData
                0x0000000020001be0        0x1 ./Core/Src/main.o
                0x0000000020001be0                indexADCData
 .bss.indexADCData10ms
                0x0000000020001be1        0x1 ./Core/Src/main.o
                0x0000000020001be1                indexADCData10ms
 .bss.iADCDataReady
                0x0000000020001be2        0x1 ./Core/Src/main.o
                0x0000000020001be2                iADCDataReady
 *fill*         0x0000000020001be3        0x1 
 .bss.ADC3DataAux
                0x0000000020001be4        0x2 ./Core/Src/main.o
                0x0000000020001be4                ADC3DataAux
 *fill*         0x0000000020001be6        0x2 
 .bss.sumADCData10ms
                0x0000000020001be8       0x20 ./Core/Src/main.o
                0x0000000020001be8                sumADCData10ms
 .bss.sumADCDataLock
                0x0000000020001c08       0x20 ./Core/Src/main.o
                0x0000000020001c08                sumADCDataLock
 .bss.timeOutAnalog
                0x0000000020001c28        0x2 ./Core/Src/main.o
                0x0000000020001c28                timeOutAnalog
 .bss.timeOutAnalogAux
                0x0000000020001c2a        0x2 ./Core/Src/main.o
                0x0000000020001c2a                timeOutAnalogAux
 .bss.n10msData
                0x0000000020001c2c        0x1 ./Core/Src/main.o
                0x0000000020001c2c                n10msData
 .bss.stateSendSamples
                0x0000000020001c2d        0x1 ./Core/Src/main.o
                0x0000000020001c2d                stateSendSamples
 *fill*         0x0000000020001c2e        0x2 
 .bss.maskLedStatus
                0x0000000020001c30        0x4 ./Core/Src/main.o
                0x0000000020001c30                maskLedStatus
 .bss.ledStatus
                0x0000000020001c34        0x4 ./Core/Src/main.o
                0x0000000020001c34                ledStatus
 .bss.lastTickValue
                0x0000000020001c38        0x4 ./Core/Src/main.o
                0x0000000020001c38                lastTickValue
 .bss.timeOut100ms
                0x0000000020001c3c        0x1 ./Core/Src/main.o
                0x0000000020001c3c                timeOut100ms
 *fill*         0x0000000020001c3d        0x1 
 .bss.timeOutTestMotors
                0x0000000020001c3e        0x2 ./Core/Src/main.o
                0x0000000020001c3e                timeOutTestMotors
 .bss.countPlus
                0x0000000020001c40        0x1 ./Core/Src/main.o
                0x0000000020001c40                countPlus
 .bss.timeOutPlus
                0x0000000020001c41        0x1 ./Core/Src/main.o
                0x0000000020001c41                timeOutPlus
 *fill*         0x0000000020001c42        0x2 
 .bss.HAL_RCC_ADC12_CLK_ENABLED
                0x0000000020001c44        0x4 ./Core/Src/stm32f3xx_hal_msp.o
 .bss.uwTick    0x0000000020001c48        0x4 ./Drivers/STM32F3xx_HAL_Driver/Src/stm32f3xx_hal.o
                0x0000000020001c48                uwTick
 *(COMMON)
                0x0000000020001c4c                . = ALIGN (0x4)
                0x0000000020001c4c                _ebss = .
                0x0000000020001c4c                __bss_end__ = _ebss

._user_heap_stack
                0x0000000020001c4c      0x604
                0x0000000020001c50                . = ALIGN (0x8)
 *fill*         0x0000000020001c4c        0x4 
                [!provide]                        PROVIDE (end = .)
                0x0000000020001c50                PROVIDE (_end = .)
                0x0000000020001e50                . = (. + _Min_Heap_Size)
 *fill*         0x0000000020001c50      0x200 
                0x0000000020002250                . = (. + _Min_Stack_Size)
 *fill*         0x0000000020001e50      0x400 
                0x0000000020002250                . = ALIGN (0x8)

/DISCARD/
 libc.a(*)
 libm.a(*)
 libgcc.a(*)

.ARM.attributes
                0x0000000000000000       0x30
 *(.ARM.attributes)
 .ARM.attributes
                0x0000000000000000       0x1e c:/st/stm32cubeide_1.0.1/stm32cubeide/plugins/com.st.stm32cube.ide.mcu.externaltools.gnu-tools-for-stm32.10.3-2021.10.win32_1.0.0.202111181127/tools/bin/../lib/gcc/arm-none-eabi/10.3.1/thumb/v7e-m+fp/hard/crti.o
 .ARM.attributes
                0x000000000000001e       0x34 c:/st/stm32cubeide_1.0.1/stm32cubeide/plugins/com.st.stm32cube.ide.mcu.externaltools.gnu-tools-for-stm32.10.3-2021.10.win32_1.0.0.202111181127/tools/bin/../lib/gcc/arm-none-eabi/10.3.1/thumb/v7e-m+fp/hard/crtbegin.o
 .ARM.attributes
                0x0000000000000052       0x34 ./Core/Src/ESP01.o
 .ARM.attributes
                0x0000000000000086       0x34 ./Core/Src/main.o
 .ARM.attributes
                0x00000000000000ba       0x34 ./Core/Src/stm32f3xx_hal_msp.o
 .ARM.attributes
                0x00000000000000ee       0x34 ./Core/Src/stm32f3xx_it.o
 .ARM.attributes
                0x0000000000000122       0x34 ./Core/Src/system_stm32f3xx.o
 .ARM.attributes
                0x0000000000000156       0x21 ./Core/Startup/startup_stm32f303retx.o
 .ARM.attributes
                0x0000000000000177       0x34 ./Drivers/STM32F3xx_HAL_Driver/Src/stm32f3xx_hal.o
 .ARM.attributes
                0x00000000000001ab       0x34 ./Drivers/STM32F3xx_HAL_Driver/Src/stm32f3xx_hal_adc.o
 .ARM.attributes
                0x00000000000001df       0x34 ./Drivers/STM32F3xx_HAL_Driver/Src/stm32f3xx_hal_adc_ex.o
 .ARM.attributes
                0x0000000000000213       0x34 ./Drivers/STM32F3xx_HAL_Driver/Src/stm32f3xx_hal_cortex.o
 .ARM.attributes
                0x0000000000000247       0x34 ./Drivers/STM32F3xx_HAL_Driver/Src/stm32f3xx_hal_dma.o
 .ARM.attributes
                0x000000000000027b       0x34 ./Drivers/STM32F3xx_HAL_Driver/Src/stm32f3xx_hal_gpio.o
 .ARM.attributes
                0x00000000000002af       0x34 ./Drivers/STM32F3xx_HAL_Driver/Src/stm32f3xx_hal_rcc.o
 .ARM.attributes
                0x00000000000002e3       0x34 ./Drivers/STM32F3xx_HAL_Driver/Src/stm32f3xx_hal_rcc_ex.o
 .ARM.attributes
                0x0000000000000317       0x34 ./Drivers/STM32F3xx_HAL_Driver/Src/stm32f3xx_hal_tim.o
 .ARM.attributes
                0x000000000000034b       0x34 ./Drivers/STM32F3xx_HAL_Driver/Src/stm32f3xx_hal_tim_ex.o
 .ARM.attributes
                0x000000000000037f       0x34 ./Drivers/STM32F3xx_HAL_Driver/Src/stm32f3xx_hal_uart.o
 .ARM.attributes
                0x00000000000003b3       0x34 ./Drivers/STM32F3xx_HAL_Driver/Src/stm32f3xx_hal_uart_ex.o
 .ARM.attributes
                0x00000000000003e7       0x34 c:/st/stm32cubeide_1.0.1/stm32cubeide/plugins/com.st.stm32cube.ide.mcu.externaltools.gnu-tools-for-stm32.10.3-2021.10.win32_1.0.0.202111181127/tools/bin/../lib/gcc/arm-none-eabi/10.3.1/../../../../arm-none-eabi/lib/thumb/v7e-m+fp/hard\libc_nano.a(lib_a-init.o)
 .ARM.attributes
                0x000000000000041b       0x34 c:/st/stm32cubeide_1.0.1/stm32cubeide/plugins/com.st.stm32cube.ide.mcu.externaltools.gnu-tools-for-stm32.10.3-2021.10.win32_1.0.0.202111181127/tools/bin/../lib/gcc/arm-none-eabi/10.3.1/../../../../arm-none-eabi/lib/thumb/v7e-m+fp/hard\libc_nano.a(lib_a-memset.o)
 .ARM.attributes
                0x000000000000044f       0x34 c:/st/stm32cubeide_1.0.1/stm32cubeide/plugins/com.st.stm32cube.ide.mcu.externaltools.gnu-tools-for-stm32.10.3-2021.10.win32_1.0.0.202111181127/tools/bin/../lib/gcc/arm-none-eabi/10.3.1/../../../../arm-none-eabi/lib/thumb/v7e-m+fp/hard\libc_nano.a(lib_a-strncpy.o)
 .ARM.attributes
                0x0000000000000483       0x1e c:/st/stm32cubeide_1.0.1/stm32cubeide/plugins/com.st.stm32cube.ide.mcu.externaltools.gnu-tools-for-stm32.10.3-2021.10.win32_1.0.0.202111181127/tools/bin/../lib/gcc/arm-none-eabi/10.3.1/thumb/v7e-m+fp/hard/crtn.o
OUTPUT(WF303RE.elf elf32-littlearm)
LOAD linker stubs
LOAD c:/st/stm32cubeide_1.0.1/stm32cubeide/plugins/com.st.stm32cube.ide.mcu.externaltools.gnu-tools-for-stm32.10.3-2021.10.win32_1.0.0.202111181127/tools/bin/../lib/gcc/arm-none-eabi/10.3.1/../../../../arm-none-eabi/lib/thumb/v7e-m+fp/hard\libc.a
LOAD c:/st/stm32cubeide_1.0.1/stm32cubeide/plugins/com.st.stm32cube.ide.mcu.externaltools.gnu-tools-for-stm32.10.3-2021.10.win32_1.0.0.202111181127/tools/bin/../lib/gcc/arm-none-eabi/10.3.1/../../../../arm-none-eabi/lib/thumb/v7e-m+fp/hard\libm.a
LOAD c:/st/stm32cubeide_1.0.1/stm32cubeide/plugins/com.st.stm32cube.ide.mcu.externaltools.gnu-tools-for-stm32.10.3-2021.10.win32_1.0.0.202111181127/tools/bin/../lib/gcc/arm-none-eabi/10.3.1/thumb/v7e-m+fp/hard\libgcc.a

.debug_info     0x0000000000000000    0x14a35
 .debug_info    0x0000000000000000      0xb8a ./Core/Src/ESP01.o
 .debug_info    0x0000000000000b8a     0x27c7 ./Core/Src/main.o
 .debug_info    0x0000000000003351     0x15ef ./Core/Src/stm32f3xx_hal_msp.o
 .debug_info    0x0000000000004940      0xf09 ./Core/Src/stm32f3xx_it.o
 .debug_info    0x0000000000005849      0x416 ./Core/Src/system_stm32f3xx.o
 .debug_info    0x0000000000005c5f       0x22 ./Core/Startup/startup_stm32f303retx.o
 .debug_info    0x0000000000005c81      0x837 ./Drivers/STM32F3xx_HAL_Driver/Src/stm32f3xx_hal.o
 .debug_info    0x00000000000064b8      0xb9e ./Drivers/STM32F3xx_HAL_Driver/Src/stm32f3xx_hal_adc.o
 .debug_info    0x0000000000007056     0x16b2 ./Drivers/STM32F3xx_HAL_Driver/Src/stm32f3xx_hal_adc_ex.o
 .debug_info    0x0000000000008708      0xdb5 ./Drivers/STM32F3xx_HAL_Driver/Src/stm32f3xx_hal_cortex.o
 .debug_info    0x00000000000094bd      0x757 ./Drivers/STM32F3xx_HAL_Driver/Src/stm32f3xx_hal_dma.o
 .debug_info    0x0000000000009c14      0x74e ./Drivers/STM32F3xx_HAL_Driver/Src/stm32f3xx_hal_gpio.o
 .debug_info    0x000000000000a362     0x1597 ./Drivers/STM32F3xx_HAL_Driver/Src/stm32f3xx_hal_rcc.o
 .debug_info    0x000000000000b8f9      0x67f ./Drivers/STM32F3xx_HAL_Driver/Src/stm32f3xx_hal_rcc_ex.o
 .debug_info    0x000000000000bf78     0x2ca3 ./Drivers/STM32F3xx_HAL_Driver/Src/stm32f3xx_hal_tim.o
 .debug_info    0x000000000000ec1b     0x1679 ./Drivers/STM32F3xx_HAL_Driver/Src/stm32f3xx_hal_tim_ex.o
 .debug_info    0x0000000000010294     0x3ad3 ./Drivers/STM32F3xx_HAL_Driver/Src/stm32f3xx_hal_uart.o
 .debug_info    0x0000000000013d67      0xcce ./Drivers/STM32F3xx_HAL_Driver/Src/stm32f3xx_hal_uart_ex.o

.debug_abbrev   0x0000000000000000     0x2842
 .debug_abbrev  0x0000000000000000      0x2ce ./Core/Src/ESP01.o
 .debug_abbrev  0x00000000000002ce      0x409 ./Core/Src/main.o
 .debug_abbrev  0x00000000000006d7      0x247 ./Core/Src/stm32f3xx_hal_msp.o
 .debug_abbrev  0x000000000000091e      0x1c4 ./Core/Src/stm32f3xx_it.o
 .debug_abbrev  0x0000000000000ae2      0x116 ./Core/Src/system_stm32f3xx.o
 .debug_abbrev  0x0000000000000bf8       0x12 ./Core/Startup/startup_stm32f303retx.o
 .debug_abbrev  0x0000000000000c0a      0x20e ./Drivers/STM32F3xx_HAL_Driver/Src/stm32f3xx_hal.o
 .debug_abbrev  0x0000000000000e18      0x17a ./Drivers/STM32F3xx_HAL_Driver/Src/stm32f3xx_hal_adc.o
 .debug_abbrev  0x0000000000000f92      0x27a ./Drivers/STM32F3xx_HAL_Driver/Src/stm32f3xx_hal_adc_ex.o
 .debug_abbrev  0x000000000000120c      0x316 ./Drivers/STM32F3xx_HAL_Driver/Src/stm32f3xx_hal_cortex.o
 .debug_abbrev  0x0000000000001522      0x1fe ./Drivers/STM32F3xx_HAL_Driver/Src/stm32f3xx_hal_dma.o
 .debug_abbrev  0x0000000000001720      0x1bb ./Drivers/STM32F3xx_HAL_Driver/Src/stm32f3xx_hal_gpio.o
 .debug_abbrev  0x00000000000018db      0x30c ./Drivers/STM32F3xx_HAL_Driver/Src/stm32f3xx_hal_rcc.o
 .debug_abbrev  0x0000000000001be7      0x239 ./Drivers/STM32F3xx_HAL_Driver/Src/stm32f3xx_hal_rcc_ex.o
 .debug_abbrev  0x0000000000001e20      0x25d ./Drivers/STM32F3xx_HAL_Driver/Src/stm32f3xx_hal_tim.o
 .debug_abbrev  0x000000000000207d      0x265 ./Drivers/STM32F3xx_HAL_Driver/Src/stm32f3xx_hal_tim_ex.o
 .debug_abbrev  0x00000000000022e2      0x2bc ./Drivers/STM32F3xx_HAL_Driver/Src/stm32f3xx_hal_uart.o
 .debug_abbrev  0x000000000000259e      0x2a4 ./Drivers/STM32F3xx_HAL_Driver/Src/stm32f3xx_hal_uart_ex.o

.debug_aranges  0x0000000000000000     0x10a0
 .debug_aranges
                0x0000000000000000       0xa8 ./Core/Src/ESP01.o
 .debug_aranges
                0x00000000000000a8      0x108 ./Core/Src/main.o
 .debug_aranges
                0x00000000000001b0       0x68 ./Core/Src/stm32f3xx_hal_msp.o
 .debug_aranges
                0x0000000000000218       0x88 ./Core/Src/stm32f3xx_it.o
 .debug_aranges
                0x00000000000002a0       0x28 ./Core/Src/system_stm32f3xx.o
 .debug_aranges
                0x00000000000002c8       0x28 ./Core/Startup/startup_stm32f303retx.o
 .debug_aranges
                0x00000000000002f0       0xe0 ./Drivers/STM32F3xx_HAL_Driver/Src/stm32f3xx_hal.o
 .debug_aranges
                0x00000000000003d0       0xc8 ./Drivers/STM32F3xx_HAL_Driver/Src/stm32f3xx_hal_adc.o
 .debug_aranges
                0x0000000000000498      0x168 ./Drivers/STM32F3xx_HAL_Driver/Src/stm32f3xx_hal_adc_ex.o
 .debug_aranges
                0x0000000000000600      0x118 ./Drivers/STM32F3xx_HAL_Driver/Src/stm32f3xx_hal_cortex.o
 .debug_aranges
                0x0000000000000718       0x88 ./Drivers/STM32F3xx_HAL_Driver/Src/stm32f3xx_hal_dma.o
 .debug_aranges
                0x00000000000007a0       0x58 ./Drivers/STM32F3xx_HAL_Driver/Src/stm32f3xx_hal_gpio.o
 .debug_aranges
                0x00000000000007f8       0x88 ./Drivers/STM32F3xx_HAL_Driver/Src/stm32f3xx_hal_rcc.o
 .debug_aranges
                0x0000000000000880       0x38 ./Drivers/STM32F3xx_HAL_Driver/Src/stm32f3xx_hal_rcc_ex.o
 .debug_aranges
                0x00000000000008b8      0x3e0 ./Drivers/STM32F3xx_HAL_Driver/Src/stm32f3xx_hal_tim.o
 .debug_aranges
                0x0000000000000c98      0x178 ./Drivers/STM32F3xx_HAL_Driver/Src/stm32f3xx_hal_tim_ex.o
 .debug_aranges
                0x0000000000000e10      0x228 ./Drivers/STM32F3xx_HAL_Driver/Src/stm32f3xx_hal_uart.o
 .debug_aranges
                0x0000000000001038       0x68 ./Drivers/STM32F3xx_HAL_Driver/Src/stm32f3xx_hal_uart_ex.o

.debug_ranges   0x0000000000000000      0xfb8
 .debug_ranges  0x0000000000000000       0x98 ./Core/Src/ESP01.o
 .debug_ranges  0x0000000000000098       0xf8 ./Core/Src/main.o
 .debug_ranges  0x0000000000000190       0x58 ./Core/Src/stm32f3xx_hal_msp.o
 .debug_ranges  0x00000000000001e8       0x78 ./Core/Src/stm32f3xx_it.o
 .debug_ranges  0x0000000000000260       0x18 ./Core/Src/system_stm32f3xx.o
 .debug_ranges  0x0000000000000278       0x20 ./Core/Startup/startup_stm32f303retx.o
 .debug_ranges  0x0000000000000298       0xd0 ./Drivers/STM32F3xx_HAL_Driver/Src/stm32f3xx_hal.o
 .debug_ranges  0x0000000000000368       0xb8 ./Drivers/STM32F3xx_HAL_Driver/Src/stm32f3xx_hal_adc.o
 .debug_ranges  0x0000000000000420      0x158 ./Drivers/STM32F3xx_HAL_Driver/Src/stm32f3xx_hal_adc_ex.o
 .debug_ranges  0x0000000000000578      0x108 ./Drivers/STM32F3xx_HAL_Driver/Src/stm32f3xx_hal_cortex.o
 .debug_ranges  0x0000000000000680       0x78 ./Drivers/STM32F3xx_HAL_Driver/Src/stm32f3xx_hal_dma.o
 .debug_ranges  0x00000000000006f8       0x48 ./Drivers/STM32F3xx_HAL_Driver/Src/stm32f3xx_hal_gpio.o
 .debug_ranges  0x0000000000000740       0x78 ./Drivers/STM32F3xx_HAL_Driver/Src/stm32f3xx_hal_rcc.o
 .debug_ranges  0x00000000000007b8       0x28 ./Drivers/STM32F3xx_HAL_Driver/Src/stm32f3xx_hal_rcc_ex.o
 .debug_ranges  0x00000000000007e0      0x3d0 ./Drivers/STM32F3xx_HAL_Driver/Src/stm32f3xx_hal_tim.o
 .debug_ranges  0x0000000000000bb0      0x168 ./Drivers/STM32F3xx_HAL_Driver/Src/stm32f3xx_hal_tim_ex.o
 .debug_ranges  0x0000000000000d18      0x248 ./Drivers/STM32F3xx_HAL_Driver/Src/stm32f3xx_hal_uart.o
 .debug_ranges  0x0000000000000f60       0x58 ./Drivers/STM32F3xx_HAL_Driver/Src/stm32f3xx_hal_uart_ex.o

.debug_macro    0x0000000000000000    0x21955
 .debug_macro   0x0000000000000000      0x145 ./Core/Src/ESP01.o
 .debug_macro   0x0000000000000145      0xa78 ./Core/Src/ESP01.o
 .debug_macro   0x0000000000000bbd       0x22 ./Core/Src/ESP01.o
 .debug_macro   0x0000000000000bdf       0x8e ./Core/Src/ESP01.o
 .debug_macro   0x0000000000000c6d       0x51 ./Core/Src/ESP01.o
 .debug_macro   0x0000000000000cbe      0x103 ./Core/Src/ESP01.o
 .debug_macro   0x0000000000000dc1       0x6a ./Core/Src/ESP01.o
 .debug_macro   0x0000000000000e2b      0x1df ./Core/Src/ESP01.o
 .debug_macro   0x000000000000100a       0x16 ./Core/Src/ESP01.o
 .debug_macro   0x0000000000001020       0x52 ./Core/Src/ESP01.o
 .debug_macro   0x0000000000001072       0x1e ./Core/Src/ESP01.o
 .debug_macro   0x0000000000001090       0x3c ./Core/Src/ESP01.o
 .debug_macro   0x00000000000010cc       0x34 ./Core/Src/ESP01.o
 .debug_macro   0x0000000000001100      0x174 ./Core/Src/ESP01.o
 .debug_macro   0x0000000000001274       0x16 ./Core/Src/ESP01.o
 .debug_macro   0x000000000000128a       0x43 ./Core/Src/ESP01.o
 .debug_macro   0x00000000000012cd       0x34 ./Core/Src/ESP01.o
 .debug_macro   0x0000000000001301       0x10 ./Core/Src/ESP01.o
 .debug_macro   0x0000000000001311       0x58 ./Core/Src/ESP01.o
 .debug_macro   0x0000000000001369       0x71 ./Core/Src/ESP01.o
 .debug_macro   0x00000000000013da       0x1c ./Core/Src/ESP01.o
 .debug_macro   0x00000000000013f6      0x12a ./Core/Src/ESP01.o
 .debug_macro   0x0000000000001520      0x341 ./Core/Src/ESP01.o
 .debug_macro   0x0000000000001861       0x10 ./Core/Src/ESP01.o
 .debug_macro   0x0000000000001871       0x35 ./Core/Src/ESP01.o
 .debug_macro   0x00000000000018a6       0x20 ./Core/Src/ESP01.o
 .debug_macro   0x00000000000018c6      0x334 ./Core/Src/main.o
 .debug_macro   0x0000000000001bfa      0x15d ./Core/Src/main.o
 .debug_macro   0x0000000000001d57       0x2e ./Core/Src/main.o
 .debug_macro   0x0000000000001d85       0x28 ./Core/Src/main.o
 .debug_macro   0x0000000000001dad       0x1c ./Core/Src/main.o
 .debug_macro   0x0000000000001dc9       0x22 ./Core/Src/main.o
 .debug_macro   0x0000000000001deb       0xd9 ./Core/Src/main.o
 .debug_macro   0x0000000000001ec4     0x102d ./Core/Src/main.o
 .debug_macro   0x0000000000002ef1      0x11f ./Core/Src/main.o
 .debug_macro   0x0000000000003010    0x1535a ./Core/Src/main.o
 .debug_macro   0x000000000001836a       0x6d ./Core/Src/main.o
 .debug_macro   0x00000000000183d7     0x3540 ./Core/Src/main.o
 .debug_macro   0x000000000001b917       0x55 ./Core/Src/main.o
 .debug_macro   0x000000000001b96c      0x954 ./Core/Src/main.o
 .debug_macro   0x000000000001c2c0      0x84a ./Core/Src/main.o
 .debug_macro   0x000000000001cb0a      0x1b6 ./Core/Src/main.o
 .debug_macro   0x000000000001ccc0      0x23a ./Core/Src/main.o
 .debug_macro   0x000000000001cefa      0x1ea ./Core/Src/main.o
 .debug_macro   0x000000000001d0e4      0x1bc ./Core/Src/main.o
 .debug_macro   0x000000000001d2a0       0x30 ./Core/Src/main.o
 .debug_macro   0x000000000001d2d0       0x3c ./Core/Src/main.o
 .debug_macro   0x000000000001d30c      0x236 ./Core/Src/main.o
 .debug_macro   0x000000000001d542      0x9fe ./Core/Src/main.o
 .debug_macro   0x000000000001df40       0x77 ./Core/Src/main.o
 .debug_macro   0x000000000001dfb7       0xc5 ./Core/Src/main.o
 .debug_macro   0x000000000001e07c      0x21d ./Core/Src/main.o
 .debug_macro   0x000000000001e299      0x22c ./Core/Src/main.o
 .debug_macro   0x000000000001e4c5       0x5b ./Core/Src/main.o
 .debug_macro   0x000000000001e520       0xa5 ./Core/Src/main.o
 .debug_macro   0x000000000001e5c5       0x81 ./Core/Src/main.o
 .debug_macro   0x000000000001e646       0xd3 ./Core/Src/main.o
 .debug_macro   0x000000000001e719      0xa3d ./Core/Src/main.o
 .debug_macro   0x000000000001f156       0xbb ./Core/Src/main.o
 .debug_macro   0x000000000001f211      0x5a5 ./Core/Src/main.o
 .debug_macro   0x000000000001f7b6       0x44 ./Core/Src/main.o
 .debug_macro   0x000000000001f7fa      0x347 ./Core/Src/main.o
 .debug_macro   0x000000000001fb41       0x28 ./Core/Src/main.o
 .debug_macro   0x000000000001fb69       0x1c ./Core/Src/main.o
 .debug_macro   0x000000000001fb85      0x1ff ./Core/Src/stm32f3xx_hal_msp.o
 .debug_macro   0x000000000001fd84      0x209 ./Core/Src/stm32f3xx_it.o
 .debug_macro   0x000000000001ff8d      0x1f0 ./Core/Src/system_stm32f3xx.o
 .debug_macro   0x000000000002017d      0x214 ./Drivers/STM32F3xx_HAL_Driver/Src/stm32f3xx_hal.o
 .debug_macro   0x0000000000020391      0x1f1 ./Drivers/STM32F3xx_HAL_Driver/Src/stm32f3xx_hal_adc.o
 .debug_macro   0x0000000000020582      0x21a ./Drivers/STM32F3xx_HAL_Driver/Src/stm32f3xx_hal_adc_ex.o
 .debug_macro   0x000000000002079c      0x1f0 ./Drivers/STM32F3xx_HAL_Driver/Src/stm32f3xx_hal_cortex.o
 .debug_macro   0x000000000002098c      0x1f0 ./Drivers/STM32F3xx_HAL_Driver/Src/stm32f3xx_hal_dma.o
 .debug_macro   0x0000000000020b7c      0x1f7 ./Drivers/STM32F3xx_HAL_Driver/Src/stm32f3xx_hal_gpio.o
 .debug_macro   0x0000000000020d73      0x214 ./Drivers/STM32F3xx_HAL_Driver/Src/stm32f3xx_hal_rcc.o
 .debug_macro   0x0000000000020f87      0x1f0 ./Drivers/STM32F3xx_HAL_Driver/Src/stm32f3xx_hal_rcc_ex.o
 .debug_macro   0x0000000000021177      0x1f1 ./Drivers/STM32F3xx_HAL_Driver/Src/stm32f3xx_hal_tim.o
 .debug_macro   0x0000000000021368      0x1f0 ./Drivers/STM32F3xx_HAL_Driver/Src/stm32f3xx_hal_tim_ex.o
 .debug_macro   0x0000000000021558      0x20d ./Drivers/STM32F3xx_HAL_Driver/Src/stm32f3xx_hal_uart.o
 .debug_macro   0x0000000000021765      0x1f0 ./Drivers/STM32F3xx_HAL_Driver/Src/stm32f3xx_hal_uart_ex.o

.debug_line     0x0000000000000000    0x1571d
 .debug_line    0x0000000000000000      0xcff ./Core/Src/ESP01.o
 .debug_line    0x0000000000000cff     0x1964 ./Core/Src/main.o
 .debug_line    0x0000000000002663      0x944 ./Core/Src/stm32f3xx_hal_msp.o
 .debug_line    0x0000000000002fa7      0x84e ./Core/Src/stm32f3xx_it.o
 .debug_line    0x00000000000037f5      0x78f ./Core/Src/system_stm32f3xx.o
 .debug_line    0x0000000000003f84       0x88 ./Core/Startup/startup_stm32f303retx.o
 .debug_line    0x000000000000400c      0x9bf ./Drivers/STM32F3xx_HAL_Driver/Src/stm32f3xx_hal.o
 .debug_line    0x00000000000049cb      0x903 ./Drivers/STM32F3xx_HAL_Driver/Src/stm32f3xx_hal_adc.o
 .debug_line    0x00000000000052ce     0x2799 ./Drivers/STM32F3xx_HAL_Driver/Src/stm32f3xx_hal_adc_ex.o
 .debug_line    0x0000000000007a67      0xc84 ./Drivers/STM32F3xx_HAL_Driver/Src/stm32f3xx_hal_cortex.o
 .debug_line    0x00000000000086eb      0xcd1 ./Drivers/STM32F3xx_HAL_Driver/Src/stm32f3xx_hal_dma.o
 .debug_line    0x00000000000093bc      0xb48 ./Drivers/STM32F3xx_HAL_Driver/Src/stm32f3xx_hal_gpio.o
 .debug_line    0x0000000000009f04     0x13b4 ./Drivers/STM32F3xx_HAL_Driver/Src/stm32f3xx_hal_rcc.o
 .debug_line    0x000000000000b2b8      0xedb ./Drivers/STM32F3xx_HAL_Driver/Src/stm32f3xx_hal_rcc_ex.o
 .debug_line    0x000000000000c193     0x3ddf ./Drivers/STM32F3xx_HAL_Driver/Src/stm32f3xx_hal_tim.o
 .debug_line    0x000000000000ff72     0x1ae4 ./Drivers/STM32F3xx_HAL_Driver/Src/stm32f3xx_hal_tim_ex.o
 .debug_line    0x0000000000011a56     0x3151 ./Drivers/STM32F3xx_HAL_Driver/Src/stm32f3xx_hal_uart.o
 .debug_line    0x0000000000014ba7      0xb76 ./Drivers/STM32F3xx_HAL_Driver/Src/stm32f3xx_hal_uart_ex.o

.debug_str      0x0000000000000000    0xd2c34
 .debug_str     0x0000000000000000     0x70ee ./Core/Src/ESP01.o
                                       0x7391 (size before relaxing)
 .debug_str     0x00000000000070ee    0xc8626 ./Core/Src/main.o
                                      0xcfd59 (size before relaxing)
 .debug_str     0x00000000000cf714      0x135 ./Core/Src/stm32f3xx_hal_msp.o
                                      0xcc282 (size before relaxing)
 .debug_str     0x00000000000cf849      0x163 ./Core/Src/stm32f3xx_it.o
                                      0xcbcdf (size before relaxing)
 .debug_str     0x00000000000cf9ac       0xdf ./Core/Src/system_stm32f3xx.o
                                      0xcb287 (size before relaxing)
 .debug_str     0x00000000000cfa8b       0x36 ./Core/Startup/startup_stm32f303retx.o
                                         0x56 (size before relaxing)
 .debug_str     0x00000000000cfac1      0x395 ./Drivers/STM32F3xx_HAL_Driver/Src/stm32f3xx_hal.o
                                      0xcbb30 (size before relaxing)
 .debug_str     0x00000000000cfe56      0x1ab ./Drivers/STM32F3xx_HAL_Driver/Src/stm32f3xx_hal_adc.o
                                      0xcb874 (size before relaxing)
 .debug_str     0x00000000000d0001      0x69b ./Drivers/STM32F3xx_HAL_Driver/Src/stm32f3xx_hal_adc_ex.o
                                      0xcbf7d (size before relaxing)
 .debug_str     0x00000000000d069c      0x316 ./Drivers/STM32F3xx_HAL_Driver/Src/stm32f3xx_hal_cortex.o
                                      0xcbb82 (size before relaxing)
 .debug_str     0x00000000000d09b2      0x1fa ./Drivers/STM32F3xx_HAL_Driver/Src/stm32f3xx_hal_dma.o
                                      0xcb5cf (size before relaxing)
 .debug_str     0x00000000000d0bac      0x15d ./Drivers/STM32F3xx_HAL_Driver/Src/stm32f3xx_hal_gpio.o
                                      0xcb46c (size before relaxing)
 .debug_str     0x00000000000d0d09      0x2dd ./Drivers/STM32F3xx_HAL_Driver/Src/stm32f3xx_hal_rcc.o
                                      0xcb72b (size before relaxing)
 .debug_str     0x00000000000d0fe6       0xbe ./Drivers/STM32F3xx_HAL_Driver/Src/stm32f3xx_hal_rcc_ex.o
                                      0xcb575 (size before relaxing)
 .debug_str     0x00000000000d10a4      0xcec ./Drivers/STM32F3xx_HAL_Driver/Src/stm32f3xx_hal_tim.o
                                      0xcc6ae (size before relaxing)
 .debug_str     0x00000000000d1d90      0x4dc ./Drivers/STM32F3xx_HAL_Driver/Src/stm32f3xx_hal_tim_ex.o
                                      0xcbf04 (size before relaxing)
 .debug_str     0x00000000000d226c      0x82a ./Drivers/STM32F3xx_HAL_Driver/Src/stm32f3xx_hal_uart.o
                                      0xcbf82 (size before relaxing)
 .debug_str     0x00000000000d2a96      0x19e ./Drivers/STM32F3xx_HAL_Driver/Src/stm32f3xx_hal_uart_ex.o
                                      0xcb86d (size before relaxing)

.comment        0x0000000000000000       0x50
 .comment       0x0000000000000000       0x50 ./Core/Src/ESP01.o
                                         0x51 (size before relaxing)
 .comment       0x0000000000000050       0x51 ./Core/Src/main.o
 .comment       0x0000000000000050       0x51 ./Core/Src/stm32f3xx_hal_msp.o
 .comment       0x0000000000000050       0x51 ./Core/Src/stm32f3xx_it.o
 .comment       0x0000000000000050       0x51 ./Core/Src/system_stm32f3xx.o
 .comment       0x0000000000000050       0x51 ./Drivers/STM32F3xx_HAL_Driver/Src/stm32f3xx_hal.o
 .comment       0x0000000000000050       0x51 ./Drivers/STM32F3xx_HAL_Driver/Src/stm32f3xx_hal_adc.o
 .comment       0x0000000000000050       0x51 ./Drivers/STM32F3xx_HAL_Driver/Src/stm32f3xx_hal_adc_ex.o
 .comment       0x0000000000000050       0x51 ./Drivers/STM32F3xx_HAL_Driver/Src/stm32f3xx_hal_cortex.o
 .comment       0x0000000000000050       0x51 ./Drivers/STM32F3xx_HAL_Driver/Src/stm32f3xx_hal_dma.o
 .comment       0x0000000000000050       0x51 ./Drivers/STM32F3xx_HAL_Driver/Src/stm32f3xx_hal_gpio.o
 .comment       0x0000000000000050       0x51 ./Drivers/STM32F3xx_HAL_Driver/Src/stm32f3xx_hal_rcc.o
 .comment       0x0000000000000050       0x51 ./Drivers/STM32F3xx_HAL_Driver/Src/stm32f3xx_hal_rcc_ex.o
 .comment       0x0000000000000050       0x51 ./Drivers/STM32F3xx_HAL_Driver/Src/stm32f3xx_hal_tim.o
 .comment       0x0000000000000050       0x51 ./Drivers/STM32F3xx_HAL_Driver/Src/stm32f3xx_hal_tim_ex.o
 .comment       0x0000000000000050       0x51 ./Drivers/STM32F3xx_HAL_Driver/Src/stm32f3xx_hal_uart.o
 .comment       0x0000000000000050       0x51 ./Drivers/STM32F3xx_HAL_Driver/Src/stm32f3xx_hal_uart_ex.o

.debug_frame    0x0000000000000000     0x46a0
 .debug_frame   0x0000000000000000      0x2a8 ./Core/Src/ESP01.o
 .debug_frame   0x00000000000002a8      0x434 ./Core/Src/main.o
 .debug_frame   0x00000000000006dc      0x184 ./Core/Src/stm32f3xx_hal_msp.o
 .debug_frame   0x0000000000000860      0x190 ./Core/Src/stm32f3xx_it.o
 .debug_frame   0x00000000000009f0       0x58 ./Core/Src/system_stm32f3xx.o
 .debug_frame   0x0000000000000a48      0x334 ./Drivers/STM32F3xx_HAL_Driver/Src/stm32f3xx_hal.o
 .debug_frame   0x0000000000000d7c      0x380 ./Drivers/STM32F3xx_HAL_Driver/Src/stm32f3xx_hal_adc.o
 .debug_frame   0x00000000000010fc      0x644 ./Drivers/STM32F3xx_HAL_Driver/Src/stm32f3xx_hal_adc_ex.o
 .debug_frame   0x0000000000001740      0x498 ./Drivers/STM32F3xx_HAL_Driver/Src/stm32f3xx_hal_cortex.o
 .debug_frame   0x0000000000001bd8      0x224 ./Drivers/STM32F3xx_HAL_Driver/Src/stm32f3xx_hal_dma.o
 .debug_frame   0x0000000000001dfc      0x14c ./Drivers/STM32F3xx_HAL_Driver/Src/stm32f3xx_hal_gpio.o
 .debug_frame   0x0000000000001f48      0x214 ./Drivers/STM32F3xx_HAL_Driver/Src/stm32f3xx_hal_rcc.o
 .debug_frame   0x000000000000215c       0xb4 ./Drivers/STM32F3xx_HAL_Driver/Src/stm32f3xx_hal_rcc_ex.o
 .debug_frame   0x0000000000002210     0x121c ./Drivers/STM32F3xx_HAL_Driver/Src/stm32f3xx_hal_tim.o
 .debug_frame   0x000000000000342c      0x688 ./Drivers/STM32F3xx_HAL_Driver/Src/stm32f3xx_hal_tim_ex.o
 .debug_frame   0x0000000000003ab4      0x9e8 ./Drivers/STM32F3xx_HAL_Driver/Src/stm32f3xx_hal_uart.o
 .debug_frame   0x000000000000449c      0x190 ./Drivers/STM32F3xx_HAL_Driver/Src/stm32f3xx_hal_uart_ex.o
 .debug_frame   0x000000000000462c       0x2c c:/st/stm32cubeide_1.0.1/stm32cubeide/plugins/com.st.stm32cube.ide.mcu.externaltools.gnu-tools-for-stm32.10.3-2021.10.win32_1.0.0.202111181127/tools/bin/../lib/gcc/arm-none-eabi/10.3.1/../../../../arm-none-eabi/lib/thumb/v7e-m+fp/hard\libc_nano.a(lib_a-init.o)
 .debug_frame   0x0000000000004658       0x20 c:/st/stm32cubeide_1.0.1/stm32cubeide/plugins/com.st.stm32cube.ide.mcu.externaltools.gnu-tools-for-stm32.10.3-2021.10.win32_1.0.0.202111181127/tools/bin/../lib/gcc/arm-none-eabi/10.3.1/../../../../arm-none-eabi/lib/thumb/v7e-m+fp/hard\libc_nano.a(lib_a-memset.o)
 .debug_frame   0x0000000000004678       0x28 c:/st/stm32cubeide_1.0.1/stm32cubeide/plugins/com.st.stm32cube.ide.mcu.externaltools.gnu-tools-for-stm32.10.3-2021.10.win32_1.0.0.202111181127/tools/bin/../lib/gcc/arm-none-eabi/10.3.1/../../../../arm-none-eabi/lib/thumb/v7e-m+fp/hard\libc_nano.a(lib_a-strncpy.o)
