Archive member included to satisfy reference by file (symbol)

c:/st/stm32cubeide_1.0.1/stm32cubeide/plugins/com.st.stm32cube.ide.mcu.externaltools.gnu-tools-for-stm32.10.3-2021.10.win32_1.0.0.202111181127/tools/bin/../lib/gcc/arm-none-eabi/10.3.1/../../../../arm-none-eabi/lib/thumb/v7e-m+fp/hard\libc_nano.a(lib_a-errno.o)
                              ./Core/Src/syscalls.o (__errno)
c:/st/stm32cubeide_1.0.1/stm32cubeide/plugins/com.st.stm32cube.ide.mcu.externaltools.gnu-tools-for-stm32.10.3-2021.10.win32_1.0.0.202111181127/tools/bin/../lib/gcc/arm-none-eabi/10.3.1/../../../../arm-none-eabi/lib/thumb/v7e-m+fp/hard\libc_nano.a(lib_a-exit.o)
                              c:/st/stm32cubeide_1.0.1/stm32cubeide/plugins/com.st.stm32cube.ide.mcu.externaltools.gnu-tools-for-stm32.10.3-2021.10.win32_1.0.0.202111181127/tools/bin/../lib/gcc/arm-none-eabi/10.3.1/../../../../arm-none-eabi/lib/thumb/v7e-m+fp/hard/crt0.o (exit)
c:/st/stm32cubeide_1.0.1/stm32cubeide/plugins/com.st.stm32cube.ide.mcu.externaltools.gnu-tools-for-stm32.10.3-2021.10.win32_1.0.0.202111181127/tools/bin/../lib/gcc/arm-none-eabi/10.3.1/../../../../arm-none-eabi/lib/thumb/v7e-m+fp/hard\libc_nano.a(lib_a-impure.o)
                              c:/st/stm32cubeide_1.0.1/stm32cubeide/plugins/com.st.stm32cube.ide.mcu.externaltools.gnu-tools-for-stm32.10.3-2021.10.win32_1.0.0.202111181127/tools/bin/../lib/gcc/arm-none-eabi/10.3.1/../../../../arm-none-eabi/lib/thumb/v7e-m+fp/hard\libc_nano.a(lib_a-exit.o) (_global_impure_ptr)
c:/st/stm32cubeide_1.0.1/stm32cubeide/plugins/com.st.stm32cube.ide.mcu.externaltools.gnu-tools-for-stm32.10.3-2021.10.win32_1.0.0.202111181127/tools/bin/../lib/gcc/arm-none-eabi/10.3.1/../../../../arm-none-eabi/lib/thumb/v7e-m+fp/hard\libc_nano.a(lib_a-init.o)
                              c:/st/stm32cubeide_1.0.1/stm32cubeide/plugins/com.st.stm32cube.ide.mcu.externaltools.gnu-tools-for-stm32.10.3-2021.10.win32_1.0.0.202111181127/tools/bin/../lib/gcc/arm-none-eabi/10.3.1/../../../../arm-none-eabi/lib/thumb/v7e-m+fp/hard/crt0.o (__libc_init_array)
c:/st/stm32cubeide_1.0.1/stm32cubeide/plugins/com.st.stm32cube.ide.mcu.externaltools.gnu-tools-for-stm32.10.3-2021.10.win32_1.0.0.202111181127/tools/bin/../lib/gcc/arm-none-eabi/10.3.1/../../../../arm-none-eabi/lib/thumb/v7e-m+fp/hard\libc_nano.a(lib_a-memset.o)
                              c:/st/stm32cubeide_1.0.1/stm32cubeide/plugins/com.st.stm32cube.ide.mcu.externaltools.gnu-tools-for-stm32.10.3-2021.10.win32_1.0.0.202111181127/tools/bin/../lib/gcc/arm-none-eabi/10.3.1/../../../../arm-none-eabi/lib/thumb/v7e-m+fp/hard/crt0.o (memset)

Discarded input sections

 .text          0x0000000000000000        0x0 c:/st/stm32cubeide_1.0.1/stm32cubeide/plugins/com.st.stm32cube.ide.mcu.externaltools.gnu-tools-for-stm32.10.3-2021.10.win32_1.0.0.202111181127/tools/bin/../lib/gcc/arm-none-eabi/10.3.1/thumb/v7e-m+fp/hard/crti.o
 .data          0x0000000000000000        0x0 c:/st/stm32cubeide_1.0.1/stm32cubeide/plugins/com.st.stm32cube.ide.mcu.externaltools.gnu-tools-for-stm32.10.3-2021.10.win32_1.0.0.202111181127/tools/bin/../lib/gcc/arm-none-eabi/10.3.1/thumb/v7e-m+fp/hard/crti.o
 .bss           0x0000000000000000        0x0 c:/st/stm32cubeide_1.0.1/stm32cubeide/plugins/com.st.stm32cube.ide.mcu.externaltools.gnu-tools-for-stm32.10.3-2021.10.win32_1.0.0.202111181127/tools/bin/../lib/gcc/arm-none-eabi/10.3.1/thumb/v7e-m+fp/hard/crti.o
 .data          0x0000000000000000        0x4 c:/st/stm32cubeide_1.0.1/stm32cubeide/plugins/com.st.stm32cube.ide.mcu.externaltools.gnu-tools-for-stm32.10.3-2021.10.win32_1.0.0.202111181127/tools/bin/../lib/gcc/arm-none-eabi/10.3.1/thumb/v7e-m+fp/hard/crtbegin.o
 .rodata        0x0000000000000000       0x24 c:/st/stm32cubeide_1.0.1/stm32cubeide/plugins/com.st.stm32cube.ide.mcu.externaltools.gnu-tools-for-stm32.10.3-2021.10.win32_1.0.0.202111181127/tools/bin/../lib/gcc/arm-none-eabi/10.3.1/thumb/v7e-m+fp/hard/crtbegin.o
 .text          0x0000000000000000       0x7c c:/st/stm32cubeide_1.0.1/stm32cubeide/plugins/com.st.stm32cube.ide.mcu.externaltools.gnu-tools-for-stm32.10.3-2021.10.win32_1.0.0.202111181127/tools/bin/../lib/gcc/arm-none-eabi/10.3.1/../../../../arm-none-eabi/lib/thumb/v7e-m+fp/hard/crt0.o
 .data          0x0000000000000000        0x0 c:/st/stm32cubeide_1.0.1/stm32cubeide/plugins/com.st.stm32cube.ide.mcu.externaltools.gnu-tools-for-stm32.10.3-2021.10.win32_1.0.0.202111181127/tools/bin/../lib/gcc/arm-none-eabi/10.3.1/../../../../arm-none-eabi/lib/thumb/v7e-m+fp/hard/crt0.o
 .bss           0x0000000000000000        0x0 c:/st/stm32cubeide_1.0.1/stm32cubeide/plugins/com.st.stm32cube.ide.mcu.externaltools.gnu-tools-for-stm32.10.3-2021.10.win32_1.0.0.202111181127/tools/bin/../lib/gcc/arm-none-eabi/10.3.1/../../../../arm-none-eabi/lib/thumb/v7e-m+fp/hard/crt0.o
[...]
Memory Configuration

Name             Origin             Length             Attributes
CCMRAM           0x0000000010000000 0x0000000000004000 xrw
RAM              0x0000000020000000 0x0000000000010000 xrw
FLASH            0x0000000008000000 0x0000000000080000 xr
*default*        0x0000000000000000 0xffffffffffffffff

Linker script and memory map

LOAD c:/st/stm32cubeide_1.0.1/stm32cubeide/plugins/com.st.stm32cube.ide.mcu.externaltools.gnu-tools-for-stm32.10.3-2021.10.win32_1.0.0.202111181127/tools/bin/../lib/gcc/arm-none-eabi/10.3.1/thumb/v7e-m+fp/hard/crti.o
LOAD c:/st/stm32cubeide_1.0.1/stm32cubeide/plugins/com.st.stm32cube.ide.mcu.externaltools.gnu-tools-for-stm32.10.3-2021.10.win32_1.0.0.202111181127/tools/bin/../lib/gcc/arm-none-eabi/10.3.1/thumb/v7e-m+fp/hard/crtbegin.o
LOAD c:/st/stm32cubeide_1.0.1/stm32cubeide/plugins/com.st.stm32cube.ide.mcu.externaltools.gnu-tools-for-stm32.10.3-2021.10.win32_1.0.0.202111181127/tools/bin/../lib/gcc/arm-none-eabi/10.3.1/../../../../arm-none-eabi/lib/thumb/v7e-m+fp/hard/crt0.o
LOAD ./Core/Src/ESP01.o
LOAD ./Core/Src/main.o
LOAD ./Core/Src/stm32f3xx_hal_msp.o
LOAD ./Core/Src/stm32f3xx_it.o
LOAD ./Core/Src/syscalls.o
LOAD ./Core/Src/sysmem.o
LOAD ./Core/Src/system_stm32f3xx.o
LOAD ./Core/Startup/startup_stm32f303retx.o
LOAD ./Drivers/STM32F3xx_HAL_Driver/Src/stm32f3xx_hal.o
LOAD ./Drivers/STM32F3xx_HAL_Driver/Src/stm32f3xx_hal_adc.o
LOAD ./Drivers/STM32F3xx_HAL_Driver/Src/stm32f3xx_hal_adc_ex.o
LOAD ./Drivers/STM32F3xx_HAL_Driver/Src/stm32f3xx_hal_cortex.o
LOAD ./Drivers/STM32F3xx_HAL_Driver/Src/stm32f3xx_hal_dma.o
LOAD ./Drivers/STM32F3xx_HAL_Driver/Src/stm32f3xx_hal_exti.o
LOAD ./Drivers/STM32F3xx_HAL_Driver/Src/stm32f3xx_hal_flash.o
LOAD ./Drivers/STM32F3xx_HAL_Driver/Src/stm32f3xx_hal_flash_ex.o
LOAD ./Drivers/STM32F3xx_HAL_Driver/Src/stm32f3xx_hal_gpio.o
LOAD ./Drivers/STM32F3xx_HAL_Driver/Src/stm32f3xx_hal_i2c.o
LOAD ./Drivers/STM32F3xx_HAL_Driver/Src/stm32f3xx_hal_i2c_ex.o
LOAD ./Drivers/STM32F3xx_HAL_Driver/Src/stm32f3xx_hal_pwr.o
LOAD ./Drivers/STM32F3xx_HAL_Driver/Src/stm32f3xx_hal_pwr_ex.o
LOAD ./Drivers/STM32F3xx_HAL_Driver/Src/stm32f3xx_hal_rcc.o
LOAD ./Drivers/STM32F3xx_HAL_Driver/Src/stm32f3xx_hal_rcc_ex.o
LOAD ./Drivers/STM32F3xx_HAL_Driver/Src/stm32f3xx_hal_tim.o
LOAD ./Drivers/STM32F3xx_HAL_Driver/Src/stm32f3xx_hal_tim_ex.o
LOAD ./Drivers/STM32F3xx_HAL_Driver/Src/stm32f3xx_hal_uart.o
LOAD ./Drivers/STM32F3xx_HAL_Driver/Src/stm32f3xx_hal_uart_ex.o
START GROUP
LOAD c:/st/stm32cubeide_1.0.1/stm32cubeide/plugins/com.st.stm32cube.ide.mcu.externaltools.gnu-tools-for-stm32.10.3-2021.10.win32_1.0.0.202111181127/tools/bin/../lib/gcc/arm-none-eabi/10.3.1/../../../../arm-none-eabi/lib/thumb/v7e-m+fp/hard\libc_nano.a
LOAD c:/st/stm32cubeide_1.0.1/stm32cubeide/plugins/com.st.stm32cube.ide.mcu.externaltools.gnu-tools-for-stm32.10.3-2021.10.win32_1.0.0.202111181127/tools/bin/../lib/gcc/arm-none-eabi/10.3.1/../../../../arm-none-eabi/lib/thumb/v7e-m+fp/hard\libm.a
END GROUP
START GROUP
LOAD c:/st/stm32cubeide_1.0.1/stm32cubeide/plugins/com.st.stm32cube.ide.mcu.externaltools.gnu-tools-for-stm32.10.3-2021.10.win32_1.0.0.202111181127/tools/bin/../lib/gcc/arm-none-eabi/10.3.1/thumb/v7e-m+fp/hard\libgcc.a
LOAD c:/st/stm32cubeide_1.0.1/stm32cubeide/plugins/com.st.stm32cube.ide.mcu.externaltools.gnu-tools-for-stm32.10.3-2021.10.win32_1.0.0.202111181127/tools/bin/../lib/gcc/arm-none-eabi/10.3.1/../../../../arm-none-eabi/lib/thumb/v7e-m+fp/hard\libc_nano.a
END GROUP
START GROUP
LOAD c:/st/stm32cubeide_1.0.1/stm32cubeide/plugins/com.st.stm32cube.ide.mcu.externaltools.gnu-tools-for-stm32.10.3-2021.10.win32_1.0.0.202111181127/tools/bin/../lib/gcc/arm-none-eabi/10.3.1/thumb/v7e-m+fp/hard\libgcc.a
LOAD c:/st/stm32cubeide_1.0.1/stm32cubeide/plugins/com.st.stm32cube.ide.mcu.externaltools.gnu-tools-for-stm32.10.3-2021.10.win32_1.0.0.202111181127/tools/bin/../lib/gcc/arm-none-eabi/10.3.1/../../../../arm-none-eabi/lib/thumb/v7e-m+fp/hard\libc_nano.a
LOAD c:/st/stm32cubeide_1.0.1/stm32cubeide/plugins/com.st.stm32cube.ide.mcu.externaltools.gnu-tools-for-stm32.10.3-2021.10.win32_1.0.0.202111181127/tools/bin/../lib/gcc/arm-none-eabi/10.3.1/../../../../arm-none-eabi/lib/thumb/v7e-m+fp/hard\libnosys.a
END GROUP
START GROUP
LOAD c:/st/stm32cubeide_1.0.1/stm32cubeide/plugins/com.st.stm32cube.ide.mcu.externaltools.gnu-tools-for-stm32.10.3-2021.10.win32_1.0.0.202111181127/tools/bin/../lib/gcc/arm-none-eabi/10.3.1/thumb/v7e-m+fp/hard\libgcc.a
LOAD c:/st/stm32cubeide_1.0.1/stm32cubeide/plugins/com.st.stm32cube.ide.mcu.externaltools.gnu-tools-for-stm32.10.3-2021.10.win32_1.0.0.202111181127/tools/bin/../lib/gcc/arm-none-eabi/10.3.1/../../../../arm-none-eabi/lib/thumb/v7e-m+fp/hard\libc_nano.a
LOAD c:/st/stm32cubeide_1.0.1/stm32cubeide/plugins/com.st.stm32cube.ide.mcu.externaltools.gnu-tools-for-stm32.10.3-2021.10.win32_1.0.0.202111181127/tools/bin/../lib/gcc/arm-none-eabi/10.3.1/../../../../arm-none-eabi/lib/thumb/v7e-m+fp/hard\libnosys.a
END GROUP
LOAD c:/st/stm32cubeide_1.0.1/stm32cubeide/plugins/com.st.stm32cube.ide.mcu.externaltools.gnu-tools-for-stm32.10.3-2021.10.win32_1.0.0.202111181127/tools/bin/../lib/gcc/arm-none-eabi/10.3.1/thumb/v7e-m+fp/hard/crtend.o
LOAD c:/st/stm32cubeide_1.0.1/stm32cubeide/plugins/com.st.stm32cube.ide.mcu.externaltools.gnu-tools-for-stm32.10.3-2021.10.win32_1.0.0.202111181127/tools/bin/../lib/gcc/arm-none-eabi/10.3.1/thumb/v7e-m+fp/hard/crtn.o
                0x0000000020010000                _estack = (ORIGIN (RAM) + LENGTH (RAM))
                0x0000000000000200                _Min_Heap_Size = 0x200
                0x0000000000000400                _Min_Stack_Size = 0x400

.isr_vector     0x0000000008000000      0x194
                0x0000000008000000                . = ALIGN (0x4)
 *(.isr_vector)
 .isr_vector    0x0000000008000000      0x194 ./Core/Startup/startup_stm32f303retx.o
                0x0000000008000000                g_pfnVectors
                0x0000000008000194                . = ALIGN (0x4)

.text           0x0000000008000194     0x8bf0
                0x0000000008000194                . = ALIGN (0x4)
 *(.text)
 .text          0x0000000008000194       0x40 c:/st/stm32cubeide_1.0.1/stm32cubeide/plugins/com.st.stm32cube.ide.mcu.externaltools.gnu-tools-for-stm32.10.3-2021.10.win32_1.0.0.202111181127/tools/bin/../lib/gcc/arm-none-eabi/10.3.1/thumb/v7e-m+fp/hard/crtbegin.o
 *(.text*)
 .text.HAL_ADC_ConvCpltCallback
                0x00000000080001d4      0x194 ./Core/Src/main.o
                0x00000000080001d4                HAL_ADC_ConvCpltCallback
 .text.HAL_TIM_PeriodElapsedCallback
                0x0000000008000368      0x120 ./Core/Src/main.o
                0x0000000008000368                HAL_TIM_PeriodElapsedCallback
 .text.HAL_UART_RxCpltCallback
                0x0000000008000488      0x14c ./Core/Src/main.o
                0x0000000008000488                HAL_UART_RxCpltCallback
 .text.DecodeHeader
                0x00000000080005d4      0x1f8 ./Core/Src/main.o
                0x00000000080005d4                DecodeHeader
 .text.PutBufOnTx
                0x00000000080007cc       0x70 ./Core/Src/main.o
                0x00000000080007cc                PutBufOnTx
 .text.PutByteOnTx
                0x000000000800083c       0x50 ./Core/Src/main.o
                0x000000000800083c                PutByteOnTx
 .text.PutHeaderOnTx
                0x000000000800088c      0x15a ./Core/Src/main.o
                0x000000000800088c                PutHeaderOnTx
 .text.PutStrOntx
                0x00000000080009e6       0x70 ./Core/Src/main.o
                0x00000000080009e6                PutStrOntx
 .text.GetByteFromRx
                0x0000000008000a56       0x70 ./Core/Src/main.o
                0x0000000008000a56                GetByteFromRx
 *fill*         0x0000000008000ac6        0x2 
 .text.DecodeCmd
                0x0000000008000ac8      0x5f4 ./Core/Src/main.o
                0x0000000008000ac8                DecodeCmd
 .text.Do100ms  0x00000000080010bc       0xa0 ./Core/Src/main.o
                0x00000000080010bc                Do100ms
 .text.main     0x000000000800115c      0x4e8 ./Core/Src/main.o
                0x000000000800115c                main
 .text.SystemClock_Config
                0x0000000008001644       0xd8 ./Core/Src/main.o
                0x0000000008001644                SystemClock_Config
 .text.MX_ADC1_Init
                0x000000000800171c      0x13c ./Core/Src/main.o
 .text.MX_ADC2_Init
                0x0000000008001858      0x104 ./Core/Src/main.o
 .text.MX_ADC3_Init
                0x000000000800195c       0xe0 ./Core/Src/main.o
 .text.MX_TIM1_Init
                0x0000000008001a3c       0xa8 ./Core/Src/main.o
 .text.MX_TIM3_Init
                0x0000000008001ae4       0xf8 ./Core/Src/main.o
 .text.MX_USART2_UART_Init
                0x0000000008001bdc       0x60 ./Core/Src/main.o
 .text.MX_USART3_UART_Init
                0x0000000008001c3c       0x60 ./Core/Src/main.o
 .text.MX_DMA_Init
                0x0000000008001c9c       0x3c ./Core/Src/main.o
 .text.MX_GPIO_Init
                0x0000000008001cd8      0x11c ./Core/Src/main.o
 .text.Error_Handler
                0x0000000008001df4        0xa ./Core/Src/main.o
                0x0000000008001df4                Error_Handler
 *fill*         0x0000000008001dfe        0x2 
 .text.HAL_MspInit
                0x0000000008001e00       0x48 ./Core/Src/stm32f3xx_hal_msp.o
                0x0000000008001e00                HAL_MspInit
 .text.HAL_ADC_MspInit
                0x0000000008001e48      0x224 ./Core/Src/stm32f3xx_hal_msp.o
                0x0000000008001e48                HAL_ADC_MspInit
 .text.HAL_TIM_Base_MspInit
                0x000000000800206c       0x4c ./Core/Src/stm32f3xx_hal_msp.o
                0x000000000800206c                HAL_TIM_Base_MspInit
 .text.HAL_TIM_PWM_MspInit
                0x00000000080020b8       0x40 ./Core/Src/stm32f3xx_hal_msp.o
                0x00000000080020b8                HAL_TIM_PWM_MspInit
 .text.HAL_TIM_MspPostInit
                0x00000000080020f8       0x70 ./Core/Src/stm32f3xx_hal_msp.o
                0x00000000080020f8                HAL_TIM_MspPostInit
 .text.HAL_UART_MspInit
                0x0000000008002168      0x10c ./Core/Src/stm32f3xx_hal_msp.o
                0x0000000008002168                HAL_UART_MspInit
 .text.NMI_Handler
                0x0000000008002274        0x6 ./Core/Src/stm32f3xx_it.o
                0x0000000008002274                NMI_Handler
 .text.HardFault_Handler
                0x000000000800227a        0x6 ./Core/Src/stm32f3xx_it.o
                0x000000000800227a                HardFault_Handler
 .text.MemManage_Handler
                0x0000000008002280        0x6 ./Core/Src/stm32f3xx_it.o
                0x0000000008002280                MemManage_Handler
 .text.BusFault_Handler
                0x0000000008002286        0x6 ./Core/Src/stm32f3xx_it.o
                0x0000000008002286                BusFault_Handler
 .text.UsageFault_Handler
                0x000000000800228c        0x6 ./Core/Src/stm32f3xx_it.o
                0x000000000800228c                UsageFault_Handler
 .text.SVC_Handler
                0x0000000008002292        0xe ./Core/Src/stm32f3xx_it.o
                0x0000000008002292                SVC_Handler
 .text.DebugMon_Handler
                0x00000000080022a0        0xe ./Core/Src/stm32f3xx_it.o
                0x00000000080022a0                DebugMon_Handler
 .text.PendSV_Handler
                0x00000000080022ae        0xe ./Core/Src/stm32f3xx_it.o
                0x00000000080022ae                PendSV_Handler
 .text.SysTick_Handler
                0x00000000080022bc        0xc ./Core/Src/stm32f3xx_it.o
                0x00000000080022bc                SysTick_Handler
 .text.DMA1_Channel1_IRQHandler
                0x00000000080022c8       0x14 ./Core/Src/stm32f3xx_it.o
                0x00000000080022c8                DMA1_Channel1_IRQHandler
 .text.TIM1_UP_TIM16_IRQHandler
                0x00000000080022dc       0x14 ./Core/Src/stm32f3xx_it.o
                0x00000000080022dc                TIM1_UP_TIM16_IRQHandler
 .text.USART2_IRQHandler
                0x00000000080022f0       0x14 ./Core/Src/stm32f3xx_it.o
                0x00000000080022f0                USART2_IRQHandler
 .text.USART3_IRQHandler
                0x0000000008002304       0x14 ./Core/Src/stm32f3xx_it.o
                0x0000000008002304                USART3_IRQHandler
 .text.ADC3_IRQHandler
                0x0000000008002318       0x14 ./Core/Src/stm32f3xx_it.o
                0x0000000008002318                ADC3_IRQHandler
 .text.SystemInit
                0x000000000800232c       0x24 ./Core/Src/system_stm32f3xx.o
                0x000000000800232c                SystemInit
 .text.Reset_Handler
                0x0000000008002350       0x50 ./Core/Startup/startup_stm32f303retx.o
                0x0000000008002350                Reset_Handler
 .text.Default_Handler
                0x00000000080023a0        0x2 ./Core/Startup/startup_stm32f303retx.o
                0x00000000080023a0                RTC_Alarm_IRQHandler
                0x00000000080023a0                TIM8_TRG_COM_IRQHandler
                0x00000000080023a0                TIM8_CC_IRQHandler
                0x00000000080023a0                SPI4_IRQHandler
                0x00000000080023a0                TIM1_CC_IRQHandler
                0x00000000080023a0                USB_HP_IRQHandler
                0x00000000080023a0                PVD_IRQHandler
                0x00000000080023a0                TAMP_STAMP_IRQHandler
                0x00000000080023a0                EXTI3_IRQHandler
                0x00000000080023a0                I2C3_ER_IRQHandler
                0x00000000080023a0                USB_HP_CAN_TX_IRQHandler
                0x00000000080023a0                EXTI0_IRQHandler
                0x00000000080023a0                I2C2_EV_IRQHandler
                0x00000000080023a0                FPU_IRQHandler
                0x00000000080023a0                ADC1_2_IRQHandler
                0x00000000080023a0                SPI1_IRQHandler
                0x00000000080023a0                CAN_SCE_IRQHandler
                0x00000000080023a0                TIM6_DAC_IRQHandler
                0x00000000080023a0                TIM8_UP_IRQHandler
                0x00000000080023a0                DMA2_Channel2_IRQHandler
                0x00000000080023a0                DMA1_Channel4_IRQHandler
                0x00000000080023a0                TIM20_TRG_COM_IRQHandler
                0x00000000080023a0                DMA1_Channel7_IRQHandler
                0x00000000080023a0                UART5_IRQHandler
                0x00000000080023a0                TIM4_IRQHandler
                0x00000000080023a0                CAN_RX1_IRQHandler
                0x00000000080023a0                DMA2_Channel1_IRQHandler
                0x00000000080023a0                I2C1_EV_IRQHandler
                0x00000000080023a0                DMA1_Channel6_IRQHandler
                0x00000000080023a0                UART4_IRQHandler
                0x00000000080023a0                DMA2_Channel4_IRQHandler
                0x00000000080023a0                TIM3_IRQHandler
                0x00000000080023a0                RCC_IRQHandler
                0x00000000080023a0                TIM20_UP_IRQHandler
                0x00000000080023a0                Default_Handler
                0x00000000080023a0                USBWakeUp_RMP_IRQHandler
                0x00000000080023a0                EXTI15_10_IRQHandler
                0x00000000080023a0                TIM7_IRQHandler
                0x00000000080023a0                I2C3_EV_IRQHandler
                0x00000000080023a0                EXTI9_5_IRQHandler
                0x00000000080023a0                RTC_WKUP_IRQHandler
                0x00000000080023a0                SPI2_IRQHandler
                0x00000000080023a0                USB_LP_CAN_RX0_IRQHandler
                0x00000000080023a0                DMA2_Channel5_IRQHandler
                0x00000000080023a0                DMA1_Channel5_IRQHandler
                0x00000000080023a0                USB_LP_IRQHandler
                0x00000000080023a0                EXTI4_IRQHandler
                0x00000000080023a0                TIM1_TRG_COM_TIM17_IRQHandler
                0x00000000080023a0                DMA1_Channel3_IRQHandler
                0x00000000080023a0                ADC4_IRQHandler
                0x00000000080023a0                WWDG_IRQHandler
                0x00000000080023a0                TIM2_IRQHandler
                0x00000000080023a0                COMP7_IRQHandler
                0x00000000080023a0                COMP1_2_3_IRQHandler
                0x00000000080023a0                EXTI1_IRQHandler
                0x00000000080023a0                COMP4_5_6_IRQHandler
                0x00000000080023a0                TIM20_BRK_IRQHandler
                0x00000000080023a0                I2C2_ER_IRQHandler
                0x00000000080023a0                DMA1_Channel2_IRQHandler
                0x00000000080023a0                TIM8_BRK_IRQHandler
                0x00000000080023a0                FLASH_IRQHandler
                0x00000000080023a0                TIM20_CC_IRQHandler
                0x00000000080023a0                USART1_IRQHandler
                0x00000000080023a0                SPI3_IRQHandler
                0x00000000080023a0                I2C1_ER_IRQHandler
                0x00000000080023a0                FMC_IRQHandler
                0x00000000080023a0                USBWakeUp_IRQHandler
                0x00000000080023a0                DMA2_Channel3_IRQHandler
                0x00000000080023a0                EXTI2_TSC_IRQHandler
                0x00000000080023a0                TIM1_BRK_TIM15_IRQHandler
 *fill*         0x00000000080023a2        0x2 
 .text.HAL_Init
                0x00000000080023a4       0x2c ./Drivers/STM32F3xx_HAL_Driver/Src/stm32f3xx_hal.o
                0x00000000080023a4                HAL_Init
 .text.HAL_InitTick
                0x00000000080023d0       0x60 ./Drivers/STM32F3xx_HAL_Driver/Src/stm32f3xx_hal.o
                0x00000000080023d0                HAL_InitTick
 .text.HAL_IncTick
                0x0000000008002430       0x28 ./Drivers/STM32F3xx_HAL_Driver/Src/stm32f3xx_hal.o
                0x0000000008002430                HAL_IncTick
 .text.HAL_GetTick
                0x0000000008002458       0x18 ./Drivers/STM32F3xx_HAL_Driver/Src/stm32f3xx_hal.o
                0x0000000008002458                HAL_GetTick
 .text.HAL_ADC_ConvHalfCpltCallback
                0x0000000008002470       0x14 ./Drivers/STM32F3xx_HAL_Driver/Src/stm32f3xx_hal_adc.o
                0x0000000008002470                HAL_ADC_ConvHalfCpltCallback
 .text.HAL_ADC_LevelOutOfWindowCallback
                0x0000000008002484       0x14 ./Drivers/STM32F3xx_HAL_Driver/Src/stm32f3xx_hal_adc.o
                0x0000000008002484                HAL_ADC_LevelOutOfWindowCallback
 .text.HAL_ADC_ErrorCallback
                0x0000000008002498       0x14 ./Drivers/STM32F3xx_HAL_Driver/Src/stm32f3xx_hal_adc.o
                0x0000000008002498                HAL_ADC_ErrorCallback
 .text.HAL_ADC_Init
                0x00000000080024ac      0x3f4 ./Drivers/STM32F3xx_HAL_Driver/Src/stm32f3xx_hal_adc_ex.o
                0x00000000080024ac                HAL_ADC_Init
 .text.HAL_ADC_Start
                0x00000000080028a0      0x22c ./Drivers/STM32F3xx_HAL_Driver/Src/stm32f3xx_hal_adc_ex.o
                0x00000000080028a0                HAL_ADC_Start
 .text.HAL_ADC_Start_IT
                0x0000000008002acc      0x280 ./Drivers/STM32F3xx_HAL_Driver/Src/stm32f3xx_hal_adc_ex.o
                0x0000000008002acc                HAL_ADC_Start_IT
 .text.HAL_ADC_GetValue
                0x0000000008002d4c       0x1a ./Drivers/STM32F3xx_HAL_Driver/Src/stm32f3xx_hal_adc_ex.o
                0x0000000008002d4c                HAL_ADC_GetValue
 *fill*         0x0000000008002d66        0x2 
 .text.HAL_ADC_IRQHandler
                0x0000000008002d68      0x620 ./Drivers/STM32F3xx_HAL_Driver/Src/stm32f3xx_hal_adc_ex.o
                0x0000000008002d68                HAL_ADC_IRQHandler
 .text.HAL_ADCEx_MultiModeStart_DMA
                0x0000000008003388      0x1a0 ./Drivers/STM32F3xx_HAL_Driver/Src/stm32f3xx_hal_adc_ex.o
                0x0000000008003388                HAL_ADCEx_MultiModeStart_DMA
 .text.HAL_ADCEx_InjectedConvCpltCallback
                0x0000000008003528       0x14 ./Drivers/STM32F3xx_HAL_Driver/Src/stm32f3xx_hal_adc_ex.o
                0x0000000008003528                HAL_ADCEx_InjectedConvCpltCallback
 .text.HAL_ADCEx_InjectedQueueOverflowCallback
                0x000000000800353c       0x14 ./Drivers/STM32F3xx_HAL_Driver/Src/stm32f3xx_hal_adc_ex.o
                0x000000000800353c                HAL_ADCEx_InjectedQueueOverflowCallback
 .text.HAL_ADCEx_LevelOutOfWindow2Callback
                0x0000000008003550       0x14 ./Drivers/STM32F3xx_HAL_Driver/Src/stm32f3xx_hal_adc_ex.o
                0x0000000008003550                HAL_ADCEx_LevelOutOfWindow2Callback
 .text.HAL_ADCEx_LevelOutOfWindow3Callback
                0x0000000008003564       0x14 ./Drivers/STM32F3xx_HAL_Driver/Src/stm32f3xx_hal_adc_ex.o
                0x0000000008003564                HAL_ADCEx_LevelOutOfWindow3Callback
 .text.HAL_ADC_ConfigChannel
                0x0000000008003578      0x5d8 ./Drivers/STM32F3xx_HAL_Driver/Src/stm32f3xx_hal_adc_ex.o
                0x0000000008003578                HAL_ADC_ConfigChannel
 .text.HAL_ADCEx_MultiModeConfigChannel
                0x0000000008003b50      0x1e4 ./Drivers/STM32F3xx_HAL_Driver/Src/stm32f3xx_hal_adc_ex.o
                0x0000000008003b50                HAL_ADCEx_MultiModeConfigChannel
 .text.ADC_DMAConvCplt
                0x0000000008003d34       0x7a ./Drivers/STM32F3xx_HAL_Driver/Src/stm32f3xx_hal_adc_ex.o
 .text.ADC_DMAHalfConvCplt
                0x0000000008003dae       0x1c ./Drivers/STM32F3xx_HAL_Driver/Src/stm32f3xx_hal_adc_ex.o
 .text.ADC_DMAError
                0x0000000008003dca       0x34 ./Drivers/STM32F3xx_HAL_Driver/Src/stm32f3xx_hal_adc_ex.o
 *fill*         0x0000000008003dfe        0x2 
 .text.ADC_Enable
                0x0000000008003e00       0xc8 ./Drivers/STM32F3xx_HAL_Driver/Src/stm32f3xx_hal_adc_ex.o
 .text.ADC_Disable
                0x0000000008003ec8       0xcc ./Drivers/STM32F3xx_HAL_Driver/Src/stm32f3xx_hal_adc_ex.o
 .text.__NVIC_SetPriorityGrouping
                0x0000000008003f94       0x48 ./Drivers/STM32F3xx_HAL_Driver/Src/stm32f3xx_hal_cortex.o
 .text.__NVIC_GetPriorityGrouping
                0x0000000008003fdc       0x1c ./Drivers/STM32F3xx_HAL_Driver/Src/stm32f3xx_hal_cortex.o
 .text.__NVIC_EnableIRQ
                0x0000000008003ff8       0x3c ./Drivers/STM32F3xx_HAL_Driver/Src/stm32f3xx_hal_cortex.o
 .text.__NVIC_SetPriority
                0x0000000008004034       0x54 ./Drivers/STM32F3xx_HAL_Driver/Src/stm32f3xx_hal_cortex.o
 .text.NVIC_EncodePriority
                0x0000000008004088       0x66 ./Drivers/STM32F3xx_HAL_Driver/Src/stm32f3xx_hal_cortex.o
 *fill*         0x00000000080040ee        0x2 
 .text.SysTick_Config
                0x00000000080040f0       0x44 ./Drivers/STM32F3xx_HAL_Driver/Src/stm32f3xx_hal_cortex.o
 .text.HAL_NVIC_SetPriorityGrouping
                0x0000000008004134       0x16 ./Drivers/STM32F3xx_HAL_Driver/Src/stm32f3xx_hal_cortex.o
                0x0000000008004134                HAL_NVIC_SetPriorityGrouping
 .text.HAL_NVIC_SetPriority
                0x000000000800414a       0x38 ./Drivers/STM32F3xx_HAL_Driver/Src/stm32f3xx_hal_cortex.o
                0x000000000800414a                HAL_NVIC_SetPriority
 .text.HAL_NVIC_EnableIRQ
                0x0000000008004182       0x1c ./Drivers/STM32F3xx_HAL_Driver/Src/stm32f3xx_hal_cortex.o
                0x0000000008004182                HAL_NVIC_EnableIRQ
 .text.HAL_SYSTICK_Config
                0x000000000800419e       0x18 ./Drivers/STM32F3xx_HAL_Driver/Src/stm32f3xx_hal_cortex.o
                0x000000000800419e                HAL_SYSTICK_Config
 .text.HAL_DMA_Init
                0x00000000080041b6       0x8e ./Drivers/STM32F3xx_HAL_Driver/Src/stm32f3xx_hal_dma.o
                0x00000000080041b6                HAL_DMA_Init
 .text.HAL_DMA_Start_IT
                0x0000000008004244       0xbe ./Drivers/STM32F3xx_HAL_Driver/Src/stm32f3xx_hal_dma.o
                0x0000000008004244                HAL_DMA_Start_IT
 .text.HAL_DMA_Abort
                0x0000000008004302       0x72 ./Drivers/STM32F3xx_HAL_Driver/Src/stm32f3xx_hal_dma.o
                0x0000000008004302                HAL_DMA_Abort
 .text.HAL_DMA_Abort_IT
                0x0000000008004374       0x7c ./Drivers/STM32F3xx_HAL_Driver/Src/stm32f3xx_hal_dma.o
                0x0000000008004374                HAL_DMA_Abort_IT
 .text.HAL_DMA_IRQHandler
                0x00000000080043f0      0x146 ./Drivers/STM32F3xx_HAL_Driver/Src/stm32f3xx_hal_dma.o
                0x00000000080043f0                HAL_DMA_IRQHandler
 .text.DMA_SetConfig
                0x0000000008004536       0x5c ./Drivers/STM32F3xx_HAL_Driver/Src/stm32f3xx_hal_dma.o
 *fill*         0x0000000008004592        0x2 
 .text.DMA_CalcBaseAndBitshift
                0x0000000008004594       0x78 ./Drivers/STM32F3xx_HAL_Driver/Src/stm32f3xx_hal_dma.o
 .text.HAL_GPIO_Init
                0x000000000800460c      0x314 ./Drivers/STM32F3xx_HAL_Driver/Src/stm32f3xx_hal_gpio.o
                0x000000000800460c                HAL_GPIO_Init
 .text.HAL_GPIO_WritePin
                0x0000000008004920       0x30 ./Drivers/STM32F3xx_HAL_Driver/Src/stm32f3xx_hal_gpio.o
                0x0000000008004920                HAL_GPIO_WritePin
 .text.HAL_RCC_OscConfig
                0x0000000008004950     0x10a8 ./Drivers/STM32F3xx_HAL_Driver/Src/stm32f3xx_hal_rcc.o
                0x0000000008004950                HAL_RCC_OscConfig
 .text.HAL_RCC_ClockConfig
                0x00000000080059f8      0x2f8 ./Drivers/STM32F3xx_HAL_Driver/Src/stm32f3xx_hal_rcc.o
                0x00000000080059f8                HAL_RCC_ClockConfig
 .text.HAL_RCC_GetSysClockFreq
                0x0000000008005cf0       0xd4 ./Drivers/STM32F3xx_HAL_Driver/Src/stm32f3xx_hal_rcc.o
                0x0000000008005cf0                HAL_RCC_GetSysClockFreq
 .text.HAL_RCC_GetHCLKFreq
                0x0000000008005dc4       0x18 ./Drivers/STM32F3xx_HAL_Driver/Src/stm32f3xx_hal_rcc.o
                0x0000000008005dc4                HAL_RCC_GetHCLKFreq
 .text.HAL_RCC_GetPCLK1Freq
                0x0000000008005ddc       0x44 ./Drivers/STM32F3xx_HAL_Driver/Src/stm32f3xx_hal_rcc.o
                0x0000000008005ddc                HAL_RCC_GetPCLK1Freq
 .text.HAL_RCC_GetPCLK2Freq
                0x0000000008005e20       0x44 ./Drivers/STM32F3xx_HAL_Driver/Src/stm32f3xx_hal_rcc.o
                0x0000000008005e20                HAL_RCC_GetPCLK2Freq
 .text.HAL_RCCEx_PeriphCLKConfig
                0x0000000008005e64      0x43c ./Drivers/STM32F3xx_HAL_Driver/Src/stm32f3xx_hal_rcc_ex.o
                0x0000000008005e64                HAL_RCCEx_PeriphCLKConfig
 .text.HAL_TIM_Base_Init
                0x00000000080062a0       0xae ./Drivers/STM32F3xx_HAL_Driver/Src/stm32f3xx_hal_tim.o
                0x00000000080062a0                HAL_TIM_Base_Init
 *fill*         0x000000000800634e        0x2 
 .text.HAL_TIM_Base_Start
                0x0000000008006350       0xd0 ./Drivers/STM32F3xx_HAL_Driver/Src/stm32f3xx_hal_tim.o
                0x0000000008006350                HAL_TIM_Base_Start
 .text.HAL_TIM_Base_Start_IT
                0x0000000008006420       0xe0 ./Drivers/STM32F3xx_HAL_Driver/Src/stm32f3xx_hal_tim.o
                0x0000000008006420                HAL_TIM_Base_Start_IT
 .text.HAL_TIM_PWM_Init
                0x0000000008006500       0xae ./Drivers/STM32F3xx_HAL_Driver/Src/stm32f3xx_hal_tim.o
                0x0000000008006500                HAL_TIM_PWM_Init
 *fill*         0x00000000080065ae        0x2 
 .text.HAL_TIM_PWM_Start
                0x00000000080065b0      0x218 ./Drivers/STM32F3xx_HAL_Driver/Src/stm32f3xx_hal_tim.o
                0x00000000080065b0                HAL_TIM_PWM_Start
 .text.HAL_TIM_PWM_Stop
                0x00000000080067c8      0x138 ./Drivers/STM32F3xx_HAL_Driver/Src/stm32f3xx_hal_tim.o
                0x00000000080067c8                HAL_TIM_PWM_Stop
 .text.HAL_TIM_IRQHandler
                0x0000000008006900      0x23e ./Drivers/STM32F3xx_HAL_Driver/Src/stm32f3xx_hal_tim.o
                0x0000000008006900                HAL_TIM_IRQHandler
 *fill*         0x0000000008006b3e        0x2 
 .text.HAL_TIM_PWM_ConfigChannel
                0x0000000008006b40      0x228 ./Drivers/STM32F3xx_HAL_Driver/Src/stm32f3xx_hal_tim.o
                0x0000000008006b40                HAL_TIM_PWM_ConfigChannel
 .text.HAL_TIM_ConfigClockSource
                0x0000000008006d68      0x192 ./Drivers/STM32F3xx_HAL_Driver/Src/stm32f3xx_hal_tim.o
                0x0000000008006d68                HAL_TIM_ConfigClockSource
 .text.HAL_TIM_OC_DelayElapsedCallback
                0x0000000008006efa       0x14 ./Drivers/STM32F3xx_HAL_Driver/Src/stm32f3xx_hal_tim.o
                0x0000000008006efa                HAL_TIM_OC_DelayElapsedCallback
 .text.HAL_TIM_IC_CaptureCallback
                0x0000000008006f0e       0x14 ./Drivers/STM32F3xx_HAL_Driver/Src/stm32f3xx_hal_tim.o
                0x0000000008006f0e                HAL_TIM_IC_CaptureCallback
 .text.HAL_TIM_PWM_PulseFinishedCallback
                0x0000000008006f22       0x14 ./Drivers/STM32F3xx_HAL_Driver/Src/stm32f3xx_hal_tim.o
                0x0000000008006f22                HAL_TIM_PWM_PulseFinishedCallback
 .text.HAL_TIM_TriggerCallback
                0x0000000008006f36       0x14 ./Drivers/STM32F3xx_HAL_Driver/Src/stm32f3xx_hal_tim.o
                0x0000000008006f36                HAL_TIM_TriggerCallback
 *fill*         0x0000000008006f4a        0x2 
 .text.TIM_Base_SetConfig
                0x0000000008006f4c      0x13c ./Drivers/STM32F3xx_HAL_Driver/Src/stm32f3xx_hal_tim.o
                0x0000000008006f4c                TIM_Base_SetConfig
 .text.TIM_OC1_SetConfig
                0x0000000008007088      0x134 ./Drivers/STM32F3xx_HAL_Driver/Src/stm32f3xx_hal_tim.o
 .text.TIM_OC2_SetConfig
                0x00000000080071bc      0x128 ./Drivers/STM32F3xx_HAL_Driver/Src/stm32f3xx_hal_tim.o
                0x00000000080071bc                TIM_OC2_SetConfig
 .text.TIM_OC3_SetConfig
                0x00000000080072e4      0x124 ./Drivers/STM32F3xx_HAL_Driver/Src/stm32f3xx_hal_tim.o
 .text.TIM_OC4_SetConfig
                0x0000000008007408       0xe0 ./Drivers/STM32F3xx_HAL_Driver/Src/stm32f3xx_hal_tim.o
 .text.TIM_OC5_SetConfig
                0x00000000080074e8       0xd4 ./Drivers/STM32F3xx_HAL_Driver/Src/stm32f3xx_hal_tim.o
 .text.TIM_OC6_SetConfig
                0x00000000080075bc       0xd8 ./Drivers/STM32F3xx_HAL_Driver/Src/stm32f3xx_hal_tim.o
 .text.TIM_TI1_ConfigInputStage
                0x0000000008007694       0x5e ./Drivers/STM32F3xx_HAL_Driver/Src/stm32f3xx_hal_tim.o
 .text.TIM_TI2_ConfigInputStage
                0x00000000080076f2       0x60 ./Drivers/STM32F3xx_HAL_Driver/Src/stm32f3xx_hal_tim.o
 .text.TIM_ITRx_SetConfig
                0x0000000008007752       0x36 ./Drivers/STM32F3xx_HAL_Driver/Src/stm32f3xx_hal_tim.o
 .text.TIM_ETR_SetConfig
                0x0000000008007788       0x40 ./Drivers/STM32F3xx_HAL_Driver/Src/stm32f3xx_hal_tim.o
                0x0000000008007788                TIM_ETR_SetConfig
 .text.TIM_CCxChannelCmd
                0x00000000080077c8       0x4a ./Drivers/STM32F3xx_HAL_Driver/Src/stm32f3xx_hal_tim.o
                0x00000000080077c8                TIM_CCxChannelCmd
 *fill*         0x0000000008007812        0x2 
 .text.HAL_TIMEx_MasterConfigSynchronization
                0x0000000008007814      0x118 ./Drivers/STM32F3xx_HAL_Driver/Src/stm32f3xx_hal_tim_ex.o
                0x0000000008007814                HAL_TIMEx_MasterConfigSynchronization
 .text.HAL_TIMEx_CommutCallback
                0x000000000800792c       0x14 ./Drivers/STM32F3xx_HAL_Driver/Src/stm32f3xx_hal_tim_ex.o
                0x000000000800792c                HAL_TIMEx_CommutCallback
 .text.HAL_TIMEx_BreakCallback
                0x0000000008007940       0x14 ./Drivers/STM32F3xx_HAL_Driver/Src/stm32f3xx_hal_tim_ex.o
                0x0000000008007940                HAL_TIMEx_BreakCallback
 .text.HAL_TIMEx_Break2Callback
                0x0000000008007954       0x14 ./Drivers/STM32F3xx_HAL_Driver/Src/stm32f3xx_hal_tim_ex.o
                0x0000000008007954                HAL_TIMEx_Break2Callback
 .text.HAL_UART_Init
                0x0000000008007968       0x9c ./Drivers/STM32F3xx_HAL_Driver/Src/stm32f3xx_hal_uart.o
                0x0000000008007968                HAL_UART_Init
 .text.HAL_UART_Receive_IT
                0x0000000008007a04       0x9c ./Drivers/STM32F3xx_HAL_Driver/Src/stm32f3xx_hal_uart.o
                0x0000000008007a04                HAL_UART_Receive_IT
 .text.HAL_UART_IRQHandler
                0x0000000008007aa0      0x5bc ./Drivers/STM32F3xx_HAL_Driver/Src/stm32f3xx_hal_uart.o
                0x0000000008007aa0                HAL_UART_IRQHandler
 .text.HAL_UART_TxCpltCallback
                0x000000000800805c       0x14 ./Drivers/STM32F3xx_HAL_Driver/Src/stm32f3xx_hal_uart.o
                0x000000000800805c                HAL_UART_TxCpltCallback
 .text.HAL_UART_ErrorCallback
                0x0000000008008070       0x14 ./Drivers/STM32F3xx_HAL_Driver/Src/stm32f3xx_hal_uart.o
                0x0000000008008070                HAL_UART_ErrorCallback
 .text.HAL_UARTEx_RxEventCallback
                0x0000000008008084       0x18 ./Drivers/STM32F3xx_HAL_Driver/Src/stm32f3xx_hal_uart.o
                0x0000000008008084                HAL_UARTEx_RxEventCallback
 .text.UART_SetConfig
                0x000000000800809c      0x3ac ./Drivers/STM32F3xx_HAL_Driver/Src/stm32f3xx_hal_uart.o
                0x000000000800809c                UART_SetConfig
 .text.UART_AdvFeatureConfig
                0x0000000008008448      0x144 ./Drivers/STM32F3xx_HAL_Driver/Src/stm32f3xx_hal_uart.o
                0x0000000008008448                UART_AdvFeatureConfig
 .text.UART_CheckIdleState
                0x000000000800858c       0x92 ./Drivers/STM32F3xx_HAL_Driver/Src/stm32f3xx_hal_uart.o
                0x000000000800858c                UART_CheckIdleState
 .text.UART_WaitOnFlagUntilTimeout
                0x000000000800861e      0x188 ./Drivers/STM32F3xx_HAL_Driver/Src/stm32f3xx_hal_uart.o
                0x000000000800861e                UART_WaitOnFlagUntilTimeout
 *fill*         0x00000000080087a6        0x2 
 .text.UART_Start_Receive_IT
                0x00000000080087a8      0x158 ./Drivers/STM32F3xx_HAL_Driver/Src/stm32f3xx_hal_uart.o
                0x00000000080087a8                UART_Start_Receive_IT
 .text.UART_EndRxTransfer
                0x0000000008008900       0xc6 ./Drivers/STM32F3xx_HAL_Driver/Src/stm32f3xx_hal_uart.o
 .text.UART_DMAAbortOnError
                0x00000000080089c6       0x2c ./Drivers/STM32F3xx_HAL_Driver/Src/stm32f3xx_hal_uart.o
 .text.UART_EndTransmit_IT
                0x00000000080089f2       0x54 ./Drivers/STM32F3xx_HAL_Driver/Src/stm32f3xx_hal_uart.o
 .text.UART_RxISR_8BIT
                0x0000000008008a46      0x15c ./Drivers/STM32F3xx_HAL_Driver/Src/stm32f3xx_hal_uart.o
 .text.UART_RxISR_16BIT
                0x0000000008008ba2      0x15c ./Drivers/STM32F3xx_HAL_Driver/Src/stm32f3xx_hal_uart.o
 .text.HAL_UARTEx_WakeupCallback
                0x0000000008008cfe       0x14 ./Drivers/STM32F3xx_HAL_Driver/Src/stm32f3xx_hal_uart_ex.o
                0x0000000008008cfe                HAL_UARTEx_WakeupCallback
 *fill*         0x0000000008008d12        0x2 
 .text.__libc_init_array
                0x0000000008008d14       0x48 c:/st/stm32cubeide_1.0.1/stm32cubeide/plugins/com.st.stm32cube.ide.mcu.externaltools.gnu-tools-for-stm32.10.3-2021.10.win32_1.0.0.202111181127/tools/bin/../lib/gcc/arm-none-eabi/10.3.1/../../../../arm-none-eabi/lib/thumb/v7e-m+fp/hard\libc_nano.a(lib_a-init.o)
                0x0000000008008d14                __libc_init_array
 .text.memset   0x0000000008008d5c       0x10 c:/st/stm32cubeide_1.0.1/stm32cubeide/plugins/com.st.stm32cube.ide.mcu.externaltools.gnu-tools-for-stm32.10.3-2021.10.win32_1.0.0.202111181127/tools/bin/../lib/gcc/arm-none-eabi/10.3.1/../../../../arm-none-eabi/lib/thumb/v7e-m+fp/hard\libc_nano.a(lib_a-memset.o)
                0x0000000008008d5c                memset
 *(.glue_7)
 .glue_7        0x0000000008008d6c        0x0 linker stubs
 *(.glue_7t)
 .glue_7t       0x0000000008008d6c        0x0 linker stubs
 *(.eh_frame)
 .eh_frame      0x0000000008008d6c        0x0 c:/st/stm32cubeide_1.0.1/stm32cubeide/plugins/com.st.stm32cube.ide.mcu.externaltools.gnu-tools-for-stm32.10.3-2021.10.win32_1.0.0.202111181127/tools/bin/../lib/gcc/arm-none-eabi/10.3.1/thumb/v7e-m+fp/hard/crtbegin.o
 *(.init)
 .init          0x0000000008008d6c        0x4 c:/st/stm32cubeide_1.0.1/stm32cubeide/plugins/com.st.stm32cube.ide.mcu.externaltools.gnu-tools-for-stm32.10.3-2021.10.win32_1.0.0.202111181127/tools/bin/../lib/gcc/arm-none-eabi/10.3.1/thumb/v7e-m+fp/hard/crti.o
                0x0000000008008d6c                _init
 .init          0x0000000008008d70        0x8 c:/st/stm32cubeide_1.0.1/stm32cubeide/plugins/com.st.stm32cube.ide.mcu.externaltools.gnu-tools-for-stm32.10.3-2021.10.win32_1.0.0.202111181127/tools/bin/../lib/gcc/arm-none-eabi/10.3.1/thumb/v7e-m+fp/hard/crtn.o
 *(.fini)
 .fini          0x0000000008008d78        0x4 c:/st/stm32cubeide_1.0.1/stm32cubeide/plugins/com.st.stm32cube.ide.mcu.externaltools.gnu-tools-for-stm32.10.3-2021.10.win32_1.0.0.202111181127/tools/bin/../lib/gcc/arm-none-eabi/10.3.1/thumb/v7e-m+fp/hard/crti.o
                0x0000000008008d78                _fini
 .fini          0x0000000008008d7c        0x8 c:/st/stm32cubeide_1.0.1/stm32cubeide/plugins/com.st.stm32cube.ide.mcu.externaltools.gnu-tools-for-stm32.10.3-2021.10.win32_1.0.0.202111181127/tools/bin/../lib/gcc/arm-none-eabi/10.3.1/thumb/v7e-m+fp/hard/crtn.o
                0x0000000008008d84                . = ALIGN (0x4)
                0x0000000008008d84                _etext = .

.vfp11_veneer   0x0000000008008d84        0x0
 .vfp11_veneer  0x0000000008008d84        0x0 linker stubs

.v4_bx          0x0000000008008d84        0x0
 .v4_bx         0x0000000008008d84        0x0 linker stubs

.iplt           0x0000000008008d84        0x0
 .iplt          0x0000000008008d84        0x0 c:/st/stm32cubeide_1.0.1/stm32cubeide/plugins/com.st.stm32cube.ide.mcu.externaltools.gnu-tools-for-stm32.10.3-2021.10.win32_1.0.0.202111181127/tools/bin/../lib/gcc/arm-none-eabi/10.3.1/thumb/v7e-m+fp/hard/crtbegin.o

.rodata         0x0000000008008d84       0x50
                0x0000000008008d84                . = ALIGN (0x4)
 *(.rodata)
 .rodata        0x0000000008008d84        0x6 ./Core/Src/main.o
 *(.rodata*)
 *fill*         0x0000000008008d8a        0x2 
 .rodata.FIRMWARE
                0x0000000008008d8c       0x10 ./Core/Src/main.o
                0x0000000008008d8c                FIRMWARE
 .rodata.AHBPrescTable
                0x0000000008008d9c       0x10 ./Core/Src/system_stm32f3xx.o
                0x0000000008008d9c                AHBPrescTable
 .rodata.APBPrescTable
                0x0000000008008dac        0x8 ./Core/Src/system_stm32f3xx.o
                0x0000000008008dac                APBPrescTable
 .rodata.aPLLMULFactorTable
                0x0000000008008db4       0x10 ./Drivers/STM32F3xx_HAL_Driver/Src/stm32f3xx_hal_rcc.o
                0x0000000008008db4                aPLLMULFactorTable
 .rodata.aPredivFactorTable
                0x0000000008008dc4       0x10 ./Drivers/STM32F3xx_HAL_Driver/Src/stm32f3xx_hal_rcc.o
                0x0000000008008dc4                aPredivFactorTable
                0x0000000008008dd4                . = ALIGN (0x4)

.rel.dyn        0x0000000008008dd4        0x0
 .rel.iplt      0x0000000008008dd4        0x0 c:/st/stm32cubeide_1.0.1/stm32cubeide/plugins/com.st.stm32cube.ide.mcu.externaltools.gnu-tools-for-stm32.10.3-2021.10.win32_1.0.0.202111181127/tools/bin/../lib/gcc/arm-none-eabi/10.3.1/thumb/v7e-m+fp/hard/crtbegin.o

.ARM.extab      0x0000000008008dd4        0x0
                0x0000000008008dd4                . = ALIGN (0x4)
 *(.ARM.extab* .gnu.linkonce.armextab.*)
                0x0000000008008dd4                . = ALIGN (0x4)

.ARM            0x0000000008008dd4        0x0
                0x0000000008008dd4                . = ALIGN (0x4)
                0x0000000008008dd4                __exidx_start = .
 *(.ARM.exidx*)
                0x0000000008008dd4                __exidx_end = .
                0x0000000008008dd4                . = ALIGN (0x4)

.preinit_array  0x0000000008008dd4        0x0
                0x0000000008008dd4                . = ALIGN (0x4)
                0x0000000008008dd4                PROVIDE (__preinit_array_start = .)
 *(.preinit_array*)
                0x0000000008008dd4                PROVIDE (__preinit_array_end = .)
                0x0000000008008dd4                . = ALIGN (0x4)

.init_array     0x0000000008008dd4        0x4
                0x0000000008008dd4                . = ALIGN (0x4)
                0x0000000008008dd4                PROVIDE (__init_array_start = .)
 *(SORT_BY_NAME(.init_array.*))
 *(.init_array*)
 .init_array    0x0000000008008dd4        0x4 c:/st/stm32cubeide_1.0.1/stm32cubeide/plugins/com.st.stm32cube.ide.mcu.externaltools.gnu-tools-for-stm32.10.3-2021.10.win32_1.0.0.202111181127/tools/bin/../lib/gcc/arm-none-eabi/10.3.1/thumb/v7e-m+fp/hard/crtbegin.o
                0x0000000008008dd8                PROVIDE (__init_array_end = .)
                0x0000000008008dd8                . = ALIGN (0x4)

.fini_array     0x0000000008008dd8        0x4
                0x0000000008008dd8                . = ALIGN (0x4)
                [!provide]                        PROVIDE (__fini_array_start = .)
 *(SORT_BY_NAME(.fini_array.*))
 *(.fini_array*)
 .fini_array    0x0000000008008dd8        0x4 c:/st/stm32cubeide_1.0.1/stm32cubeide/plugins/com.st.stm32cube.ide.mcu.externaltools.gnu-tools-for-stm32.10.3-2021.10.win32_1.0.0.202111181127/tools/bin/../lib/gcc/arm-none-eabi/10.3.1/thumb/v7e-m+fp/hard/crtbegin.o
                [!provide]                        PROVIDE (__fini_array_end = .)
                0x0000000008008ddc                . = ALIGN (0x4)
                0x0000000008008ddc                _sidata = LOADADDR (.data)

.data           0x0000000020000000        0xc load address 0x0000000008008ddc
                0x0000000020000000                . = ALIGN (0x4)
                0x0000000020000000                _sdata = .
 *(.data)
 *(.data*)
 .data.SystemCoreClock
                0x0000000020000000        0x4 ./Core/Src/system_stm32f3xx.o
                0x0000000020000000                SystemCoreClock
 .data.uwTickPrio
                0x0000000020000004        0x4 ./Drivers/STM32F3xx_HAL_Driver/Src/stm32f3xx_hal.o
                0x0000000020000004                uwTickPrio
 .data.uwTickFreq
                0x0000000020000008        0x1 ./Drivers/STM32F3xx_HAL_Driver/Src/stm32f3xx_hal.o
                0x0000000020000008                uwTickFreq
 *(.RamFunc)
 *(.RamFunc*)
                0x000000002000000c                . = ALIGN (0x4)
 *fill*         0x0000000020000009        0x3 
                0x000000002000000c                _edata = .
                0x0000000008008de8                _siccmram = LOADADDR (.ccmram)

.igot.plt       0x000000002000000c        0x0 load address 0x0000000008008de8
 .igot.plt      0x000000002000000c        0x0 c:/st/stm32cubeide_1.0.1/stm32cubeide/plugins/com.st.stm32cube.ide.mcu.externaltools.gnu-tools-for-stm32.10.3-2021.10.win32_1.0.0.202111181127/tools/bin/../lib/gcc/arm-none-eabi/10.3.1/thumb/v7e-m+fp/hard/crtbegin.o

.ccmram         0x0000000010000000        0x0 load address 0x0000000008008de8
                0x0000000010000000                . = ALIGN (0x4)
                0x0000000010000000                _sccmram = .
 *(.ccmram)
 *(.ccmram*)
                0x0000000010000000                . = ALIGN (0x4)
                0x0000000010000000                _eccmram = .
                0x0000000010000000                . = ALIGN (0x4)

.bss            0x000000002000000c     0x18b0
                0x000000002000000c                _sbss = .
                0x000000002000000c                __bss_start__ = _sbss
 *(.bss)
 .bss           0x000000002000000c       0x1c c:/st/stm32cubeide_1.0.1/stm32cubeide/plugins/com.st.stm32cube.ide.mcu.externaltools.gnu-tools-for-stm32.10.3-2021.10.win32_1.0.0.202111181127/tools/bin/../lib/gcc/arm-none-eabi/10.3.1/thumb/v7e-m+fp/hard/crtbegin.o
 *(.bss*)
 .bss.hadc1     0x0000000020000028       0x50 ./Core/Src/main.o
                0x0000000020000028                hadc1
 .bss.hadc2     0x0000000020000078       0x50 ./Core/Src/main.o
                0x0000000020000078                hadc2
 .bss.hadc3     0x00000000200000c8       0x50 ./Core/Src/main.o
                0x00000000200000c8                hadc3
 .bss.hdma_adc1
                0x0000000020000118       0x44 ./Core/Src/main.o
                0x0000000020000118                hdma_adc1
 .bss.htim1     0x000000002000015c       0x4c ./Core/Src/main.o
                0x000000002000015c                htim1
 .bss.htim3     0x00000000200001a8       0x4c ./Core/Src/main.o
                0x00000000200001a8                htim3
 .bss.huart2    0x00000000200001f4       0x84 ./Core/Src/main.o
                0x00000000200001f4                huart2
 .bss.huart3    0x0000000020000278       0x84 ./Core/Src/main.o
                0x0000000020000278                huart3
 .bss.flag1     0x00000000200002fc        0x1 ./Core/Src/main.o
                0x00000000200002fc                flag1
 *fill*         0x00000000200002fd        0x3 
 .bss.w         0x0000000020000300        0x4 ./Core/Src/main.o
                0x0000000020000300                w
 .bss.w1        0x0000000020000304        0x4 ./Core/Src/main.o
                0x0000000020000304                w1
 .bss.RX        0x0000000020000308       0x14 ./Core/Src/main.o
                0x0000000020000308                RX
 .bss.RXESP01   0x000000002000031c       0x14 ./Core/Src/main.o
                0x000000002000031c                RXESP01
 .bss.TX        0x0000000020000330       0x10 ./Core/Src/main.o
                0x0000000020000330                TX
 .bss.TXESP01   0x0000000020000340       0x10 ./Core/Src/main.o
                0x0000000020000340                TXESP01
 .bss.bufRX     0x0000000020000350      0x100 ./Core/Src/main.o
                0x0000000020000350                bufRX
 .bss.bufRXESP01
                0x0000000020000450      0x100 ./Core/Src/main.o
                0x0000000020000450                bufRXESP01
 .bss.bufTX     0x0000000020000550      0x100 ./Core/Src/main.o
                0x0000000020000550                bufTX
 .bss.bufTXESP01
                0x0000000020000650      0x200 ./Core/Src/main.o
                0x0000000020000650                bufTXESP01
 .bss.ADCData   0x0000000020000850     0x1000 ./Core/Src/main.o
                0x0000000020000850                ADCData
 .bss.indexADCData
                0x0000000020001850        0x1 ./Core/Src/main.o
                0x0000000020001850                indexADCData
 .bss.indexADCData10ms
                0x0000000020001851        0x1 ./Core/Src/main.o
                0x0000000020001851                indexADCData10ms
 .bss.iADCDataReady
                0x0000000020001852        0x1 ./Core/Src/main.o
                0x0000000020001852                iADCDataReady
 *fill*         0x0000000020001853        0x1 
 .bss.ADC3DataAux
                0x0000000020001854        0x2 ./Core/Src/main.o
                0x0000000020001854                ADC3DataAux
 *fill*         0x0000000020001856        0x2 
 .bss.sumADCData10ms
                0x0000000020001858       0x20 ./Core/Src/main.o
                0x0000000020001858                sumADCData10ms
 .bss.sumADCDataLock
                0x0000000020001878       0x20 ./Core/Src/main.o
                0x0000000020001878                sumADCDataLock
 .bss.timeOutAnalog
                0x0000000020001898        0x2 ./Core/Src/main.o
                0x0000000020001898                timeOutAnalog
 .bss.timeOutAnalogAux
                0x000000002000189a        0x2 ./Core/Src/main.o
                0x000000002000189a                timeOutAnalogAux
 .bss.n10msData
                0x000000002000189c        0x1 ./Core/Src/main.o
                0x000000002000189c                n10msData
 .bss.stateSendSamples
                0x000000002000189d        0x1 ./Core/Src/main.o
                0x000000002000189d                stateSendSamples
 *fill*         0x000000002000189e        0x2 
 .bss.maskLedStatus
                0x00000000200018a0        0x4 ./Core/Src/main.o
                0x00000000200018a0                maskLedStatus
 .bss.ledStatus
                0x00000000200018a4        0x4 ./Core/Src/main.o
                0x00000000200018a4                ledStatus
 .bss.lastTickValue
                0x00000000200018a8        0x4 ./Core/Src/main.o
                0x00000000200018a8                lastTickValue
 .bss.timeOut100ms
                0x00000000200018ac        0x1 ./Core/Src/main.o
                0x00000000200018ac                timeOut100ms
 *fill*         0x00000000200018ad        0x1 
 .bss.timeOutTestMotors
                0x00000000200018ae        0x2 ./Core/Src/main.o
                0x00000000200018ae                timeOutTestMotors
 .bss.countPlus
                0x00000000200018b0        0x1 ./Core/Src/main.o
                0x00000000200018b0                countPlus
 .bss.timeOutPlus
                0x00000000200018b1        0x1 ./Core/Src/main.o
                0x00000000200018b1                timeOutPlus
 *fill*         0x00000000200018b2        0x2 
 .bss.HAL_RCC_ADC12_CLK_ENABLED
                0x00000000200018b4        0x4 ./Core/Src/stm32f3xx_hal_msp.o
 .bss.uwTick    0x00000000200018b8        0x4 ./Drivers/STM32F3xx_HAL_Driver/Src/stm32f3xx_hal.o
                0x00000000200018b8                uwTick
 *(COMMON)
                0x00000000200018bc                . = ALIGN (0x4)
                0x00000000200018bc                _ebss = .
                0x00000000200018bc                __bss_end__ = _ebss

._user_heap_stack
                0x00000000200018bc      0x604
                0x00000000200018c0                . = ALIGN (0x8)
 *fill*         0x00000000200018bc        0x4 
                [!provide]                        PROVIDE (end = .)
                0x00000000200018c0                PROVIDE (_end = .)
                0x0000000020001ac0                . = (. + _Min_Heap_Size)
 *fill*         0x00000000200018c0      0x200 
                0x0000000020001ec0                . = (. + _Min_Stack_Size)
 *fill*         0x0000000020001ac0      0x400 
                0x0000000020001ec0                . = ALIGN (0x8)

/DISCARD/
 libc.a(*)
 libm.a(*)
 libgcc.a(*)

.ARM.attributes
                0x0000000000000000       0x30
 *(.ARM.attributes)
 .ARM.attributes
                0x0000000000000000       0x1e c:/st/stm32cubeide_1.0.1/stm32cubeide/plugins/com.st.stm32cube.ide.mcu.externaltools.gnu-tools-for-stm32.10.3-2021.10.win32_1.0.0.202111181127/tools/bin/../lib/gcc/arm-none-eabi/10.3.1/thumb/v7e-m+fp/hard/crti.o
 .ARM.attributes
                0x000000000000001e       0x34 c:/st/stm32cubeide_1.0.1/stm32cubeide/plugins/com.st.stm32cube.ide.mcu.externaltools.gnu-tools-for-stm32.10.3-2021.10.win32_1.0.0.202111181127/tools/bin/../lib/gcc/arm-none-eabi/10.3.1/thumb/v7e-m+fp/hard/crtbegin.o
 .ARM.attributes
                0x0000000000000052       0x34 ./Core/Src/main.o
 .ARM.attributes
                0x0000000000000086       0x34 ./Core/Src/stm32f3xx_hal_msp.o
 .ARM.attributes
                0x00000000000000ba       0x34 ./Core/Src/stm32f3xx_it.o
 .ARM.attributes
                0x00000000000000ee       0x34 ./Core/Src/system_stm32f3xx.o
 .ARM.attributes
                0x0000000000000122       0x21 ./Core/Startup/startup_stm32f303retx.o
 .ARM.attributes
                0x0000000000000143       0x34 ./Drivers/STM32F3xx_HAL_Driver/Src/stm32f3xx_hal.o
 .ARM.attributes
                0x0000000000000177       0x34 ./Drivers/STM32F3xx_HAL_Driver/Src/stm32f3xx_hal_adc.o
 .ARM.attributes
                0x00000000000001ab       0x34 ./Drivers/STM32F3xx_HAL_Driver/Src/stm32f3xx_hal_adc_ex.o
 .ARM.attributes
                0x00000000000001df       0x34 ./Drivers/STM32F3xx_HAL_Driver/Src/stm32f3xx_hal_cortex.o
 .ARM.attributes
                0x0000000000000213       0x34 ./Drivers/STM32F3xx_HAL_Driver/Src/stm32f3xx_hal_dma.o
 .ARM.attributes
                0x0000000000000247       0x34 ./Drivers/STM32F3xx_HAL_Driver/Src/stm32f3xx_hal_gpio.o
 .ARM.attributes
                0x000000000000027b       0x34 ./Drivers/STM32F3xx_HAL_Driver/Src/stm32f3xx_hal_rcc.o
 .ARM.attributes
                0x00000000000002af       0x34 ./Drivers/STM32F3xx_HAL_Driver/Src/stm32f3xx_hal_rcc_ex.o
 .ARM.attributes
                0x00000000000002e3       0x34 ./Drivers/STM32F3xx_HAL_Driver/Src/stm32f3xx_hal_tim.o
 .ARM.attributes
                0x0000000000000317       0x34 ./Drivers/STM32F3xx_HAL_Driver/Src/stm32f3xx_hal_tim_ex.o
 .ARM.attributes
                0x000000000000034b       0x34 ./Drivers/STM32F3xx_HAL_Driver/Src/stm32f3xx_hal_uart.o
 .ARM.attributes
                0x000000000000037f       0x34 ./Drivers/STM32F3xx_HAL_Driver/Src/stm32f3xx_hal_uart_ex.o
 .ARM.attributes
                0x00000000000003b3       0x34 c:/st/stm32cubeide_1.0.1/stm32cubeide/plugins/com.st.stm32cube.ide.mcu.externaltools.gnu-tools-for-stm32.10.3-2021.10.win32_1.0.0.202111181127/tools/bin/../lib/gcc/arm-none-eabi/10.3.1/../../../../arm-none-eabi/lib/thumb/v7e-m+fp/hard\libc_nano.a(lib_a-init.o)
 .ARM.attributes
                0x00000000000003e7       0x34 c:/st/stm32cubeide_1.0.1/stm32cubeide/plugins/com.st.stm32cube.ide.mcu.externaltools.gnu-tools-for-stm32.10.3-2021.10.win32_1.0.0.202111181127/tools/bin/../lib/gcc/arm-none-eabi/10.3.1/../../../../arm-none-eabi/lib/thumb/v7e-m+fp/hard\libc_nano.a(lib_a-memset.o)
 .ARM.attributes
                0x000000000000041b       0x1e c:/st/stm32cubeide_1.0.1/stm32cubeide/plugins/com.st.stm32cube.ide.mcu.externaltools.gnu-tools-for-stm32.10.3-2021.10.win32_1.0.0.202111181127/tools/bin/../lib/gcc/arm-none-eabi/10.3.1/thumb/v7e-m+fp/hard/crtn.o
OUTPUT(WF303RE.elf elf32-littlearm)
LOAD linker stubs
LOAD c:/st/stm32cubeide_1.0.1/stm32cubeide/plugins/com.st.stm32cube.ide.mcu.externaltools.gnu-tools-for-stm32.10.3-2021.10.win32_1.0.0.202111181127/tools/bin/../lib/gcc/arm-none-eabi/10.3.1/../../../../arm-none-eabi/lib/thumb/v7e-m+fp/hard\libc.a
LOAD c:/st/stm32cubeide_1.0.1/stm32cubeide/plugins/com.st.stm32cube.ide.mcu.externaltools.gnu-tools-for-stm32.10.3-2021.10.win32_1.0.0.202111181127/tools/bin/../lib/gcc/arm-none-eabi/10.3.1/../../../../arm-none-eabi/lib/thumb/v7e-m+fp/hard\libm.a
LOAD c:/st/stm32cubeide_1.0.1/stm32cubeide/plugins/com.st.stm32cube.ide.mcu.externaltools.gnu-tools-for-stm32.10.3-2021.10.win32_1.0.0.202111181127/tools/bin/../lib/gcc/arm-none-eabi/10.3.1/thumb/v7e-m+fp/hard\libgcc.a

.debug_info     0x0000000000000000    0x13b9a
 .debug_info    0x0000000000000000     0x24b6 ./Core/Src/main.o
 .debug_info    0x00000000000024b6     0x15ef ./Core/Src/stm32f3xx_hal_msp.o
 .debug_info    0x0000000000003aa5      0xf09 ./Core/Src/stm32f3xx_it.o
 .debug_info    0x00000000000049ae      0x416 ./Core/Src/system_stm32f3xx.o
 .debug_info    0x0000000000004dc4       0x22 ./Core/Startup/startup_stm32f303retx.o
 .debug_info    0x0000000000004de6      0x837 ./Drivers/STM32F3xx_HAL_Driver/Src/stm32f3xx_hal.o
 .debug_info    0x000000000000561d      0xb9e ./Drivers/STM32F3xx_HAL_Driver/Src/stm32f3xx_hal_adc.o
 .debug_info    0x00000000000061bb     0x16b2 ./Drivers/STM32F3xx_HAL_Driver/Src/stm32f3xx_hal_adc_ex.o
 .debug_info    0x000000000000786d      0xdb5 ./Drivers/STM32F3xx_HAL_Driver/Src/stm32f3xx_hal_cortex.o
 .debug_info    0x0000000000008622      0x757 ./Drivers/STM32F3xx_HAL_Driver/Src/stm32f3xx_hal_dma.o
 .debug_info    0x0000000000008d79      0x74e ./Drivers/STM32F3xx_HAL_Driver/Src/stm32f3xx_hal_gpio.o
 .debug_info    0x00000000000094c7     0x1597 ./Drivers/STM32F3xx_HAL_Driver/Src/stm32f3xx_hal_rcc.o
 .debug_info    0x000000000000aa5e      0x67f ./Drivers/STM32F3xx_HAL_Driver/Src/stm32f3xx_hal_rcc_ex.o
 .debug_info    0x000000000000b0dd     0x2ca3 ./Drivers/STM32F3xx_HAL_Driver/Src/stm32f3xx_hal_tim.o
 .debug_info    0x000000000000dd80     0x1679 ./Drivers/STM32F3xx_HAL_Driver/Src/stm32f3xx_hal_tim_ex.o
 .debug_info    0x000000000000f3f9     0x3ad3 ./Drivers/STM32F3xx_HAL_Driver/Src/stm32f3xx_hal_uart.o
 .debug_info    0x0000000000012ecc      0xcce ./Drivers/STM32F3xx_HAL_Driver/Src/stm32f3xx_hal_uart_ex.o

.debug_abbrev   0x0000000000000000     0x253c
 .debug_abbrev  0x0000000000000000      0x3d1 ./Core/Src/main.o
 .debug_abbrev  0x00000000000003d1      0x247 ./Core/Src/stm32f3xx_hal_msp.o
 .debug_abbrev  0x0000000000000618      0x1c4 ./Core/Src/stm32f3xx_it.o
 .debug_abbrev  0x00000000000007dc      0x116 ./Core/Src/system_stm32f3xx.o
 .debug_abbrev  0x00000000000008f2       0x12 ./Core/Startup/startup_stm32f303retx.o
 .debug_abbrev  0x0000000000000904      0x20e ./Drivers/STM32F3xx_HAL_Driver/Src/stm32f3xx_hal.o
 .debug_abbrev  0x0000000000000b12      0x17a ./Drivers/STM32F3xx_HAL_Driver/Src/stm32f3xx_hal_adc.o
 .debug_abbrev  0x0000000000000c8c      0x27a ./Drivers/STM32F3xx_HAL_Driver/Src/stm32f3xx_hal_adc_ex.o
 .debug_abbrev  0x0000000000000f06      0x316 ./Drivers/STM32F3xx_HAL_Driver/Src/stm32f3xx_hal_cortex.o
 .debug_abbrev  0x000000000000121c      0x1fe ./Drivers/STM32F3xx_HAL_Driver/Src/stm32f3xx_hal_dma.o
 .debug_abbrev  0x000000000000141a      0x1bb ./Drivers/STM32F3xx_HAL_Driver/Src/stm32f3xx_hal_gpio.o
 .debug_abbrev  0x00000000000015d5      0x30c ./Drivers/STM32F3xx_HAL_Driver/Src/stm32f3xx_hal_rcc.o
 .debug_abbrev  0x00000000000018e1      0x239 ./Drivers/STM32F3xx_HAL_Driver/Src/stm32f3xx_hal_rcc_ex.o
 .debug_abbrev  0x0000000000001b1a      0x25d ./Drivers/STM32F3xx_HAL_Driver/Src/stm32f3xx_hal_tim.o
 .debug_abbrev  0x0000000000001d77      0x265 ./Drivers/STM32F3xx_HAL_Driver/Src/stm32f3xx_hal_tim_ex.o
 .debug_abbrev  0x0000000000001fdc      0x2bc ./Drivers/STM32F3xx_HAL_Driver/Src/stm32f3xx_hal_uart.o
 .debug_abbrev  0x0000000000002298      0x2a4 ./Drivers/STM32F3xx_HAL_Driver/Src/stm32f3xx_hal_uart_ex.o

.debug_aranges  0x0000000000000000      0xfd0
 .debug_aranges
                0x0000000000000000       0xe0 ./Core/Src/main.o
 .debug_aranges
                0x00000000000000e0       0x68 ./Core/Src/stm32f3xx_hal_msp.o
 .debug_aranges
                0x0000000000000148       0x88 ./Core/Src/stm32f3xx_it.o
 .debug_aranges
                0x00000000000001d0       0x28 ./Core/Src/system_stm32f3xx.o
 .debug_aranges
                0x00000000000001f8       0x28 ./Core/Startup/startup_stm32f303retx.o
 .debug_aranges
                0x0000000000000220       0xe0 ./Drivers/STM32F3xx_HAL_Driver/Src/stm32f3xx_hal.o
 .debug_aranges
                0x0000000000000300       0xc8 ./Drivers/STM32F3xx_HAL_Driver/Src/stm32f3xx_hal_adc.o
 .debug_aranges
                0x00000000000003c8      0x168 ./Drivers/STM32F3xx_HAL_Driver/Src/stm32f3xx_hal_adc_ex.o
 .debug_aranges
                0x0000000000000530      0x118 ./Drivers/STM32F3xx_HAL_Driver/Src/stm32f3xx_hal_cortex.o
 .debug_aranges
                0x0000000000000648       0x88 ./Drivers/STM32F3xx_HAL_Driver/Src/stm32f3xx_hal_dma.o
 .debug_aranges
                0x00000000000006d0       0x58 ./Drivers/STM32F3xx_HAL_Driver/Src/stm32f3xx_hal_gpio.o
 .debug_aranges
                0x0000000000000728       0x88 ./Drivers/STM32F3xx_HAL_Driver/Src/stm32f3xx_hal_rcc.o
 .debug_aranges
                0x00000000000007b0       0x38 ./Drivers/STM32F3xx_HAL_Driver/Src/stm32f3xx_hal_rcc_ex.o
 .debug_aranges
                0x00000000000007e8      0x3e0 ./Drivers/STM32F3xx_HAL_Driver/Src/stm32f3xx_hal_tim.o
 .debug_aranges
                0x0000000000000bc8      0x178 ./Drivers/STM32F3xx_HAL_Driver/Src/stm32f3xx_hal_tim_ex.o
 .debug_aranges
                0x0000000000000d40      0x228 ./Drivers/STM32F3xx_HAL_Driver/Src/stm32f3xx_hal_uart.o
 .debug_aranges
                0x0000000000000f68       0x68 ./Drivers/STM32F3xx_HAL_Driver/Src/stm32f3xx_hal_uart_ex.o

.debug_ranges   0x0000000000000000      0xef8
 .debug_ranges  0x0000000000000000       0xd0 ./Core/Src/main.o
 .debug_ranges  0x00000000000000d0       0x58 ./Core/Src/stm32f3xx_hal_msp.o
 .debug_ranges  0x0000000000000128       0x78 ./Core/Src/stm32f3xx_it.o
 .debug_ranges  0x00000000000001a0       0x18 ./Core/Src/system_stm32f3xx.o
 .debug_ranges  0x00000000000001b8       0x20 ./Core/Startup/startup_stm32f303retx.o
 .debug_ranges  0x00000000000001d8       0xd0 ./Drivers/STM32F3xx_HAL_Driver/Src/stm32f3xx_hal.o
 .debug_ranges  0x00000000000002a8       0xb8 ./Drivers/STM32F3xx_HAL_Driver/Src/stm32f3xx_hal_adc.o
 .debug_ranges  0x0000000000000360      0x158 ./Drivers/STM32F3xx_HAL_Driver/Src/stm32f3xx_hal_adc_ex.o
 .debug_ranges  0x00000000000004b8      0x108 ./Drivers/STM32F3xx_HAL_Driver/Src/stm32f3xx_hal_cortex.o
 .debug_ranges  0x00000000000005c0       0x78 ./Drivers/STM32F3xx_HAL_Driver/Src/stm32f3xx_hal_dma.o
 .debug_ranges  0x0000000000000638       0x48 ./Drivers/STM32F3xx_HAL_Driver/Src/stm32f3xx_hal_gpio.o
 .debug_ranges  0x0000000000000680       0x78 ./Drivers/STM32F3xx_HAL_Driver/Src/stm32f3xx_hal_rcc.o
 .debug_ranges  0x00000000000006f8       0x28 ./Drivers/STM32F3xx_HAL_Driver/Src/stm32f3xx_hal_rcc_ex.o
 .debug_ranges  0x0000000000000720      0x3d0 ./Drivers/STM32F3xx_HAL_Driver/Src/stm32f3xx_hal_tim.o
 .debug_ranges  0x0000000000000af0      0x168 ./Drivers/STM32F3xx_HAL_Driver/Src/stm32f3xx_hal_tim_ex.o
 .debug_ranges  0x0000000000000c58      0x248 ./Drivers/STM32F3xx_HAL_Driver/Src/stm32f3xx_hal_uart.o
 .debug_ranges  0x0000000000000ea0       0x58 ./Drivers/STM32F3xx_HAL_Driver/Src/stm32f3xx_hal_uart_ex.o

.debug_macro    0x0000000000000000    0x20904
 .debug_macro   0x0000000000000000      0x31f ./Core/Src/main.o
 .debug_macro   0x000000000000031f      0x15d ./Core/Src/main.o
 .debug_macro   0x000000000000047c       0x2e ./Core/Src/main.o
 .debug_macro   0x00000000000004aa       0x28 ./Core/Src/main.o
 .debug_macro   0x00000000000004d2       0x1c ./Core/Src/main.o
 .debug_macro   0x00000000000004ee       0x22 ./Core/Src/main.o
 .debug_macro   0x0000000000000510       0xd9 ./Core/Src/main.o
 .debug_macro   0x00000000000005e9     0x102d ./Core/Src/main.o
 .debug_macro   0x0000000000001616      0x11f ./Core/Src/main.o
 .debug_macro   0x0000000000001735    0x1535a ./Core/Src/main.o
 .debug_macro   0x0000000000016a8f       0x6d ./Core/Src/main.o
 .debug_macro   0x0000000000016afc     0x3540 ./Core/Src/main.o
 .debug_macro   0x000000000001a03c      0x174 ./Core/Src/main.o
 .debug_macro   0x000000000001a1b0       0x55 ./Core/Src/main.o
 .debug_macro   0x000000000001a205      0x954 ./Core/Src/main.o
 .debug_macro   0x000000000001ab59      0x84a ./Core/Src/main.o
 .debug_macro   0x000000000001b3a3      0x1b6 ./Core/Src/main.o
 .debug_macro   0x000000000001b559      0x23a ./Core/Src/main.o
 .debug_macro   0x000000000001b793      0x1ea ./Core/Src/main.o
 .debug_macro   0x000000000001b97d      0x1bc ./Core/Src/main.o
 .debug_macro   0x000000000001bb39       0x30 ./Core/Src/main.o
 .debug_macro   0x000000000001bb69       0x3c ./Core/Src/main.o
 .debug_macro   0x000000000001bba5      0x236 ./Core/Src/main.o
 .debug_macro   0x000000000001bddb      0x9fe ./Core/Src/main.o
 .debug_macro   0x000000000001c7d9       0x77 ./Core/Src/main.o
 .debug_macro   0x000000000001c850       0xc5 ./Core/Src/main.o
 .debug_macro   0x000000000001c915      0x21d ./Core/Src/main.o
 .debug_macro   0x000000000001cb32      0x22c ./Core/Src/main.o
 .debug_macro   0x000000000001cd5e       0x5b ./Core/Src/main.o
 .debug_macro   0x000000000001cdb9       0xa5 ./Core/Src/main.o
 .debug_macro   0x000000000001ce5e       0x81 ./Core/Src/main.o
 .debug_macro   0x000000000001cedf       0xd3 ./Core/Src/main.o
 .debug_macro   0x000000000001cfb2      0xa3d ./Core/Src/main.o
 .debug_macro   0x000000000001d9ef       0xbb ./Core/Src/main.o
 .debug_macro   0x000000000001daaa      0x5a5 ./Core/Src/main.o
 .debug_macro   0x000000000001e04f       0x44 ./Core/Src/main.o
 .debug_macro   0x000000000001e093      0x347 ./Core/Src/main.o
 .debug_macro   0x000000000001e3da       0x28 ./Core/Src/main.o
 .debug_macro   0x000000000001e402       0x52 ./Core/Src/main.o
 .debug_macro   0x000000000001e454       0x1e ./Core/Src/main.o
 .debug_macro   0x000000000001e472       0x3c ./Core/Src/main.o
 .debug_macro   0x000000000001e4ae       0x34 ./Core/Src/main.o
 .debug_macro   0x000000000001e4e2       0x16 ./Core/Src/main.o
 .debug_macro   0x000000000001e4f8       0x43 ./Core/Src/main.o
 .debug_macro   0x000000000001e53b       0x34 ./Core/Src/main.o
 .debug_macro   0x000000000001e56f       0x10 ./Core/Src/main.o
 .debug_macro   0x000000000001e57f       0x58 ./Core/Src/main.o
 .debug_macro   0x000000000001e5d7       0x71 ./Core/Src/main.o
 .debug_macro   0x000000000001e648       0x1c ./Core/Src/main.o
 .debug_macro   0x000000000001e664      0x12a ./Core/Src/main.o
 .debug_macro   0x000000000001e78e      0x341 ./Core/Src/main.o
 .debug_macro   0x000000000001eacf       0x10 ./Core/Src/main.o
 .debug_macro   0x000000000001eadf       0x35 ./Core/Src/main.o
 .debug_macro   0x000000000001eb14       0x20 ./Core/Src/main.o
 .debug_macro   0x000000000001eb34      0x1ff ./Core/Src/stm32f3xx_hal_msp.o
 .debug_macro   0x000000000001ed33      0x209 ./Core/Src/stm32f3xx_it.o
 .debug_macro   0x000000000001ef3c      0x1f0 ./Core/Src/system_stm32f3xx.o
 .debug_macro   0x000000000001f12c      0x214 ./Drivers/STM32F3xx_HAL_Driver/Src/stm32f3xx_hal.o
 .debug_macro   0x000000000001f340      0x1f1 ./Drivers/STM32F3xx_HAL_Driver/Src/stm32f3xx_hal_adc.o
 .debug_macro   0x000000000001f531      0x21a ./Drivers/STM32F3xx_HAL_Driver/Src/stm32f3xx_hal_adc_ex.o
 .debug_macro   0x000000000001f74b      0x1f0 ./Drivers/STM32F3xx_HAL_Driver/Src/stm32f3xx_hal_cortex.o
 .debug_macro   0x000000000001f93b      0x1f0 ./Drivers/STM32F3xx_HAL_Driver/Src/stm32f3xx_hal_dma.o
 .debug_macro   0x000000000001fb2b      0x1f7 ./Drivers/STM32F3xx_HAL_Driver/Src/stm32f3xx_hal_gpio.o
 .debug_macro   0x000000000001fd22      0x214 ./Drivers/STM32F3xx_HAL_Driver/Src/stm32f3xx_hal_rcc.o
 .debug_macro   0x000000000001ff36      0x1f0 ./Drivers/STM32F3xx_HAL_Driver/Src/stm32f3xx_hal_rcc_ex.o
 .debug_macro   0x0000000000020126      0x1f1 ./Drivers/STM32F3xx_HAL_Driver/Src/stm32f3xx_hal_tim.o
 .debug_macro   0x0000000000020317      0x1f0 ./Drivers/STM32F3xx_HAL_Driver/Src/stm32f3xx_hal_tim_ex.o
 .debug_macro   0x0000000000020507      0x20d ./Drivers/STM32F3xx_HAL_Driver/Src/stm32f3xx_hal_uart.o
 .debug_macro   0x0000000000020714      0x1f0 ./Drivers/STM32F3xx_HAL_Driver/Src/stm32f3xx_hal_uart_ex.o

.debug_line     0x0000000000000000    0x147f6
 .debug_line    0x0000000000000000     0x173c ./Core/Src/main.o
 .debug_line    0x000000000000173c      0x944 ./Core/Src/stm32f3xx_hal_msp.o
 .debug_line    0x0000000000002080      0x84e ./Core/Src/stm32f3xx_it.o
 .debug_line    0x00000000000028ce      0x78f ./Core/Src/system_stm32f3xx.o
 .debug_line    0x000000000000305d       0x88 ./Core/Startup/startup_stm32f303retx.o
 .debug_line    0x00000000000030e5      0x9bf ./Drivers/STM32F3xx_HAL_Driver/Src/stm32f3xx_hal.o
 .debug_line    0x0000000000003aa4      0x903 ./Drivers/STM32F3xx_HAL_Driver/Src/stm32f3xx_hal_adc.o
 .debug_line    0x00000000000043a7     0x2799 ./Drivers/STM32F3xx_HAL_Driver/Src/stm32f3xx_hal_adc_ex.o
 .debug_line    0x0000000000006b40      0xc84 ./Drivers/STM32F3xx_HAL_Driver/Src/stm32f3xx_hal_cortex.o
 .debug_line    0x00000000000077c4      0xcd1 ./Drivers/STM32F3xx_HAL_Driver/Src/stm32f3xx_hal_dma.o
 .debug_line    0x0000000000008495      0xb48 ./Drivers/STM32F3xx_HAL_Driver/Src/stm32f3xx_hal_gpio.o
 .debug_line    0x0000000000008fdd     0x13b4 ./Drivers/STM32F3xx_HAL_Driver/Src/stm32f3xx_hal_rcc.o
 .debug_line    0x000000000000a391      0xedb ./Drivers/STM32F3xx_HAL_Driver/Src/stm32f3xx_hal_rcc_ex.o
 .debug_line    0x000000000000b26c     0x3ddf ./Drivers/STM32F3xx_HAL_Driver/Src/stm32f3xx_hal_tim.o
 .debug_line    0x000000000000f04b     0x1ae4 ./Drivers/STM32F3xx_HAL_Driver/Src/stm32f3xx_hal_tim_ex.o
 .debug_line    0x0000000000010b2f     0x3151 ./Drivers/STM32F3xx_HAL_Driver/Src/stm32f3xx_hal_uart.o
 .debug_line    0x0000000000013c80      0xb76 ./Drivers/STM32F3xx_HAL_Driver/Src/stm32f3xx_hal_uart_ex.o

.debug_str      0x0000000000000000    0xd262a
 .debug_str     0x0000000000000000    0xcf10a ./Core/Src/main.o
                                      0xcfaab (size before relaxing)
 .debug_str     0x00000000000cf10a      0x135 ./Core/Src/stm32f3xx_hal_msp.o
                                      0xcc282 (size before relaxing)
 .debug_str     0x00000000000cf23f      0x163 ./Core/Src/stm32f3xx_it.o
                                      0xcbcdf (size before relaxing)
 .debug_str     0x00000000000cf3a2       0xdf ./Core/Src/system_stm32f3xx.o
                                      0xcb287 (size before relaxing)
 .debug_str     0x00000000000cf481       0x36 ./Core/Startup/startup_stm32f303retx.o
                                         0x56 (size before relaxing)
 .debug_str     0x00000000000cf4b7      0x395 ./Drivers/STM32F3xx_HAL_Driver/Src/stm32f3xx_hal.o
                                      0xcbb30 (size before relaxing)
 .debug_str     0x00000000000cf84c      0x1ab ./Drivers/STM32F3xx_HAL_Driver/Src/stm32f3xx_hal_adc.o
                                      0xcb874 (size before relaxing)
 .debug_str     0x00000000000cf9f7      0x69b ./Drivers/STM32F3xx_HAL_Driver/Src/stm32f3xx_hal_adc_ex.o
                                      0xcbf7d (size before relaxing)
 .debug_str     0x00000000000d0092      0x316 ./Drivers/STM32F3xx_HAL_Driver/Src/stm32f3xx_hal_cortex.o
                                      0xcbb82 (size before relaxing)
 .debug_str     0x00000000000d03a8      0x1fa ./Drivers/STM32F3xx_HAL_Driver/Src/stm32f3xx_hal_dma.o
                                      0xcb5cf (size before relaxing)
 .debug_str     0x00000000000d05a2      0x15d ./Drivers/STM32F3xx_HAL_Driver/Src/stm32f3xx_hal_gpio.o
                                      0xcb46c (size before relaxing)
 .debug_str     0x00000000000d06ff      0x2dd ./Drivers/STM32F3xx_HAL_Driver/Src/stm32f3xx_hal_rcc.o
                                      0xcb72b (size before relaxing)
 .debug_str     0x00000000000d09dc       0xbe ./Drivers/STM32F3xx_HAL_Driver/Src/stm32f3xx_hal_rcc_ex.o
                                      0xcb575 (size before relaxing)
 .debug_str     0x00000000000d0a9a      0xcec ./Drivers/STM32F3xx_HAL_Driver/Src/stm32f3xx_hal_tim.o
                                      0xcc6ae (size before relaxing)
 .debug_str     0x00000000000d1786      0x4dc ./Drivers/STM32F3xx_HAL_Driver/Src/stm32f3xx_hal_tim_ex.o
                                      0xcbf04 (size before relaxing)
 .debug_str     0x00000000000d1c62      0x82a ./Drivers/STM32F3xx_HAL_Driver/Src/stm32f3xx_hal_uart.o
                                      0xcbf82 (size before relaxing)
 .debug_str     0x00000000000d248c      0x19e ./Drivers/STM32F3xx_HAL_Driver/Src/stm32f3xx_hal_uart_ex.o
                                      0xcb86d (size before relaxing)

.comment        0x0000000000000000       0x50
 .comment       0x0000000000000000       0x50 ./Core/Src/main.o
                                         0x51 (size before relaxing)
 .comment       0x0000000000000050       0x51 ./Core/Src/stm32f3xx_hal_msp.o
 .comment       0x0000000000000050       0x51 ./Core/Src/stm32f3xx_it.o
 .comment       0x0000000000000050       0x51 ./Core/Src/system_stm32f3xx.o
 .comment       0x0000000000000050       0x51 ./Drivers/STM32F3xx_HAL_Driver/Src/stm32f3xx_hal.o
 .comment       0x0000000000000050       0x51 ./Drivers/STM32F3xx_HAL_Driver/Src/stm32f3xx_hal_adc.o
 .comment       0x0000000000000050       0x51 ./Drivers/STM32F3xx_HAL_Driver/Src/stm32f3xx_hal_adc_ex.o
 .comment       0x0000000000000050       0x51 ./Drivers/STM32F3xx_HAL_Driver/Src/stm32f3xx_hal_cortex.o
 .comment       0x0000000000000050       0x51 ./Drivers/STM32F3xx_HAL_Driver/Src/stm32f3xx_hal_dma.o
 .comment       0x0000000000000050       0x51 ./Drivers/STM32F3xx_HAL_Driver/Src/stm32f3xx_hal_gpio.o
 .comment       0x0000000000000050       0x51 ./Drivers/STM32F3xx_HAL_Driver/Src/stm32f3xx_hal_rcc.o
 .comment       0x0000000000000050       0x51 ./Drivers/STM32F3xx_HAL_Driver/Src/stm32f3xx_hal_rcc_ex.o
 .comment       0x0000000000000050       0x51 ./Drivers/STM32F3xx_HAL_Driver/Src/stm32f3xx_hal_tim.o
 .comment       0x0000000000000050       0x51 ./Drivers/STM32F3xx_HAL_Driver/Src/stm32f3xx_hal_tim_ex.o
 .comment       0x0000000000000050       0x51 ./Drivers/STM32F3xx_HAL_Driver/Src/stm32f3xx_hal_uart.o
 .comment       0x0000000000000050       0x51 ./Drivers/STM32F3xx_HAL_Driver/Src/stm32f3xx_hal_uart_ex.o

.debug_frame    0x0000000000000000     0x4330
 .debug_frame   0x0000000000000000      0x394 ./Core/Src/main.o
 .debug_frame   0x0000000000000394      0x184 ./Core/Src/stm32f3xx_hal_msp.o
 .debug_frame   0x0000000000000518      0x190 ./Core/Src/stm32f3xx_it.o
 .debug_frame   0x00000000000006a8       0x58 ./Core/Src/system_stm32f3xx.o
 .debug_frame   0x0000000000000700      0x334 ./Drivers/STM32F3xx_HAL_Driver/Src/stm32f3xx_hal.o
 .debug_frame   0x0000000000000a34      0x380 ./Drivers/STM32F3xx_HAL_Driver/Src/stm32f3xx_hal_adc.o
 .debug_frame   0x0000000000000db4      0x644 ./Drivers/STM32F3xx_HAL_Driver/Src/stm32f3xx_hal_adc_ex.o
 .debug_frame   0x00000000000013f8      0x498 ./Drivers/STM32F3xx_HAL_Driver/Src/stm32f3xx_hal_cortex.o
 .debug_frame   0x0000000000001890      0x224 ./Drivers/STM32F3xx_HAL_Driver/Src/stm32f3xx_hal_dma.o
 .debug_frame   0x0000000000001ab4      0x14c ./Drivers/STM32F3xx_HAL_Driver/Src/stm32f3xx_hal_gpio.o
 .debug_frame   0x0000000000001c00      0x214 ./Drivers/STM32F3xx_HAL_Driver/Src/stm32f3xx_hal_rcc.o
 .debug_frame   0x0000000000001e14       0xb4 ./Drivers/STM32F3xx_HAL_Driver/Src/stm32f3xx_hal_rcc_ex.o
 .debug_frame   0x0000000000001ec8     0x121c ./Drivers/STM32F3xx_HAL_Driver/Src/stm32f3xx_hal_tim.o
 .debug_frame   0x00000000000030e4      0x688 ./Drivers/STM32F3xx_HAL_Driver/Src/stm32f3xx_hal_tim_ex.o
 .debug_frame   0x000000000000376c      0x9e8 ./Drivers/STM32F3xx_HAL_Driver/Src/stm32f3xx_hal_uart.o
 .debug_frame   0x0000000000004154      0x190 ./Drivers/STM32F3xx_HAL_Driver/Src/stm32f3xx_hal_uart_ex.o
 .debug_frame   0x00000000000042e4       0x2c c:/st/stm32cubeide_1.0.1/stm32cubeide/plugins/com.st.stm32cube.ide.mcu.externaltools.gnu-tools-for-stm32.10.3-2021.10.win32_1.0.0.202111181127/tools/bin/../lib/gcc/arm-none-eabi/10.3.1/../../../../arm-none-eabi/lib/thumb/v7e-m+fp/hard\libc_nano.a(lib_a-init.o)
 .debug_frame   0x0000000000004310       0x20 c:/st/stm32cubeide_1.0.1/stm32cubeide/plugins/com.st.stm32cube.ide.mcu.externaltools.gnu-tools-for-stm32.10.3-2021.10.win32_1.0.0.202111181127/tools/bin/../lib/gcc/arm-none-eabi/10.3.1/../../../../arm-none-eabi/lib/thumb/v7e-m+fp/hard\libc_nano.a(lib_a-memset.o)
