../Core/Src/ESP01.c:96:6:ESP01Init	16	static
../Core/Src/ESP01.c:101:9:ESP01SetWIFI	16	static
../Core/Src/ESP01.c:111:9:ESP01ConnectUDP	32	static
../Core/Src/ESP01.c:158:6:ESP01SetRxByte	16	static
../Core/Src/ESP01.c:164:9:ESP01HasByteToTx	4	static
../Core/Src/ESP01.c:173:9:ESP01GetTxByte	16	static
../Core/Src/ESP01.c:184:9:ESP01SendUDPData	24	static
../Core/Src/ESP01.c:228:6:ESP01Task	8	static
../Core/Src/ESP01.c:240:6:ESP01TimeOut10ms	4	static
../Core/Src/ESP01.c:255:6:ESP01AttachOnWIFIConnected	16	static
../Core/Src/ESP01.c:259:6:ESP01AttachOnWIFIDisconnected	16	static
../Core/Src/ESP01.c:263:6:ESP01AttachOnUDPReady	16	static
../Core/Src/ESP01.c:267:12:ESP01GetLastSTATE	4	static
../Core/Src/ESP01.c:272:13:ESP01PutAT	24	static
../Core/Src/ESP01.c:282:13:ESP01PutByteOnTx	16	static
../Core/Src/ESP01.c:288:13:ESP01DoWifi	8	static
../Core/Src/ESP01.c:396:16:CmpResponse	24	static
../Core/Src/ESP01.c:409:13:ESP01DecodeAT	16	static
