../Core/Src/ESP01.c:97:6:ESP01Init	16	static
../Core/Src/ESP01.c:110:9:ESP01SetWIFI	16	static
../Core/Src/ESP01.c:120:9:ESP01ConnectUDP	32	static
../Core/Src/ESP01.c:170:6:ESP01SetRxByte	16	static
../Core/Src/ESP01.c:177:9:ESP01GetTxByte	16	static
../Core/Src/ESP01.c:194:9:ESP01SendUDPData	24	static
../Core/Src/ESP01.c:238:6:ESP01Task	8	static
../Core/Src/ESP01.c:250:6:ESP01TimeOut10ms	8	static
../Core/Src/ESP01.c:290:6:ESP01AttachOnWIFIConnected	16	static
../Core/Src/ESP01.c:294:6:ESP01AttachOnWIFIDisconnected	16	static
../Core/Src/ESP01.c:298:6:ESP01AttachOnUDPReady	16	static
../Core/Src/ESP01.c:302:12:ESP01GetLastSTATE	4	static
../Core/Src/ESP01.c:307:13:ESP01PutAT	24	static
../Core/Src/ESP01.c:317:13:ESP01PutByteOnTx	16	static
../Core/Src/ESP01.c:323:13:ESP01DoWifi	8	static
../Core/Src/ESP01.c:432:16:CmpResponse	24	static
../Core/Src/ESP01.c:446:13:ESP01DecodeAT	16	static
