../Core/Inc/utils.h:78:13:IntToStr	32	static
../Core/Src/main.c:140:6:HAL_ADC_ConvCpltCallback	24	static
../Core/Src/main.c:168:6:HAL_TIM_PeriodElapsedCallback	16	static
../Core/Src/main.c:194:6:HAL_UART_RxCpltCallback	16	static
../Core/Src/main.c:229:6:DecodeHeader	24	static
../Core/Src/main.c:304:9:PutBufOnTx	32	static
../Core/Src/main.c:316:9:PutByteOnTx	16	static
../Core/Src/main.c:324:9:PutHeaderOnTx	16	static
../Core/Src/main.c:362:9:PutStrOntx	24	static
../Core/Src/main.c:375:9:GetByteFromRx	24	static
../Core/Src/main.c:387:6:GetBufFromRx	32	static
../Core/Src/main.c:395:6:DecodeCmd	16	static
../Core/Src/main.c:605:6:Do100ms	8	static
../Core/Src/main.c:642:6:ChangeLedStatus	16	static
../Core/Src/main.c:649:6:ESP01ChEN	16	static
../Core/Src/main.c:653:6:ESP01DatagramReady	24	static
../Core/Src/main.c:658:6:ESP01WIFIConnected	8	static
../Core/Src/main.c:663:6:ESP01WIFIDisconnected	8	static
../Core/Src/main.c:668:6:ESP01UDPReady	8	static
../Core/Src/main.c:680:5:main	8	static
../Core/Src/main.c:896:6:SystemClock_Config	160	static
../Core/Src/main.c:950:13:MX_ADC1_Init	48	static
../Core/Src/main.c:1045:13:MX_ADC2_Init	32	static
../Core/Src/main.c:1127:13:MX_ADC3_Init	48	static
../Core/Src/main.c:1193:13:MX_TIM1_Init	40	static
../Core/Src/main.c:1240:13:MX_TIM3_Init	48	static
../Core/Src/main.c:1301:13:MX_USART2_UART_Init	8	static
../Core/Src/main.c:1336:13:MX_USART3_UART_Init	8	static
../Core/Src/main.c:1369:13:MX_DMA_Init	16	static
../Core/Src/main.c:1387:13:MX_GPIO_Init	48	static
../Core/Src/main.c:1441:6:Error_Handler	4	static,ignoring_inline_asm
