../Core/Inc/utils.h:78:13:IntToStr	32	static
../Core/Src/main.c:126:6:HAL_ADC_ConvCpltCallback	24	static
../Core/Src/main.c:154:6:HAL_TIM_PeriodElapsedCallback	16	static
../Core/Src/main.c:180:6:HAL_UART_RxCpltCallback	16	static
../Core/Src/main.c:213:6:DecodeHeader	24	static
../Core/Src/main.c:288:9:PutBufOnTx	32	static
../Core/Src/main.c:300:9:PutByteOnTx	16	static
../Core/Src/main.c:308:9:PutHeaderOnTx	16	static
../Core/Src/main.c:346:9:PutStrOntx	24	static
../Core/Src/main.c:359:9:GetByteFromRx	24	static
../Core/Src/main.c:371:6:GetBufFromRx	32	static
../Core/Src/main.c:379:6:DecodeCmd	16	static
../Core/Src/main.c:542:6:Do100ms	8	static
../Core/Src/main.c:572:5:main	8	static
../Core/Src/main.c:754:6:SystemClock_Config	160	static
../Core/Src/main.c:808:13:MX_ADC1_Init	48	static
../Core/Src/main.c:903:13:MX_ADC2_Init	32	static
../Core/Src/main.c:985:13:MX_ADC3_Init	48	static
../Core/Src/main.c:1051:13:MX_TIM1_Init	40	static
../Core/Src/main.c:1098:13:MX_TIM3_Init	48	static
../Core/Src/main.c:1159:13:MX_USART2_UART_Init	8	static
../Core/Src/main.c:1194:13:MX_USART3_UART_Init	8	static
../Core/Src/main.c:1227:13:MX_DMA_Init	16	static
../Core/Src/main.c:1245:13:MX_GPIO_Init	48	static
../Core/Src/main.c:1299:6:Error_Handler	4	static,ignoring_inline_asm
