../Core/Inc/utils.h:78:13:IntToStr	32	static
../Core/Src/main.c:138:6:HAL_ADC_ConvCpltCallback	24	static
../Core/Src/main.c:166:6:HAL_TIM_PeriodElapsedCallback	16	static
../Core/Src/main.c:192:6:HAL_UART_RxCpltCallback	16	static
../Core/Src/main.c:227:6:DecodeHeader	24	static
../Core/Src/main.c:302:9:PutBufOnTx	32	static
../Core/Src/main.c:314:9:PutByteOnTx	16	static
../Core/Src/main.c:322:9:PutHeaderOnTx	16	static
../Core/Src/main.c:360:9:PutStrOntx	24	static
../Core/Src/main.c:373:9:GetByteFromRx	24	static
../Core/Src/main.c:385:6:GetBufFromRx	32	static
../Core/Src/main.c:393:6:DecodeCmd	16	static
../Core/Src/main.c:603:6:Do100ms	8	static
../Core/Src/main.c:641:6:ESP01ChEN	16	static
../Core/Src/main.c:645:6:ESP01DatagramReady	24	static
../Core/Src/main.c:650:6:ESP01WIFIConnected	8	static
../Core/Src/main.c:654:6:ESP01WIFIDisconnected	8	static
../Core/Src/main.c:658:6:ESP01UDPReady	8	static
../Core/Src/main.c:669:5:main	8	static
../Core/Src/main.c:883:6:SystemClock_Config	160	static
../Core/Src/main.c:937:13:MX_ADC1_Init	48	static
../Core/Src/main.c:1032:13:MX_ADC2_Init	32	static
../Core/Src/main.c:1114:13:MX_ADC3_Init	48	static
../Core/Src/main.c:1180:13:MX_TIM1_Init	40	static
../Core/Src/main.c:1227:13:MX_TIM3_Init	48	static
../Core/Src/main.c:1288:13:MX_USART2_UART_Init	8	static
../Core/Src/main.c:1323:13:MX_USART3_UART_Init	8	static
../Core/Src/main.c:1356:13:MX_DMA_Init	16	static
../Core/Src/main.c:1374:13:MX_GPIO_Init	48	static
../Core/Src/main.c:1428:6:Error_Handler	4	static,ignoring_inline_asm
